E:/__LAPTOP_DATA/_Integrated/EI_FINAL_Tested_10Peers_30-3-24_Medha_Siemens_Vali/EI_1/Middlewares/Third_Party/LwIP/src/core/memp.c:359:1:do_memp_free_pool	16	static
E:/__LAPTOP_DATA/_Integrated/EI_FINAL_Tested_10Peers_30-3-24_Medha_Siemens_Vali/EI_1/Middlewares/Third_Party/LwIP/src/core/memp.c:245:1:do_memp_malloc_pool.isra	8	static
E:/__LAPTOP_DATA/_Integrated/EI_FINAL_Tested_10Peers_30-3-24_Medha_Siemens_Vali/EI_1/Middlewares/Third_Party/LwIP/src/core/memp.c:175:1:memp_init_pool	12	static
E:/__LAPTOP_DATA/_Integrated/EI_FINAL_Tested_10Peers_30-3-24_Medha_Siemens_Vali/EI_1/Middlewares/Third_Party/LwIP/src/core/memp.c:224:1:memp_init	8	static
E:/__LAPTOP_DATA/_Integrated/EI_FINAL_Tested_10Peers_30-3-24_Medha_Siemens_Vali/EI_1/Middlewares/Third_Party/LwIP/src/core/memp.c:311:1:memp_malloc_pool	8	static
E:/__LAPTOP_DATA/_Integrated/EI_FINAL_Tested_10Peers_30-3-24_Medha_Siemens_Vali/EI_1/Middlewares/Third_Party/LwIP/src/core/memp.c:337:1:memp_malloc	8	static
E:/__LAPTOP_DATA/_Integrated/EI_FINAL_Tested_10Peers_30-3-24_Medha_Siemens_Vali/EI_1/Middlewares/Third_Party/LwIP/src/core/memp.c:403:1:memp_free_pool	0	static
E:/__LAPTOP_DATA/_Integrated/EI_FINAL_Tested_10Peers_30-3-24_Medha_Siemens_Vali/EI_1/Middlewares/Third_Party/LwIP/src/core/memp.c:420:1:memp_free	0	static
