D:/_ei/EI_FINAL_Tested_10Peers_17-06-24_SeqMod_Diagnosis_NO_CAN/EI_1/Core/Src/Config.c:29:6:Update_HitachiCommands	24	static
D:/_ei/EI_FINAL_Tested_10Peers_17-06-24_SeqMod_Diagnosis_NO_CAN/EI_1/Core/Src/Config.c:61:1:__io_putchar	16	static
D:/_ei/EI_FINAL_Tested_10Peers_17-06-24_SeqMod_Diagnosis_NO_CAN/EI_1/Core/Src/Config.c:71:6:Get_Slot	16	static
D:/_ei/EI_FINAL_Tested_10Peers_17-06-24_SeqMod_Diagnosis_NO_CAN/EI_1/Core/Src/Config.c:86:6:Check_for_cmd	112	static
D:/_ei/EI_FINAL_Tested_10Peers_17-06-24_SeqMod_Diagnosis_NO_CAN/EI_1/Core/Src/Config.c:321:9:Is_Command_Valid	32	static
D:/_ei/EI_FINAL_Tested_10Peers_17-06-24_SeqMod_Diagnosis_NO_CAN/EI_1/Core/Src/Config.c:334:6:PrintCmdList	16	static
D:/_ei/EI_FINAL_Tested_10Peers_17-06-24_SeqMod_Diagnosis_NO_CAN/EI_1/Core/Src/Config.c:343:6:CheckEIPC_DAT_CRC	8	static
