D:/_ei/EI_FINAL_Tested_10Peers_17-06-24_SeqMod_Diagnosis_NO_CAN/EI_1/Core/Src/usart.c:46:6:MX_UART4_Init	8	static
D:/_ei/EI_FINAL_Tested_10Peers_17-06-24_SeqMod_Diagnosis_NO_CAN/EI_1/Core/Src/usart.c:76:6:MX_UART5_Init	8	static
D:/_ei/EI_FINAL_Tested_10Peers_17-06-24_SeqMod_Diagnosis_NO_CAN/EI_1/Core/Src/usart.c:106:6:MX_UART7_Init	8	static
D:/_ei/EI_FINAL_Tested_10Peers_17-06-24_SeqMod_Diagnosis_NO_CAN/EI_1/Core/Src/usart.c:137:6:MX_USART1_UART_Init	8	static
D:/_ei/EI_FINAL_Tested_10Peers_17-06-24_SeqMod_Diagnosis_NO_CAN/EI_1/Core/Src/usart.c:167:6:HAL_UART_MspInit	216	static
D:/_ei/EI_FINAL_Tested_10Peers_17-06-24_SeqMod_Diagnosis_NO_CAN/EI_1/Core/Src/usart.c:330:6:HAL_UART_MspDeInit	16	static
D:/_ei/EI_FINAL_Tested_10Peers_17-06-24_SeqMod_Diagnosis_NO_CAN/EI_1/Core/Src/usart.c:419:6:UART4_Init	16	static
D:/_ei/EI_FINAL_Tested_10Peers_17-06-24_SeqMod_Diagnosis_NO_CAN/EI_1/Core/Src/usart.c:450:6:HAL_UARTEx_RxEventCallback	24	static
D:/_ei/EI_FINAL_Tested_10Peers_17-06-24_SeqMod_Diagnosis_NO_CAN/EI_1/Core/Src/usart.c:514:9:Com_DataReady	24	static
D:/_ei/EI_FINAL_Tested_10Peers_17-06-24_SeqMod_Diagnosis_NO_CAN/EI_1/Core/Src/usart.c:535:9:Com_Get_Byte	32	static
D:/_ei/EI_FINAL_Tested_10Peers_17-06-24_SeqMod_Diagnosis_NO_CAN/EI_1/Core/Src/usart.c:560:6:CommTransmitMessage	24	static
D:/_ei/EI_FINAL_Tested_10Peers_17-06-24_SeqMod_Diagnosis_NO_CAN/EI_1/Core/Src/usart.c:588:6:Com_SendByte	24	static
D:/_ei/EI_FINAL_Tested_10Peers_17-06-24_SeqMod_Diagnosis_NO_CAN/EI_1/Core/Src/usart.c:612:6:Enable_UART_Interrupts	8	static
