18:18:03 **** Incremental Build of configuration Release for project EI_2 ****
make -j4 all 
del_hex.bat
Current Folder: EI_2
Deleting EI_2.hex
 
arm-none-eabi-gcc "E:/__LAPTOP_DATA/_Integrated/EI_FINAL_Tested_10Peers_30-3-24_Medha_Siemens/EI_1/Core/Src/Siemens.c" -mcpu=cortex-m7 -std=gnu11 -DUSE_HAL_DRIVER -DSTM32F769xx -DSTM_32=1 -DEI_2=1 -c -I../../EI_1/Core/Inc -I../../EI_1/LWIP/App -I../../EI_1/LWIP/Target -I../../EI_1/Middlewares/Third_Party/LwIP/src/include -I../../EI_1/Middlewares/Third_Party/LwIP/system -I../../EI_1/Drivers/STM32F7xx_HAL_Driver/Inc -I../../EI_1/Drivers/STM32F7xx_HAL_Driver/Inc/Legacy -I../../EI_1/Drivers/BSP/Components/dp83848 -I../../EI_1/Middlewares/Third_Party/LwIP/src/include/netif/ppp -I../../EI_1/Drivers/CMSIS/Device/ST/STM32F7xx/Include -I../../EI_1/Middlewares/Third_Party/LwIP/src/include/lwip -I../../EI_1/Middlewares/Third_Party/LwIP/src/include/lwip/apps -I../../EI_1/Middlewares/Third_Party/LwIP/src/include/lwip/priv -I../../EI_1/Middlewares/Third_Party/LwIP/src/include/lwip/prot -I../../EI_1/Middlewares/Third_Party/LwIP/src/include/netif -I../../EI_1/Middlewares/Third_Party/LwIP/src/include/compat/posix -I../../EI_1/Middlewares/Third_Party/LwIP/src/include/compat/posix/arpa -I../../EI_1/Middlewares/Third_Party/LwIP/src/include/compat/posix/net -I../../EI_1/Middlewares/Third_Party/LwIP/src/include/compat/posix/sys -I../../EI_1/Middlewares/Third_Party/LwIP/src/include/compat/stdc -I../../EI_1/Middlewares/Third_Party/LwIP/system/arch -I../../EI_1/Drivers/CMSIS/Include -Os -ffunction-sections -fdata-sections -Wall -fstack-usage -MMD -MP -MF"Core/Src/Siemens.d" -MT"Core/Src/Siemens.o" --specs=nano.specs -mfpu=fpv5-d16 -mfloat-abi=hard -mthumb -o "Core/Src/Siemens.o"
arm-none-eabi-gcc "E:/__LAPTOP_DATA/_Integrated/EI_FINAL_Tested_10Peers_30-3-24_Medha_Siemens/EI_1/Core/Src/can.c" -mcpu=cortex-m7 -std=gnu11 -DUSE_HAL_DRIVER -DSTM32F769xx -DSTM_32=1 -DEI_2=1 -c -I../../EI_1/Core/Inc -I../../EI_1/LWIP/App -I../../EI_1/LWIP/Target -I../../EI_1/Middlewares/Third_Party/LwIP/src/include -I../../EI_1/Middlewares/Third_Party/LwIP/system -I../../EI_1/Drivers/STM32F7xx_HAL_Driver/Inc -I../../EI_1/Drivers/STM32F7xx_HAL_Driver/Inc/Legacy -I../../EI_1/Drivers/BSP/Components/dp83848 -I../../EI_1/Middlewares/Third_Party/LwIP/src/include/netif/ppp -I../../EI_1/Drivers/CMSIS/Device/ST/STM32F7xx/Include -I../../EI_1/Middlewares/Third_Party/LwIP/src/include/lwip -I../../EI_1/Middlewares/Third_Party/LwIP/src/include/lwip/apps -I../../EI_1/Middlewares/Third_Party/LwIP/src/include/lwip/priv -I../../EI_1/Middlewares/Third_Party/LwIP/src/include/lwip/prot -I../../EI_1/Middlewares/Third_Party/LwIP/src/include/netif -I../../EI_1/Middlewares/Third_Party/LwIP/src/include/compat/posix -I../../EI_1/Middlewares/Third_Party/LwIP/src/include/compat/posix/arpa -I../../EI_1/Middlewares/Third_Party/LwIP/src/include/compat/posix/net -I../../EI_1/Middlewares/Third_Party/LwIP/src/include/compat/posix/sys -I../../EI_1/Middlewares/Third_Party/LwIP/src/include/compat/stdc -I../../EI_1/Middlewares/Third_Party/LwIP/system/arch -I../../EI_1/Drivers/CMSIS/Include -Os -ffunction-sections -fdata-sections -Wall -fstack-usage -MMD -MP -MF"Core/Src/can.d" -MT"Core/Src/can.o" --specs=nano.specs -mfpu=fpv5-d16 -mfloat-abi=hard -mthumb -o "Core/Src/can.o"
arm-none-eabi-gcc -o "EI_2.elf" @"objects.list"   -mcpu=cortex-m7 -T"E:\__LAPTOP_DATA\_Integrated\EI_FINAL_Tested_10Peers_30-3-24_Medha_Siemens\EI_2\STM32F769BITX_FLASH.ld" --specs=nosys.specs -Wl,-Map="EI_2.map" -Wl,--gc-sections -static --specs=nano.specs -mfpu=fpv5-d16 -mfloat-abi=hard -mthumb -Wl,--start-group -lc -lm -Wl,--end-group
Finished building target: EI_2.elf
 
arm-none-eabi-size   EI_2.elf 
arm-none-eabi-objdump -h -S  EI_2.elf  > "EI_2.list"
arm-none-eabi-objcopy  -O ihex  EI_2.elf  "EI_2.hex"
   text	   data	    bss	    dec	    hex	filename
  96464	    480	  83344	 180288	  2c040	EI_2.elf
Finished building: default.size.stdout
 
Finished building: EI_2.hex
 
Finished building: EI_2.list
 
copy_hex.bat
A subdirectory or file ..\..\HEX already exists.
copying hex file to HEX folder
EI_2.hex
        1 file(s) copied.
 

18:18:06 Build Finished. 0 errors, 0 warnings. (took 2s.922ms)

