../Core/Src/can.c:42:6:MX_CAN2_Init	96	static
../Core/Src/can.c:128:6:MX_CAN3_Init	48	static
../Core/Src/can.c:181:6:HAL_CAN_MspInit	48	static
../Core/Src/can.c:246:6:HAL_CAN_MspDeInit	8	static
../Core/Src/can.c:296:6:TransmitCanPkt	0	static
../Core/Src/can.c:667:6:CAN_transmit	24	static
../Core/Src/can.c:647:6:sendCanPkts	24	static
../Core/Src/can.c:764:6:HAL_CAN_RxFifo0MsgPendingCallback	16	static
../Core/Src/can.c:792:6:HAL_CAN_RxFifo1MsgPendingCallback	16	static
../Core/Src/can.c:818:15:canDataReady	24	static
../Core/Src/can.c:839:6:readCanToStructs	88	static
