../Core/Src/Hitachi.c:97:6:Process_Hitachi_Packets_Eth	144	static
../Core/Src/Hitachi.c:136:6:Process_Hitachi_Packets_Com	144	static
../Core/Src/Hitachi.c:197:6:Convert_Data_format	152	static
../Core/Src/Hitachi.c:217:6:EI_Data_Analyzer	40	static
../Core/Src/Hitachi.c:366:6:Init_Msg_extr	48	static
../Core/Src/Hitachi.c:617:6:Send_Init_Msg	104	static
../Core/Src/Hitachi.c:785:6:Vital_Msg_extr	184	static
../Core/Src/Hitachi.c:1140:6:Send_Vital_Data_Message	160	static
../Core/Src/Hitachi.c:1295:6:Vital_Msg_extr_from_CAN	264	static
../Core/Src/Hitachi.c:1554:6:Status_Msg_Extr	96	static
../Core/Src/Hitachi.c:1821:6:Send_Status_Message	160	static
../Core/Src/Hitachi.c:1969:6:Service_Msg_Extr	40	static
../Core/Src/Hitachi.c:2178:6:Send_Service_Signal_Message	96	static
../Core/Src/Hitachi.c:2282:6:Process_Sending_Reply	120	static
../Core/Src/Hitachi.c:2381:6:Debug_Status_Flag	24	static
../Core/Src/Hitachi.c:2451:6:Check_Primary_r_Secondary	24	static
../Core/Src/Hitachi.c:2515:6:Check_Vital_CRC	24	static
../Core/Src/Hitachi.c:2580:6:Check_Other_EiPC_Packet	16	static
../Core/Src/Hitachi.c:2590:6:CheckLinkEstablishTimeout	24	static
../Core/Src/Hitachi.c:2616:6:Send_Self_Sharing	24	static
../Core/Src/Hitachi.c:2641:6:Detect_CAN_Xchange_Failure	8	static
../Core/Src/Hitachi.c:2671:6:Process_Send_Signals_2_MIE	192	static
../Core/Src/Hitachi.c:2997:6:Print_EI_DATA	568	static
../Core/Src/Hitachi.c:3078:6:Display	24	static
../Core/Src/Hitachi.c:3087:6:Send_Health_Status	24	static
../Core/Src/Hitachi.c:3225:6:print_self_Details_Hitachi	40	static
../Core/Src/Hitachi.c:3279:6:Send_Init_After_Timeout	16	static
../Core/Src/Hitachi.c:3327:6:Send_Vital_Msg_After_Rx_VITAL	16	static
../Core/Src/Hitachi.c:3363:6:Check_Recv_Status_fail	16	static
../Core/Src/Hitachi.c:3380:9:IS_MLK_EIPC_TIME_MATCHING	40	static
../Core/Src/Hitachi.c:3409:6:Check_All_Peers	24	static
../Core/Src/Hitachi.c:3428:6:Check_for_RelayMisMatch	24	static
../Core/Src/Hitachi.c:3486:6:CheckOtherLinkStatus	24	static
../Core/Src/Hitachi.c:3513:6:SendRelay2_Other	8	static
../Core/Src/Hitachi.c:3554:6:Process_HitachiEI	8	static
../Core/Src/Hitachi.c:3943:6:ReAssignData	1728	static
../Core/Src/Hitachi.c:4079:6:ReArrangedVitalData	16	static
