../Core/Src/Hitachi.c:88:6:Process_Hitachi_Packets_Eth	144	static
../Core/Src/Hitachi.c:127:6:Process_Hitachi_Packets_Com	144	static
../Core/Src/Hitachi.c:187:6:Convert_Data_format	152	static
../Core/Src/Hitachi.c:207:6:EI_Data_Analyzer	40	static
../Core/Src/Hitachi.c:356:6:Init_Msg_extr	48	static
../Core/Src/Hitachi.c:607:6:Send_Init_Msg	104	static
../Core/Src/Hitachi.c:775:6:Vital_Msg_extr	112	static
../Core/Src/Hitachi.c:1094:6:Send_Vital_Data_Message	160	static
../Core/Src/Hitachi.c:1249:6:Vital_Msg_extr_from_CAN	264	static
../Core/Src/Hitachi.c:1503:6:Status_Msg_Extr	96	static
../Core/Src/Hitachi.c:1757:6:Send_Status_Message	160	static
../Core/Src/Hitachi.c:1905:6:Service_Msg_Extr	40	static
../Core/Src/Hitachi.c:2084:6:Send_Service_Signal_Message	96	static
../Core/Src/Hitachi.c:2188:6:Process_Sending_Reply	120	static
../Core/Src/Hitachi.c:2287:6:Debug_Status_Flag	24	static
../Core/Src/Hitachi.c:2357:6:Check_Primary_r_Secondary	24	static
../Core/Src/Hitachi.c:2430:6:Check_Vital_CRC	24	static
../Core/Src/Hitachi.c:2495:6:Check_Other_EiPC_Packet	16	static
../Core/Src/Hitachi.c:2505:6:CheckLinkEstablishTimeout	24	static
../Core/Src/Hitachi.c:2531:6:Send_Self_Sharing	24	static
../Core/Src/Hitachi.c:2555:6:Detect_CAN_Xchange_Failure	8	static
../Core/Src/Hitachi.c:2584:6:Process_Send_Signals_2_MIE	192	static
../Core/Src/Hitachi.c:2853:6:Print_EI_DATA	568	static
../Core/Src/Hitachi.c:2934:6:Display	24	static
../Core/Src/Hitachi.c:2943:6:Send_Health_Status	24	static
../Core/Src/Hitachi.c:3081:6:print_self_Details	40	static
../Core/Src/Hitachi.c:3135:6:Send_Init_After_Timeout	16	static
../Core/Src/Hitachi.c:3183:6:Send_Vital_Msg_After_Rx_VITAL	16	static
../Core/Src/Hitachi.c:3219:6:Check_Recv_Status_fail	16	static
../Core/Src/Hitachi.c:3236:9:IS_MLK_EIPC_TIME_MATCHING	40	static
../Core/Src/Hitachi.c:3265:6:Check_All_Peers	24	static
../Core/Src/Hitachi.c:3284:6:Check_for_RelayMisMatch	16	static
../Core/Src/Hitachi.c:3340:6:CheckOtherLinkStatus	24	static
../Core/Src/Hitachi.c:3368:6:SendRelay2_Other	8	static
../Core/Src/Hitachi.c:3406:6:Process_HitachiEI	8	static
../Core/Src/Hitachi.c:3471:6:CheckEthernetStatus	16	static
