D:/_ei/EI_FINAL_Tested_10Peers_17-06-24_SeqModification/EI_1/Core/Src/Siemens.c:1434:10:Data_Compliment.part.0	16	static
D:/_ei/EI_FINAL_Tested_10Peers_17-06-24_SeqModification/EI_1/Core/Src/Siemens.c:516:10:ExtractAppData	20	static
D:/_ei/EI_FINAL_Tested_10Peers_17-06-24_SeqModification/EI_1/Core/Src/Siemens.c:691:6:ProcessSendingSignals2MIE	24	static
D:/_ei/EI_FINAL_Tested_10Peers_17-06-24_SeqModification/EI_1/Core/Src/Siemens.c:800:6:ProcessSelfSharing	8	static
D:/_ei/EI_FINAL_Tested_10Peers_17-06-24_SeqModification/EI_1/Core/Src/Siemens.c:817:6:ProcessDetectNoValidDataReceive	16	static
D:/_ei/EI_FINAL_Tested_10Peers_17-06-24_SeqModification/EI_1/Core/Src/Siemens.c:839:6:SendRelays2Other	8	static
D:/_ei/EI_FINAL_Tested_10Peers_17-06-24_SeqModification/EI_1/Core/Src/Siemens.c:855:6:CheckRelayMisMatch	8	static
D:/_ei/EI_FINAL_Tested_10Peers_17-06-24_SeqModification/EI_1/Core/Src/Siemens.c:876:6:Detect_SiemensCAN_Xchange_Failure	8	static
D:/_ei/EI_FINAL_Tested_10Peers_17-06-24_SeqModification/EI_1/Core/Src/Siemens.c:1101:6:Update_SiemensCommands	8	static
D:/_ei/EI_FINAL_Tested_10Peers_17-06-24_SeqModification/EI_1/Core/Src/Siemens.c:1130:9:Is_SiemensCommand_Valid	24	static
D:/_ei/EI_FINAL_Tested_10Peers_17-06-24_SeqModification/EI_1/Core/Src/Siemens.c:968:6:Chech_forSiemensCMD	120	static
D:/_ei/EI_FINAL_Tested_10Peers_17-06-24_SeqModification/EI_1/Core/Src/Siemens.c:1148:10:Siemens_CRC	12	static
D:/_ei/EI_FINAL_Tested_10Peers_17-06-24_SeqModification/EI_1/Core/Src/Siemens.c:1269:9:Calculate_Parity	8	static
D:/_ei/EI_FINAL_Tested_10Peers_17-06-24_SeqModification/EI_1/Core/Src/Siemens.c:1309:9:Verify_parity	24	static
D:/_ei/EI_FINAL_Tested_10Peers_17-06-24_SeqModification/EI_1/Core/Src/Siemens.c:1198:9:Extract_Parity_Data	16	static
D:/_ei/EI_FINAL_Tested_10Peers_17-06-24_SeqModification/EI_1/Core/Src/Siemens.c:1327:6:Insert_cal_parity	32	static
D:/_ei/EI_FINAL_Tested_10Peers_17-06-24_SeqModification/EI_1/Core/Src/Siemens.c:1434:10:Data_Compliment	4	static
D:/_ei/EI_FINAL_Tested_10Peers_17-06-24_SeqModification/EI_1/Core/Src/Siemens.c:1479:6:CheckToSendReplyorNot	0	static
D:/_ei/EI_FINAL_Tested_10Peers_17-06-24_SeqModification/EI_1/Core/Src/Siemens.c:544:6:Form_Siemens_Reply	1576	static
D:/_ei/EI_FINAL_Tested_10Peers_17-06-24_SeqModification/EI_1/Core/Src/Siemens.c:1526:6:PrintSignals	24	static
D:/_ei/EI_FINAL_Tested_10Peers_17-06-24_SeqModification/EI_1/Core/Src/Siemens.c:896:6:Print_Siemens_MSG	24	static
D:/_ei/EI_FINAL_Tested_10Peers_17-06-24_SeqModification/EI_1/Core/Src/Siemens.c:86:6:Siemens_Data_Analyser	2640	static
D:/_ei/EI_FINAL_Tested_10Peers_17-06-24_SeqModification/EI_1/Core/Src/Siemens.c:1553:6:GetTimeStamp	16	static
D:/_ei/EI_FINAL_Tested_10Peers_17-06-24_SeqModification/EI_1/Core/Src/Siemens.c:37:6:Process_SiemensEI	8	static
D:/_ei/EI_FINAL_Tested_10Peers_17-06-24_SeqModification/EI_1/Core/Src/Siemens.c:1583:6:UpdateSIGNALSNames	8	static
D:/_ei/EI_FINAL_Tested_10Peers_17-06-24_SeqModification/EI_1/Core/Src/Siemens.c:1655:6:print_self_DetailsSiemens	48	static
