../Core/Src/Medha.c:71:6:Process_Medha_EI	8	static
../Core/Src/Medha.c:114:10:Get_Medha_EI_Message	24	static
../Core/Src/Medha.c:213:6:Medha_EI_Analyser	768	static
../Core/Src/Medha.c:653:6:Send_Medha_EI_Reply	336	static
../Core/Src/Medha.c:743:6:Send_Relay_Statuses_2_MIE	16	static
../Core/Src/Medha.c:772:6:Process_Clear_Relays	16	static
../Core/Src/Medha.c:834:6:Send_Data_to_Other	8	static
../Core/Src/Medha.c:899:6:Process_Data_from_Other	16	static
../Core/Src/Medha.c:1039:6:Print_Medha_Self_Details	8	static
../Core/Src/Medha.c:1070:6:CheckforMedhaCMD	112	static
../Core/Src/Medha.c:1203:6:Update_MedhaCommands	16	static
../Core/Src/Medha.c:1222:9:Is_MedhaCommand_Valid	32	static
../Core/Src/Medha.c:1347:10:GetCRC32	32	static
../Core/Src/Medha.c:1364:10:CheckCRC32	24	static
