Archive member included to satisfy reference by file (symbol)

c:/st/stm32cubeide_1.10.1/stm32cubeide/plugins/com.st.stm32cube.ide.mcu.externaltools.gnu-tools-for-stm32.10.3-2021.10.win32_1.0.0.202111181127/tools/bin/../lib/gcc/arm-none-eabi/10.3.1/../../../../arm-none-eabi/lib/thumb/v7e-m+dp/hard\libc_nano.a(lib_a-atoi.o)
                              ./Middlewares/Third_Party/LwIP/src/core/netif.o (atoi)
c:/st/stm32cubeide_1.10.1/stm32cubeide/plugins/com.st.stm32cube.ide.mcu.externaltools.gnu-tools-for-stm32.10.3-2021.10.win32_1.0.0.202111181127/tools/bin/../lib/gcc/arm-none-eabi/10.3.1/../../../../arm-none-eabi/lib/thumb/v7e-m+dp/hard\libc_nano.a(lib_a-ctype_.o)
                              ./Middlewares/Third_Party/LwIP/src/core/ipv4/ip4_addr.o (_ctype_)
c:/st/stm32cubeide_1.10.1/stm32cubeide/plugins/com.st.stm32cube.ide.mcu.externaltools.gnu-tools-for-stm32.10.3-2021.10.win32_1.0.0.202111181127/tools/bin/../lib/gcc/arm-none-eabi/10.3.1/../../../../arm-none-eabi/lib/thumb/v7e-m+dp/hard\libc_nano.a(lib_a-exit.o)
                              c:/st/stm32cubeide_1.10.1/stm32cubeide/plugins/com.st.stm32cube.ide.mcu.externaltools.gnu-tools-for-stm32.10.3-2021.10.win32_1.0.0.202111181127/tools/bin/../lib/gcc/arm-none-eabi/10.3.1/../../../../arm-none-eabi/lib/thumb/v7e-m+dp/hard/crt0.o (exit)
c:/st/stm32cubeide_1.10.1/stm32cubeide/plugins/com.st.stm32cube.ide.mcu.externaltools.gnu-tools-for-stm32.10.3-2021.10.win32_1.0.0.202111181127/tools/bin/../lib/gcc/arm-none-eabi/10.3.1/../../../../arm-none-eabi/lib/thumb/v7e-m+dp/hard\libc_nano.a(lib_a-impure.o)
                              c:/st/stm32cubeide_1.10.1/stm32cubeide/plugins/com.st.stm32cube.ide.mcu.externaltools.gnu-tools-for-stm32.10.3-2021.10.win32_1.0.0.202111181127/tools/bin/../lib/gcc/arm-none-eabi/10.3.1/../../../../arm-none-eabi/lib/thumb/v7e-m+dp/hard\libc_nano.a(lib_a-exit.o) (_global_impure_ptr)
c:/st/stm32cubeide_1.10.1/stm32cubeide/plugins/com.st.stm32cube.ide.mcu.externaltools.gnu-tools-for-stm32.10.3-2021.10.win32_1.0.0.202111181127/tools/bin/../lib/gcc/arm-none-eabi/10.3.1/../../../../arm-none-eabi/lib/thumb/v7e-m+dp/hard\libc_nano.a(lib_a-init.o)
                              c:/st/stm32cubeide_1.10.1/stm32cubeide/plugins/com.st.stm32cube.ide.mcu.externaltools.gnu-tools-for-stm32.10.3-2021.10.win32_1.0.0.202111181127/tools/bin/../lib/gcc/arm-none-eabi/10.3.1/../../../../arm-none-eabi/lib/thumb/v7e-m+dp/hard/crt0.o (__libc_init_array)
c:/st/stm32cubeide_1.10.1/stm32cubeide/plugins/com.st.stm32cube.ide.mcu.externaltools.gnu-tools-for-stm32.10.3-2021.10.win32_1.0.0.202111181127/tools/bin/../lib/gcc/arm-none-eabi/10.3.1/../../../../arm-none-eabi/lib/thumb/v7e-m+dp/hard\libc_nano.a(lib_a-memcmp.o)
                              ./Core/Src/Config.o (memcmp)
c:/st/stm32cubeide_1.10.1/stm32cubeide/plugins/com.st.stm32cube.ide.mcu.externaltools.gnu-tools-for-stm32.10.3-2021.10.win32_1.0.0.202111181127/tools/bin/../lib/gcc/arm-none-eabi/10.3.1/../../../../arm-none-eabi/lib/thumb/v7e-m+dp/hard\libc_nano.a(lib_a-memcpy-stub.o)
                              ./Core/Src/Hitachi.o (memcpy)
c:/st/stm32cubeide_1.10.1/stm32cubeide/plugins/com.st.stm32cube.ide.mcu.externaltools.gnu-tools-for-stm32.10.3-2021.10.win32_1.0.0.202111181127/tools/bin/../lib/gcc/arm-none-eabi/10.3.1/../../../../arm-none-eabi/lib/thumb/v7e-m+dp/hard\libc_nano.a(lib_a-memmove.o)
                              ./Middlewares/Third_Party/LwIP/src/core/def.o (memmove)
c:/st/stm32cubeide_1.10.1/stm32cubeide/plugins/com.st.stm32cube.ide.mcu.externaltools.gnu-tools-for-stm32.10.3-2021.10.win32_1.0.0.202111181127/tools/bin/../lib/gcc/arm-none-eabi/10.3.1/../../../../arm-none-eabi/lib/thumb/v7e-m+dp/hard\libc_nano.a(lib_a-memset.o)
                              c:/st/stm32cubeide_1.10.1/stm32cubeide/plugins/com.st.stm32cube.ide.mcu.externaltools.gnu-tools-for-stm32.10.3-2021.10.win32_1.0.0.202111181127/tools/bin/../lib/gcc/arm-none-eabi/10.3.1/../../../../arm-none-eabi/lib/thumb/v7e-m+dp/hard/crt0.o (memset)
c:/st/stm32cubeide_1.10.1/stm32cubeide/plugins/com.st.stm32cube.ide.mcu.externaltools.gnu-tools-for-stm32.10.3-2021.10.win32_1.0.0.202111181127/tools/bin/../lib/gcc/arm-none-eabi/10.3.1/../../../../arm-none-eabi/lib/thumb/v7e-m+dp/hard\libc_nano.a(lib_a-printf.o)
                              ./Core/Src/Config.o (printf)
c:/st/stm32cubeide_1.10.1/stm32cubeide/plugins/com.st.stm32cube.ide.mcu.externaltools.gnu-tools-for-stm32.10.3-2021.10.win32_1.0.0.202111181127/tools/bin/../lib/gcc/arm-none-eabi/10.3.1/../../../../arm-none-eabi/lib/thumb/v7e-m+dp/hard\libc_nano.a(lib_a-putchar.o)
                              ./Core/Src/Hitachi.o (putchar)
c:/st/stm32cubeide_1.10.1/stm32cubeide/plugins/com.st.stm32cube.ide.mcu.externaltools.gnu-tools-for-stm32.10.3-2021.10.win32_1.0.0.202111181127/tools/bin/../lib/gcc/arm-none-eabi/10.3.1/../../../../arm-none-eabi/lib/thumb/v7e-m+dp/hard\libc_nano.a(lib_a-puts.o)
                              ./Core/Src/Config.o (puts)
[...]
Memory Configuration

Name             Origin             Length             Attributes
RAM              0x0000000020000000 0x0000000000080000 xrw
FLASH            0x0000000008000000 0x0000000000200000 xr
*default*        0x0000000000000000 0xffffffffffffffff

Linker script and memory map

LOAD c:/st/stm32cubeide_1.10.1/stm32cubeide/plugins/com.st.stm32cube.ide.mcu.externaltools.gnu-tools-for-stm32.10.3-2021.10.win32_1.0.0.202111181127/tools/bin/../lib/gcc/arm-none-eabi/10.3.1/thumb/v7e-m+dp/hard/crti.o
LOAD c:/st/stm32cubeide_1.10.1/stm32cubeide/plugins/com.st.stm32cube.ide.mcu.externaltools.gnu-tools-for-stm32.10.3-2021.10.win32_1.0.0.202111181127/tools/bin/../lib/gcc/arm-none-eabi/10.3.1/thumb/v7e-m+dp/hard/crtbegin.o
LOAD c:/st/stm32cubeide_1.10.1/stm32cubeide/plugins/com.st.stm32cube.ide.mcu.externaltools.gnu-tools-for-stm32.10.3-2021.10.win32_1.0.0.202111181127/tools/bin/../lib/gcc/arm-none-eabi/10.3.1/../../../../arm-none-eabi/lib/thumb/v7e-m+dp/hard/crt0.o
LOAD ./Core/Src/BitManip.o
LOAD ./Core/Src/Config.o
LOAD ./Core/Src/Diagnosis.o
LOAD ./Core/Src/Hitachi.o
LOAD ./Core/Src/Last_Reset_Reason.o
LOAD ./Core/Src/Medha.o
LOAD ./Core/Src/Process_Cmd.o
LOAD ./Core/Src/RTC.o
LOAD ./Core/Src/Siemens.o
LOAD ./Core/Src/Ticks.o
LOAD ./Core/Src/User_UDP.o
LOAD ./Core/Src/can.o
LOAD ./Core/Src/crc.o
LOAD ./Core/Src/gpio.o
LOAD ./Core/Src/i2c.o
LOAD ./Core/Src/iwdg.o
LOAD ./Core/Src/kyosan.o
LOAD ./Core/Src/main.o
LOAD ./Core/Src/rng.o
LOAD ./Core/Src/spi.o
LOAD ./Core/Src/stm32f7xx_hal_msp.o
LOAD ./Core/Src/stm32f7xx_it.o
LOAD ./Core/Src/syscalls.o
LOAD ./Core/Src/sysmem.o
LOAD ./Core/Src/system_stm32f7xx.o
LOAD ./Core/Src/tim.o
LOAD ./Core/Src/usart.o
LOAD ./Core/Startup/startup_stm32f769bitx.o
LOAD ./Drivers/BSP/Components/dp83848/dp83848.o
LOAD ./Drivers/STM32F7xx_HAL_Driver/Src/stm32f7xx_hal.o
LOAD ./Drivers/STM32F7xx_HAL_Driver/Src/stm32f7xx_hal_can.o
LOAD ./Drivers/STM32F7xx_HAL_Driver/Src/stm32f7xx_hal_cortex.o
LOAD ./Drivers/STM32F7xx_HAL_Driver/Src/stm32f7xx_hal_crc.o
LOAD ./Drivers/STM32F7xx_HAL_Driver/Src/stm32f7xx_hal_crc_ex.o
LOAD ./Drivers/STM32F7xx_HAL_Driver/Src/stm32f7xx_hal_dma.o
LOAD ./Drivers/STM32F7xx_HAL_Driver/Src/stm32f7xx_hal_dma_ex.o
LOAD ./Drivers/STM32F7xx_HAL_Driver/Src/stm32f7xx_hal_eth.o
LOAD ./Drivers/STM32F7xx_HAL_Driver/Src/stm32f7xx_hal_exti.o
LOAD ./Drivers/STM32F7xx_HAL_Driver/Src/stm32f7xx_hal_flash.o
LOAD ./Drivers/STM32F7xx_HAL_Driver/Src/stm32f7xx_hal_flash_ex.o
LOAD ./Drivers/STM32F7xx_HAL_Driver/Src/stm32f7xx_hal_gpio.o
LOAD ./Drivers/STM32F7xx_HAL_Driver/Src/stm32f7xx_hal_i2c.o
LOAD ./Drivers/STM32F7xx_HAL_Driver/Src/stm32f7xx_hal_i2c_ex.o
LOAD ./Drivers/STM32F7xx_HAL_Driver/Src/stm32f7xx_hal_iwdg.o
LOAD ./Drivers/STM32F7xx_HAL_Driver/Src/stm32f7xx_hal_pwr.o
LOAD ./Drivers/STM32F7xx_HAL_Driver/Src/stm32f7xx_hal_pwr_ex.o
LOAD ./Drivers/STM32F7xx_HAL_Driver/Src/stm32f7xx_hal_rcc.o
LOAD ./Drivers/STM32F7xx_HAL_Driver/Src/stm32f7xx_hal_rcc_ex.o
LOAD ./Drivers/STM32F7xx_HAL_Driver/Src/stm32f7xx_hal_rng.o
LOAD ./Drivers/STM32F7xx_HAL_Driver/Src/stm32f7xx_hal_spi.o
LOAD ./Drivers/STM32F7xx_HAL_Driver/Src/stm32f7xx_hal_spi_ex.o
LOAD ./Drivers/STM32F7xx_HAL_Driver/Src/stm32f7xx_hal_tim.o
LOAD ./Drivers/STM32F7xx_HAL_Driver/Src/stm32f7xx_hal_tim_ex.o
LOAD ./Drivers/STM32F7xx_HAL_Driver/Src/stm32f7xx_hal_uart.o
LOAD ./Drivers/STM32F7xx_HAL_Driver/Src/stm32f7xx_hal_uart_ex.o
LOAD ./LWIP/App/lwip.o
LOAD ./LWIP/Target/ethernetif.o
LOAD ./Middlewares/Third_Party/LwIP/src/api/api_lib.o
LOAD ./Middlewares/Third_Party/LwIP/src/api/api_msg.o
LOAD ./Middlewares/Third_Party/LwIP/src/api/err.o
LOAD ./Middlewares/Third_Party/LwIP/src/api/if_api.o
LOAD ./Middlewares/Third_Party/LwIP/src/api/netbuf.o
LOAD ./Middlewares/Third_Party/LwIP/src/api/netdb.o
LOAD ./Middlewares/Third_Party/LwIP/src/api/netifapi.o
LOAD ./Middlewares/Third_Party/LwIP/src/api/sockets.o
LOAD ./Middlewares/Third_Party/LwIP/src/api/tcpip.o
LOAD ./Middlewares/Third_Party/LwIP/src/apps/mqtt/mqtt.o
LOAD ./Middlewares/Third_Party/LwIP/src/core/altcp.o
LOAD ./Middlewares/Third_Party/LwIP/src/core/altcp_alloc.o
LOAD ./Middlewares/Third_Party/LwIP/src/core/altcp_tcp.o
LOAD ./Middlewares/Third_Party/LwIP/src/core/def.o
LOAD ./Middlewares/Third_Party/LwIP/src/core/dns.o
LOAD ./Middlewares/Third_Party/LwIP/src/core/inet_chksum.o
LOAD ./Middlewares/Third_Party/LwIP/src/core/init.o
LOAD ./Middlewares/Third_Party/LwIP/src/core/ip.o
LOAD ./Middlewares/Third_Party/LwIP/src/core/mem.o
LOAD ./Middlewares/Third_Party/LwIP/src/core/memp.o
LOAD ./Middlewares/Third_Party/LwIP/src/core/netif.o
LOAD ./Middlewares/Third_Party/LwIP/src/core/pbuf.o
LOAD ./Middlewares/Third_Party/LwIP/src/core/raw.o
LOAD ./Middlewares/Third_Party/LwIP/src/core/stats.o
LOAD ./Middlewares/Third_Party/LwIP/src/core/sys.o
LOAD ./Middlewares/Third_Party/LwIP/src/core/tcp.o
LOAD ./Middlewares/Third_Party/LwIP/src/core/tcp_in.o
LOAD ./Middlewares/Third_Party/LwIP/src/core/tcp_out.o
LOAD ./Middlewares/Third_Party/LwIP/src/core/timeouts.o
LOAD ./Middlewares/Third_Party/LwIP/src/core/udp.o
LOAD ./Middlewares/Third_Party/LwIP/src/core/ipv4/autoip.o
LOAD ./Middlewares/Third_Party/LwIP/src/core/ipv4/dhcp.o
LOAD ./Middlewares/Third_Party/LwIP/src/core/ipv4/etharp.o
LOAD ./Middlewares/Third_Party/LwIP/src/core/ipv4/icmp.o
LOAD ./Middlewares/Third_Party/LwIP/src/core/ipv4/igmp.o
LOAD ./Middlewares/Third_Party/LwIP/src/core/ipv4/ip4.o
LOAD ./Middlewares/Third_Party/LwIP/src/core/ipv4/ip4_addr.o
LOAD ./Middlewares/Third_Party/LwIP/src/core/ipv4/ip4_frag.o
LOAD ./Middlewares/Third_Party/LwIP/src/core/ipv6/dhcp6.o
LOAD ./Middlewares/Third_Party/LwIP/src/core/ipv6/ethip6.o
LOAD ./Middlewares/Third_Party/LwIP/src/core/ipv6/icmp6.o
LOAD ./Middlewares/Third_Party/LwIP/src/core/ipv6/inet6.o
LOAD ./Middlewares/Third_Party/LwIP/src/core/ipv6/ip6.o
LOAD ./Middlewares/Third_Party/LwIP/src/core/ipv6/ip6_addr.o
LOAD ./Middlewares/Third_Party/LwIP/src/core/ipv6/ip6_frag.o
LOAD ./Middlewares/Third_Party/LwIP/src/core/ipv6/mld6.o
LOAD ./Middlewares/Third_Party/LwIP/src/core/ipv6/nd6.o
LOAD ./Middlewares/Third_Party/LwIP/src/netif/bridgeif.o
LOAD ./Middlewares/Third_Party/LwIP/src/netif/bridgeif_fdb.o
LOAD ./Middlewares/Third_Party/LwIP/src/netif/ethernet.o
LOAD ./Middlewares/Third_Party/LwIP/src/netif/lowpan6.o
LOAD ./Middlewares/Third_Party/LwIP/src/netif/lowpan6_ble.o
LOAD ./Middlewares/Third_Party/LwIP/src/netif/lowpan6_common.o
LOAD ./Middlewares/Third_Party/LwIP/src/netif/slipif.o
LOAD ./Middlewares/Third_Party/LwIP/src/netif/zepif.o
LOAD ./Middlewares/Third_Party/LwIP/src/netif/ppp/auth.o
LOAD ./Middlewares/Third_Party/LwIP/src/netif/ppp/ccp.o
LOAD ./Middlewares/Third_Party/LwIP/src/netif/ppp/chap-md5.o
LOAD ./Middlewares/Third_Party/LwIP/src/netif/ppp/chap-new.o
LOAD ./Middlewares/Third_Party/LwIP/src/netif/ppp/chap_ms.o
LOAD ./Middlewares/Third_Party/LwIP/src/netif/ppp/demand.o
LOAD ./Middlewares/Third_Party/LwIP/src/netif/ppp/eap.o
LOAD ./Middlewares/Third_Party/LwIP/src/netif/ppp/ecp.o
LOAD ./Middlewares/Third_Party/LwIP/src/netif/ppp/eui64.o
LOAD ./Middlewares/Third_Party/LwIP/src/netif/ppp/fsm.o
LOAD ./Middlewares/Third_Party/LwIP/src/netif/ppp/ipcp.o
LOAD ./Middlewares/Third_Party/LwIP/src/netif/ppp/ipv6cp.o
LOAD ./Middlewares/Third_Party/LwIP/src/netif/ppp/lcp.o
LOAD ./Middlewares/Third_Party/LwIP/src/netif/ppp/magic.o
LOAD ./Middlewares/Third_Party/LwIP/src/netif/ppp/mppe.o
LOAD ./Middlewares/Third_Party/LwIP/src/netif/ppp/multilink.o
LOAD ./Middlewares/Third_Party/LwIP/src/netif/ppp/ppp.o
LOAD ./Middlewares/Third_Party/LwIP/src/netif/ppp/pppapi.o
LOAD ./Middlewares/Third_Party/LwIP/src/netif/ppp/pppcrypt.o
LOAD ./Middlewares/Third_Party/LwIP/src/netif/ppp/pppoe.o
LOAD ./Middlewares/Third_Party/LwIP/src/netif/ppp/pppol2tp.o
LOAD ./Middlewares/Third_Party/LwIP/src/netif/ppp/pppos.o
LOAD ./Middlewares/Third_Party/LwIP/src/netif/ppp/upap.o
LOAD ./Middlewares/Third_Party/LwIP/src/netif/ppp/utils.o
LOAD ./Middlewares/Third_Party/LwIP/src/netif/ppp/vj.o
START GROUP
LOAD c:/st/stm32cubeide_1.10.1/stm32cubeide/plugins/com.st.stm32cube.ide.mcu.externaltools.gnu-tools-for-stm32.10.3-2021.10.win32_1.0.0.202111181127/tools/bin/../lib/gcc/arm-none-eabi/10.3.1/../../../../arm-none-eabi/lib/thumb/v7e-m+dp/hard\libc_nano.a
LOAD c:/st/stm32cubeide_1.10.1/stm32cubeide/plugins/com.st.stm32cube.ide.mcu.externaltools.gnu-tools-for-stm32.10.3-2021.10.win32_1.0.0.202111181127/tools/bin/../lib/gcc/arm-none-eabi/10.3.1/../../../../arm-none-eabi/lib/thumb/v7e-m+dp/hard\libm.a
END GROUP
START GROUP
LOAD c:/st/stm32cubeide_1.10.1/stm32cubeide/plugins/com.st.stm32cube.ide.mcu.externaltools.gnu-tools-for-stm32.10.3-2021.10.win32_1.0.0.202111181127/tools/bin/../lib/gcc/arm-none-eabi/10.3.1/thumb/v7e-m+dp/hard\libgcc.a
LOAD c:/st/stm32cubeide_1.10.1/stm32cubeide/plugins/com.st.stm32cube.ide.mcu.externaltools.gnu-tools-for-stm32.10.3-2021.10.win32_1.0.0.202111181127/tools/bin/../lib/gcc/arm-none-eabi/10.3.1/../../../../arm-none-eabi/lib/thumb/v7e-m+dp/hard\libc_nano.a
END GROUP
START GROUP
LOAD c:/st/stm32cubeide_1.10.1/stm32cubeide/plugins/com.st.stm32cube.ide.mcu.externaltools.gnu-tools-for-stm32.10.3-2021.10.win32_1.0.0.202111181127/tools/bin/../lib/gcc/arm-none-eabi/10.3.1/thumb/v7e-m+dp/hard\libgcc.a
LOAD c:/st/stm32cubeide_1.10.1/stm32cubeide/plugins/com.st.stm32cube.ide.mcu.externaltools.gnu-tools-for-stm32.10.3-2021.10.win32_1.0.0.202111181127/tools/bin/../lib/gcc/arm-none-eabi/10.3.1/../../../../arm-none-eabi/lib/thumb/v7e-m+dp/hard\libc_nano.a
LOAD c:/st/stm32cubeide_1.10.1/stm32cubeide/plugins/com.st.stm32cube.ide.mcu.externaltools.gnu-tools-for-stm32.10.3-2021.10.win32_1.0.0.202111181127/tools/bin/../lib/gcc/arm-none-eabi/10.3.1/../../../../arm-none-eabi/lib/thumb/v7e-m+dp/hard\libnosys.a
END GROUP
START GROUP
LOAD c:/st/stm32cubeide_1.10.1/stm32cubeide/plugins/com.st.stm32cube.ide.mcu.externaltools.gnu-tools-for-stm32.10.3-2021.10.win32_1.0.0.202111181127/tools/bin/../lib/gcc/arm-none-eabi/10.3.1/thumb/v7e-m+dp/hard\libgcc.a
LOAD c:/st/stm32cubeide_1.10.1/stm32cubeide/plugins/com.st.stm32cube.ide.mcu.externaltools.gnu-tools-for-stm32.10.3-2021.10.win32_1.0.0.202111181127/tools/bin/../lib/gcc/arm-none-eabi/10.3.1/../../../../arm-none-eabi/lib/thumb/v7e-m+dp/hard\libc_nano.a
LOAD c:/st/stm32cubeide_1.10.1/stm32cubeide/plugins/com.st.stm32cube.ide.mcu.externaltools.gnu-tools-for-stm32.10.3-2021.10.win32_1.0.0.202111181127/tools/bin/../lib/gcc/arm-none-eabi/10.3.1/../../../../arm-none-eabi/lib/thumb/v7e-m+dp/hard\libnosys.a
END GROUP
LOAD c:/st/stm32cubeide_1.10.1/stm32cubeide/plugins/com.st.stm32cube.ide.mcu.externaltools.gnu-tools-for-stm32.10.3-2021.10.win32_1.0.0.202111181127/tools/bin/../lib/gcc/arm-none-eabi/10.3.1/thumb/v7e-m+dp/hard/crtend.o
LOAD c:/st/stm32cubeide_1.10.1/stm32cubeide/plugins/com.st.stm32cube.ide.mcu.externaltools.gnu-tools-for-stm32.10.3-2021.10.win32_1.0.0.202111181127/tools/bin/../lib/gcc/arm-none-eabi/10.3.1/thumb/v7e-m+dp/hard/crtn.o
                0x0000000020080000                _estack = (ORIGIN (RAM) + LENGTH (RAM))
                0x0000000000000200                _Min_Heap_Size = 0x200
                0x0000000000000400                _Min_Stack_Size = 0x400

.isr_vector     0x0000000008000000      0x1f8
                0x0000000008000000                . = ALIGN (0x4)
 *(.isr_vector)
 .isr_vector    0x0000000008000000      0x1f8 ./Core/Startup/startup_stm32f769bitx.o
                0x0000000008000000                g_pfnVectors
                0x00000000080001f8                . = ALIGN (0x4)

.text           0x0000000008000200    0x151a0
                0x0000000008000200                . = ALIGN (0x4)
 *(.text)
 .text          0x0000000008000200       0x40 c:/st/stm32cubeide_1.10.1/stm32cubeide/plugins/com.st.stm32cube.ide.mcu.externaltools.gnu-tools-for-stm32.10.3-2021.10.win32_1.0.0.202111181127/tools/bin/../lib/gcc/arm-none-eabi/10.3.1/thumb/v7e-m+dp/hard/crtbegin.o
 .text          0x0000000008000240       0x14 c:/st/stm32cubeide_1.10.1/stm32cubeide/plugins/com.st.stm32cube.ide.mcu.externaltools.gnu-tools-for-stm32.10.3-2021.10.win32_1.0.0.202111181127/tools/bin/../lib/gcc/arm-none-eabi/10.3.1/../../../../arm-none-eabi/lib/thumb/v7e-m+dp/hard\libc_nano.a(lib_a-strcmp.o)
                0x0000000008000240                strcmp
 .text          0x0000000008000254       0x10 c:/st/stm32cubeide_1.10.1/stm32cubeide/plugins/com.st.stm32cube.ide.mcu.externaltools.gnu-tools-for-stm32.10.3-2021.10.win32_1.0.0.202111181127/tools/bin/../lib/gcc/arm-none-eabi/10.3.1/../../../../arm-none-eabi/lib/thumb/v7e-m+dp/hard\libc_nano.a(lib_a-strlen.o)
                0x0000000008000254                strlen
 *fill*         0x0000000008000264        0xc 
 .text          0x0000000008000270       0xa0 c:/st/stm32cubeide_1.10.1/stm32cubeide/plugins/com.st.stm32cube.ide.mcu.externaltools.gnu-tools-for-stm32.10.3-2021.10.win32_1.0.0.202111181127/tools/bin/../lib/gcc/arm-none-eabi/10.3.1/../../../../arm-none-eabi/lib/thumb/v7e-m+dp/hard\libc_nano.a(lib_a-memchr.o)
                0x0000000008000270                memchr
 .text          0x0000000008000310       0x30 c:/st/stm32cubeide_1.10.1/stm32cubeide/plugins/com.st.stm32cube.ide.mcu.externaltools.gnu-tools-for-stm32.10.3-2021.10.win32_1.0.0.202111181127/tools/bin/../lib/gcc/arm-none-eabi/10.3.1/thumb/v7e-m+dp/hard\libgcc.a(_aeabi_uldivmod.o)
                0x0000000008000310                __aeabi_uldivmod
 .text          0x0000000008000340      0x2d0 c:/st/stm32cubeide_1.10.1/stm32cubeide/plugins/com.st.stm32cube.ide.mcu.externaltools.gnu-tools-for-stm32.10.3-2021.10.win32_1.0.0.202111181127/tools/bin/../lib/gcc/arm-none-eabi/10.3.1/thumb/v7e-m+dp/hard\libgcc.a(_udivmoddi4.o)
                0x0000000008000340                __udivmoddi4
 .text          0x0000000008000610        0x4 c:/st/stm32cubeide_1.10.1/stm32cubeide/plugins/com.st.stm32cube.ide.mcu.externaltools.gnu-tools-for-stm32.10.3-2021.10.win32_1.0.0.202111181127/tools/bin/../lib/gcc/arm-none-eabi/10.3.1/thumb/v7e-m+dp/hard\libgcc.a(_dvmd_tls.o)
                0x0000000008000610                __aeabi_idiv0
                0x0000000008000610                __aeabi_ldiv0
 *(.text*)
 .text.ExtractBits
                0x0000000008000614       0x70 ./Core/Src/BitManip.o
                0x0000000008000614                ExtractBits
 .text.InsertBits
                0x0000000008000684       0xa8 ./Core/Src/BitManip.o
                0x0000000008000684                InsertBits
 .text.Update_HitachiCommands
                0x000000000800072c       0xa0 ./Core/Src/Config.o
                0x000000000800072c                Update_HitachiCommands
 .text.__io_putchar
                0x00000000080007cc       0x34 ./Core/Src/Config.o
                0x00000000080007cc                __io_putchar
 .text.Get_Slot
                0x0000000008000800       0x4c ./Core/Src/Config.o
                0x0000000008000800                Get_Slot
 .text.Is_Command_Valid
                0x000000000800084c       0x40 ./Core/Src/Config.o
                0x000000000800084c                Is_Command_Valid
 .text.Check_for_cmd
                0x000000000800088c      0x220 ./Core/Src/Config.o
                0x000000000800088c                Check_for_cmd
 .text.CheckEIPC_DAT_CRC
                0x0000000008000aac       0x5c ./Core/Src/Config.o
                0x0000000008000aac                CheckEIPC_DAT_CRC
 .text.Check_Online_Dignostic_RIU
                0x0000000008000b08      0x1e0 ./Core/Src/Diagnosis.o
                0x0000000008000b08                Check_Online_Dignostic_RIU
 .text.Check_OnlineDiag_OFC_Modem
                0x0000000008000ce8       0x24 ./Core/Src/Diagnosis.o
                0x0000000008000ce8                Check_OnlineDiag_OFC_Modem
 .text.ModBus_CRC16
                0x0000000008000d0c       0x2c ./Core/Src/Diagnosis.o
                0x0000000008000d0c                ModBus_CRC16
 .text.Cal_Crc_fun
                0x0000000008000d38       0x1c ./Core/Src/Diagnosis.o
                0x0000000008000d38                Cal_Crc_fun
 .text.CommReadAndFormMessage_Cmd
                0x0000000008000d54       0xf4 ./Core/Src/Diagnosis.o
                0x0000000008000d54                CommReadAndFormMessage_Cmd
 .text.process_to_comReceived
                0x0000000008000e48       0xac ./Core/Src/Diagnosis.o
                0x0000000008000e48                process_to_comReceived
 .text.Vital_Msg_extr_from_CAN
                0x0000000008000ef4      0x4ec ./Core/Src/Hitachi.o
                0x0000000008000ef4                Vital_Msg_extr_from_CAN
 .text.Check_Primary_r_Secondary
                0x00000000080013e0       0xdc ./Core/Src/Hitachi.o
                0x00000000080013e0                Check_Primary_r_Secondary
 .text.Check_Vital_CRC
                0x00000000080014bc      0x148 ./Core/Src/Hitachi.o
                0x00000000080014bc                Check_Vital_CRC
 .text.Send_Self_Sharing
                0x0000000008001604       0x74 ./Core/Src/Hitachi.o
                0x0000000008001604                Send_Self_Sharing
 .text.Display  0x0000000008001678       0x18 ./Core/Src/Hitachi.o
                0x0000000008001678                Display
 .text.Print_EI_DATA
                0x0000000008001690      0x1a8 ./Core/Src/Hitachi.o
                0x0000000008001690                Print_EI_DATA
 .text.Process_Sending_Reply
                0x0000000008001838      0x134 ./Core/Src/Hitachi.o
                0x0000000008001838                Process_Sending_Reply
 .text.Send_Init_Msg
                0x000000000800196c      0x2ec ./Core/Src/Hitachi.o
                0x000000000800196c                Send_Init_Msg
 .text.Send_Vital_Data_Message
                0x0000000008001c58      0x2d8 ./Core/Src/Hitachi.o
                0x0000000008001c58                Send_Vital_Data_Message
 .text.Send_Status_Message
                0x0000000008001f30      0x320 ./Core/Src/Hitachi.o
                0x0000000008001f30                Send_Status_Message
 .text.Send_Service_Signal_Message
                0x0000000008002250      0x224 ./Core/Src/Hitachi.o
                0x0000000008002250                Send_Service_Signal_Message
 .text.print_self_Details_Hitachi
                0x0000000008002474      0x1f0 ./Core/Src/Hitachi.o
                0x0000000008002474                print_self_Details_Hitachi
 .text.Send_Init_After_Timeout
                0x0000000008002664       0xb4 ./Core/Src/Hitachi.o
                0x0000000008002664                Send_Init_After_Timeout
 .text.Send_Vital_Msg_After_Rx_VITAL
                0x0000000008002718       0x70 ./Core/Src/Hitachi.o
                0x0000000008002718                Send_Vital_Msg_After_Rx_VITAL
 .text.Check_Recv_Status_fail
                0x0000000008002788       0x8c ./Core/Src/Hitachi.o
                0x0000000008002788                Check_Recv_Status_fail
 .text.IS_MLK_EIPC_TIME_MATCHING
                0x0000000008002814       0xa0 ./Core/Src/Hitachi.o
                0x0000000008002814                IS_MLK_EIPC_TIME_MATCHING
 .text.Init_Msg_extr
                0x00000000080028b4      0x458 ./Core/Src/Hitachi.o
                0x00000000080028b4                Init_Msg_extr
 .text.Vital_Msg_extr
                0x0000000008002d0c      0x7b8 ./Core/Src/Hitachi.o
                0x0000000008002d0c                Vital_Msg_extr
 .text.Status_Msg_Extr
                0x00000000080034c4      0x594 ./Core/Src/Hitachi.o
                0x00000000080034c4                Status_Msg_Extr
 .text.Service_Msg_Extr
                0x0000000008003a58      0x3b0 ./Core/Src/Hitachi.o
                0x0000000008003a58                Service_Msg_Extr
 .text.Check_All_Peers
                0x0000000008003e08       0x68 ./Core/Src/Hitachi.o
                0x0000000008003e08                Check_All_Peers
 .text.Check_for_RelayMisMatch
                0x0000000008003e70      0x148 ./Core/Src/Hitachi.o
                0x0000000008003e70                Check_for_RelayMisMatch
 .text.CheckOtherLinkStatus
                0x0000000008003fb8       0x80 ./Core/Src/Hitachi.o
                0x0000000008003fb8                CheckOtherLinkStatus
 .text.Check_Other_EiPC_Packet
                0x0000000008004038       0x28 ./Core/Src/Hitachi.o
                0x0000000008004038                Check_Other_EiPC_Packet
 .text.EI_Data_Analyzer
                0x0000000008004060      0x2d0 ./Core/Src/Hitachi.o
                0x0000000008004060                EI_Data_Analyzer
 .text.Convert_Data_format
                0x0000000008004330       0x54 ./Core/Src/Hitachi.o
                0x0000000008004330                Convert_Data_format
 .text.Process_Hitachi_Packets_Eth
                0x0000000008004384       0x60 ./Core/Src/Hitachi.o
                0x0000000008004384                Process_Hitachi_Packets_Eth
 .text.Process_Hitachi_Packets_Com
                0x00000000080043e4       0x8c ./Core/Src/Hitachi.o
                0x00000000080043e4                Process_Hitachi_Packets_Com
 .text.CheckLinkEstablishTimeout
                0x0000000008004470       0xc4 ./Core/Src/Hitachi.o
                0x0000000008004470                CheckLinkEstablishTimeout
 .text.SendRelay2_Other
                0x0000000008004534       0x64 ./Core/Src/Hitachi.o
                0x0000000008004534                SendRelay2_Other
 .text.ReAssignData
                0x0000000008004598      0x32c ./Core/Src/Hitachi.o
                0x0000000008004598                ReAssignData
 .text.ReArrangedVitalData
                0x00000000080048c4       0x88 ./Core/Src/Hitachi.o
                0x00000000080048c4                ReArrangedVitalData
 .text.Detect_CAN_Xchange_Failure
                0x000000000800494c       0xac ./Core/Src/Hitachi.o
                0x000000000800494c                Detect_CAN_Xchange_Failure
 .text.Process_Send_Signals_2_MIE
                0x00000000080049f8      0x1b8 ./Core/Src/Hitachi.o
                0x00000000080049f8                Process_Send_Signals_2_MIE
 .text.Process_HitachiEI
                0x0000000008004bb0       0x8c ./Core/Src/Hitachi.o
                0x0000000008004bb0                Process_HitachiEI
 .text.reset_cause_get
                0x0000000008004c3c       0x5c ./Core/Src/Last_Reset_Reason.o
                0x0000000008004c3c                reset_cause_get
 .text.reset_cause_get_name
                0x0000000008004c98       0x18 ./Core/Src/Last_Reset_Reason.o
                0x0000000008004c98                reset_cause_get_name
 .text.Send_Relay_Statuses_2_MIE
                0x0000000008004cb0       0x84 ./Core/Src/Medha.o
                0x0000000008004cb0                Send_Relay_Statuses_2_MIE
 .text.Process_Clear_Relays
                0x0000000008004d34      0x16c ./Core/Src/Medha.o
                0x0000000008004d34                Process_Clear_Relays
 .text.Send_Data_to_Other
                0x0000000008004ea0       0x84 ./Core/Src/Medha.o
                0x0000000008004ea0                Send_Data_to_Other
 .text.Process_Data_from_Other
                0x0000000008004f24      0x1dc ./Core/Src/Medha.o
                0x0000000008004f24                Process_Data_from_Other
 .text.Print_Medha_Self_Details
                0x0000000008005100       0xb8 ./Core/Src/Medha.o
                0x0000000008005100                Print_Medha_Self_Details
 .text.Update_MedhaCommands
                0x00000000080051b8       0x5c ./Core/Src/Medha.o
                0x00000000080051b8                Update_MedhaCommands
 .text.Is_MedhaCommand_Valid
                0x0000000008005214       0x40 ./Core/Src/Medha.o
                0x0000000008005214                Is_MedhaCommand_Valid
 .text.CheckforMedhaCMD
                0x0000000008005254      0x230 ./Core/Src/Medha.o
                0x0000000008005254                CheckforMedhaCMD
 .text.GetCRC32
                0x0000000008005484       0x24 ./Core/Src/Medha.o
                0x0000000008005484                GetCRC32
 .text.Send_Medha_EI_Reply
                0x00000000080054a8       0xbc ./Core/Src/Medha.o
                0x00000000080054a8                Send_Medha_EI_Reply
 .text.CheckCRC32
                0x0000000008005564       0x2c ./Core/Src/Medha.o
                0x0000000008005564                CheckCRC32
 .text.Get_Medha_EI_Message
                0x0000000008005590      0x10c ./Core/Src/Medha.o
                0x0000000008005590                Get_Medha_EI_Message
 .text.Medha_EI_Analyser
                0x000000000800569c      0x474 ./Core/Src/Medha.o
                0x000000000800569c                Medha_EI_Analyser
 .text.Process_Medha_EI
                0x0000000008005b10       0x60 ./Core/Src/Medha.o
                0x0000000008005b10                Process_Medha_EI
 .text.ReadAndFormMsg
                0x0000000008005b70      0x118 ./Core/Src/Process_Cmd.o
                0x0000000008005b70                ReadAndFormMsg
 .text.SendAck  0x0000000008005c88       0x70 ./Core/Src/Process_Cmd.o
                0x0000000008005c88                SendAck
 .text.CheckForRqst
                0x0000000008005cf8       0x7c ./Core/Src/Process_Cmd.o
                0x0000000008005cf8                CheckForRqst
 .text.ReadAndFormConfig
                0x0000000008005d74       0xf4 ./Core/Src/Process_Cmd.o
                0x0000000008005d74                ReadAndFormConfig
 .text.bcdToDec
                0x0000000008005e68       0x12 ./Core/Src/RTC.o
                0x0000000008005e68                bcdToDec
 .text.Dec_to_BCD
                0x0000000008005e7a       0x12 ./Core/Src/RTC.o
                0x0000000008005e7a                Dec_to_BCD
 .text.Is_GPS_Valid
                0x0000000008005e8c       0x20 ./Core/Src/RTC.o
                0x0000000008005e8c                Is_GPS_Valid
 .text.Get_time
                0x0000000008005eac       0x94 ./Core/Src/RTC.o
                0x0000000008005eac                Get_time
 .text.Write_RTC
                0x0000000008005f40       0xfc ./Core/Src/RTC.o
                0x0000000008005f40                Write_RTC
 .text.Update_Time_Every_Sec
                0x000000000800603c       0x20 ./Core/Src/RTC.o
                0x000000000800603c                Update_Time_Every_Sec
 .text.Data_Compliment.part.0
                0x000000000800605c       0x38 ./Core/Src/Siemens.o
 .text.ExtractAppData
                0x0000000008006094       0x50 ./Core/Src/Siemens.o
                0x0000000008006094                ExtractAppData
 .text.ProcessSendingSignals2MIE
                0x00000000080060e4       0xd4 ./Core/Src/Siemens.o
                0x00000000080060e4                ProcessSendingSignals2MIE
 .text.ProcessSelfSharing
                0x00000000080061b8       0x38 ./Core/Src/Siemens.o
                0x00000000080061b8                ProcessSelfSharing
 .text.ProcessDetectNoValidDataReceive
                0x00000000080061f0       0x60 ./Core/Src/Siemens.o
                0x00000000080061f0                ProcessDetectNoValidDataReceive
 .text.SendRelays2Other
                0x0000000008006250       0x24 ./Core/Src/Siemens.o
                0x0000000008006250                SendRelays2Other
 .text.CheckRelayMisMatch
                0x0000000008006274       0x58 ./Core/Src/Siemens.o
                0x0000000008006274                CheckRelayMisMatch
 .text.Detect_SiemensCAN_Xchange_Failure
                0x00000000080062cc       0x58 ./Core/Src/Siemens.o
                0x00000000080062cc                Detect_SiemensCAN_Xchange_Failure
 .text.Update_SiemensCommands
                0x0000000008006324       0xe8 ./Core/Src/Siemens.o
                0x0000000008006324                Update_SiemensCommands
 .text.Is_SiemensCommand_Valid
                0x000000000800640c       0x40 ./Core/Src/Siemens.o
                0x000000000800640c                Is_SiemensCommand_Valid
 .text.Chech_forSiemensCMD
                0x000000000800644c      0x230 ./Core/Src/Siemens.o
                0x000000000800644c                Chech_forSiemensCMD
 .text.Siemens_CRC
                0x000000000800667c       0x32 ./Core/Src/Siemens.o
                0x000000000800667c                Siemens_CRC
 .text.Calculate_Parity
                0x00000000080066ae       0x2a ./Core/Src/Siemens.o
                0x00000000080066ae                Calculate_Parity
 .text.Verify_parity
                0x00000000080066d8       0x60 ./Core/Src/Siemens.o
                0x00000000080066d8                Verify_parity
 .text.Extract_Parity_Data
                0x0000000008006738       0x7c ./Core/Src/Siemens.o
                0x0000000008006738                Extract_Parity_Data
 .text.Insert_cal_parity
                0x00000000080067b4       0xfc ./Core/Src/Siemens.o
                0x00000000080067b4                Insert_cal_parity
 .text.Data_Compliment
                0x00000000080068b0       0x32 ./Core/Src/Siemens.o
                0x00000000080068b0                Data_Compliment
 *fill*         0x00000000080068e2        0x2 
 .text.CheckToSendReplyorNot
                0x00000000080068e4       0x28 ./Core/Src/Siemens.o
                0x00000000080068e4                CheckToSendReplyorNot
 .text.Form_Siemens_Reply
                0x000000000800690c      0x220 ./Core/Src/Siemens.o
                0x000000000800690c                Form_Siemens_Reply
 .text.PrintSignals
                0x0000000008006b2c       0x88 ./Core/Src/Siemens.o
                0x0000000008006b2c                PrintSignals
 .text.Print_Siemens_MSG
                0x0000000008006bb4      0x12c ./Core/Src/Siemens.o
                0x0000000008006bb4                Print_Siemens_MSG
 .text.Siemens_Data_Analyser
                0x0000000008006ce0      0x6cc ./Core/Src/Siemens.o
                0x0000000008006ce0                Siemens_Data_Analyser
 .text.GetTimeStamp
                0x00000000080073ac       0x68 ./Core/Src/Siemens.o
                0x00000000080073ac                GetTimeStamp
 .text.Process_SiemensEI
                0x0000000008007414       0x6c ./Core/Src/Siemens.o
                0x0000000008007414                Process_SiemensEI
 .text.UpdateSIGNALSNames
                0x0000000008007480      0x394 ./Core/Src/Siemens.o
                0x0000000008007480                UpdateSIGNALSNames
 .text.print_self_DetailsSiemens
                0x0000000008007814      0x180 ./Core/Src/Siemens.o
                0x0000000008007814                print_self_DetailsSiemens
 .text.HAL_Elaps_Ticks
                0x0000000008007994       0x12 ./Core/Src/Ticks.o
                0x0000000008007994                HAL_Elaps_Ticks
 *fill*         0x00000000080079a6        0x2 
 .text.UDP_Receive_Callback
                0x00000000080079a8      0x160 ./Core/Src/User_UDP.o
                0x00000000080079a8                UDP_Receive_Callback
 .text.udpClient_connect
                0x0000000008007b08       0x9c ./Core/Src/User_UDP.o
                0x0000000008007b08                udpClient_connect
 .text.udpServer_init
                0x0000000008007ba4       0x68 ./Core/Src/User_UDP.o
                0x0000000008007ba4                udpServer_init
 .text.udpClient_send
                0x0000000008007c0c       0x50 ./Core/Src/User_UDP.o
                0x0000000008007c0c                udpClient_send
 .text.Is_There_EI_Data
                0x0000000008007c5c       0x18 ./Core/Src/User_UDP.o
                0x0000000008007c5c                Is_There_EI_Data
 .text.Get_Eth_Byte
                0x0000000008007c74       0x3c ./Core/Src/User_UDP.o
                0x0000000008007c74                Get_Eth_Byte
 .text.MX_CAN2_Init
                0x0000000008007cb0       0x9c ./Core/Src/can.o
                0x0000000008007cb0                MX_CAN2_Init
 .text.MX_CAN3_Init
                0x0000000008007d4c       0x74 ./Core/Src/can.o
                0x0000000008007d4c                MX_CAN3_Init
 .text.HAL_CAN_MspInit
                0x0000000008007dc0      0x108 ./Core/Src/can.o
                0x0000000008007dc0                HAL_CAN_MspInit
 .text.CAN_transmit
                0x0000000008007ec8       0xfc ./Core/Src/can.o
                0x0000000008007ec8                CAN_transmit
 .text.sendCanPkts
                0x0000000008007fc4       0x2c ./Core/Src/can.o
                0x0000000008007fc4                sendCanPkts
 .text.TransmitCanPkt
                0x0000000008007ff0      0x3e4 ./Core/Src/can.o
                0x0000000008007ff0                TransmitCanPkt
 .text.HAL_CAN_RxFifo0MsgPendingCallback
                0x00000000080083d4       0x74 ./Core/Src/can.o
                0x00000000080083d4                HAL_CAN_RxFifo0MsgPendingCallback
 .text.HAL_CAN_RxFifo1MsgPendingCallback
                0x0000000008008448       0x7c ./Core/Src/can.o
                0x0000000008008448                HAL_CAN_RxFifo1MsgPendingCallback
 .text.canDataReady
                0x00000000080084c4       0x50 ./Core/Src/can.o
                0x00000000080084c4                canDataReady
 .text.readCanToStructs
                0x0000000008008514     0x1e38 ./Core/Src/can.o
                0x0000000008008514                readCanToStructs
 .text.GetCRC16
                0x000000000800a34c       0x4c ./Core/Src/crc.o
                0x000000000800a34c                GetCRC16
 .text.CheckCRC
                0x000000000800a398       0x48 ./Core/Src/crc.o
                0x000000000800a398                CheckCRC
 .text.ComputeCRC
                0x000000000800a3e0       0x1a ./Core/Src/crc.o
                0x000000000800a3e0                ComputeCRC
 .text.ReverseCRCPolynomial
                0x000000000800a3fa       0x18 ./Core/Src/crc.o
                0x000000000800a3fa                ReverseCRCPolynomial
 .text.AnsoldoCrc
                0x000000000800a412       0x1e ./Core/Src/crc.o
                0x000000000800a412                AnsoldoCrc
 .text.CalculateDirectReverseCrc
                0x000000000800a430       0x50 ./Core/Src/crc.o
                0x000000000800a430                CalculateDirectReverseCrc
 .text.MX_GPIO_Init
                0x000000000800a480      0x318 ./Core/Src/gpio.o
                0x000000000800a480                MX_GPIO_Init
 .text.Feed_wdt
                0x000000000800a798       0x2c ./Core/Src/gpio.o
                0x000000000800a798                Feed_wdt
 .text.Blink_S2
                0x000000000800a7c4       0x28 ./Core/Src/gpio.o
                0x000000000800a7c4                Blink_S2
 .text.MX_I2C1_Init
                0x000000000800a7ec       0x58 ./Core/Src/i2c.o
                0x000000000800a7ec                MX_I2C1_Init
 .text.MX_I2C2_Init
                0x000000000800a844       0x58 ./Core/Src/i2c.o
                0x000000000800a844                MX_I2C2_Init
 .text.HAL_I2C_MspInit
                0x000000000800a89c       0xec ./Core/Src/i2c.o
                0x000000000800a89c                HAL_I2C_MspInit
 .text.MX_IWDG_Init
                0x000000000800a988       0x30 ./Core/Src/iwdg.o
                0x000000000800a988                MX_IWDG_Init
 .text.Process_ComFailTimeout
                0x000000000800a9b8       0xdc ./Core/Src/kyosan.o
                0x000000000800a9b8                Process_ComFailTimeout
 .text.SendKyosanRelays2Other
                0x000000000800aa94       0x28 ./Core/Src/kyosan.o
                0x000000000800aa94                SendKyosanRelays2Other
 .text.DetectCanXchangeFailure
                0x000000000800aabc       0x68 ./Core/Src/kyosan.o
                0x000000000800aabc                DetectCanXchangeFailure
 .text.Process_Send_Signals_2_MIE_Kyosan
                0x000000000800ab24       0x98 ./Core/Src/kyosan.o
                0x000000000800ab24                Process_Send_Signals_2_MIE_Kyosan
 .text.Calc_Kysoan_CRC
                0x000000000800abbc       0x30 ./Core/Src/kyosan.o
                0x000000000800abbc                Calc_Kysoan_CRC
 .text.Get_Kyosan_EI_Message
                0x000000000800abec      0x5b8 ./Core/Src/kyosan.o
                0x000000000800abec                Get_Kyosan_EI_Message
 .text.Update_KyosanCommands
                0x000000000800b1a4       0xa0 ./Core/Src/kyosan.o
                0x000000000800b1a4                Update_KyosanCommands
 .text.Is_KyosanCommand_Valid
                0x000000000800b244       0x40 ./Core/Src/kyosan.o
                0x000000000800b244                Is_KyosanCommand_Valid
 .text.Check_forKyosanCMD
                0x000000000800b284      0x1bc ./Core/Src/kyosan.o
                0x000000000800b284                Check_forKyosanCMD
 .text.Process_Kyosan_EI
                0x000000000800b440       0x58 ./Core/Src/kyosan.o
                0x000000000800b440                Process_Kyosan_EI
 .text.SystemClock_Config
                0x000000000800b498       0xa0 ./Core/Src/main.o
                0x000000000800b498                SystemClock_Config
 .text.Get_Build_Details
                0x000000000800b538       0x8c ./Core/Src/main.o
                0x000000000800b538                Get_Build_Details
 .text.startup.main
                0x000000000800b5c4      0x238 ./Core/Src/main.o
                0x000000000800b5c4                main
 .text.Error_Handler
                0x000000000800b7fc        0x4 ./Core/Src/main.o
                0x000000000800b7fc                Error_Handler
 .text.MX_RNG_Init
                0x000000000800b800       0x20 ./Core/Src/rng.o
                0x000000000800b800                MX_RNG_Init
 .text.HAL_RNG_MspInit
                0x000000000800b820       0x4c ./Core/Src/rng.o
                0x000000000800b820                HAL_RNG_MspInit
 .text.MX_SPI1_Init
                0x000000000800b86c       0x4c ./Core/Src/spi.o
                0x000000000800b86c                MX_SPI1_Init
 .text.HAL_SPI_MspInit
                0x000000000800b8b8       0xc0 ./Core/Src/spi.o
                0x000000000800b8b8                HAL_SPI_MspInit
 .text.SPI_WriteInFlash
                0x000000000800b978      0x194 ./Core/Src/spi.o
                0x000000000800b978                SPI_WriteInFlash
 .text.SPI_MemoryEraseBySector
                0x000000000800bb0c      0x178 ./Core/Src/spi.o
                0x000000000800bb0c                SPI_MemoryEraseBySector
 .text.SPI_ReadFromFlash
                0x000000000800bc84       0xb4 ./Core/Src/spi.o
                0x000000000800bc84                SPI_ReadFromFlash
 .text.saveConfig
                0x000000000800bd38       0xa4 ./Core/Src/spi.o
                0x000000000800bd38                saveConfig
 .text.AutoLoadDat
                0x000000000800bddc       0xd0 ./Core/Src/spi.o
                0x000000000800bddc                AutoLoadDat
 .text.Data_Processing
                0x000000000800beac       0x2c ./Core/Src/spi.o
                0x000000000800beac                Data_Processing
 .text.Get_Config
                0x000000000800bed8      0x114 ./Core/Src/spi.o
                0x000000000800bed8                Get_Config
 .text.Print_BuildDat_Details
                0x000000000800bfec       0x68 ./Core/Src/spi.o
                0x000000000800bfec                Print_BuildDat_Details
 .text.HAL_MspInit
                0x000000000800c054       0x34 ./Core/Src/stm32f7xx_hal_msp.o
                0x000000000800c054                HAL_MspInit
 .text.NMI_Handler
                0x000000000800c088        0x2 ./Core/Src/stm32f7xx_it.o
                0x000000000800c088                NMI_Handler
 .text.HardFault_Handler
                0x000000000800c08a        0x2 ./Core/Src/stm32f7xx_it.o
                0x000000000800c08a                HardFault_Handler
 .text.MemManage_Handler
                0x000000000800c08c        0x2 ./Core/Src/stm32f7xx_it.o
                0x000000000800c08c                MemManage_Handler
 .text.BusFault_Handler
                0x000000000800c08e        0x2 ./Core/Src/stm32f7xx_it.o
                0x000000000800c08e                BusFault_Handler
 .text.UsageFault_Handler
                0x000000000800c090        0x2 ./Core/Src/stm32f7xx_it.o
                0x000000000800c090                UsageFault_Handler
 .text.SVC_Handler
                0x000000000800c092        0x2 ./Core/Src/stm32f7xx_it.o
                0x000000000800c092                SVC_Handler
 .text.DebugMon_Handler
                0x000000000800c094        0x2 ./Core/Src/stm32f7xx_it.o
                0x000000000800c094                DebugMon_Handler
 .text.PendSV_Handler
                0x000000000800c096        0x2 ./Core/Src/stm32f7xx_it.o
                0x000000000800c096                PendSV_Handler
 .text.SysTick_Handler
                0x000000000800c098        0x4 ./Core/Src/stm32f7xx_it.o
                0x000000000800c098                SysTick_Handler
 .text.EXTI0_IRQHandler
                0x000000000800c09c        0x6 ./Core/Src/stm32f7xx_it.o
                0x000000000800c09c                EXTI0_IRQHandler
 .text.EXTI1_IRQHandler
                0x000000000800c0a2        0x6 ./Core/Src/stm32f7xx_it.o
                0x000000000800c0a2                EXTI1_IRQHandler
 .text.TIM4_IRQHandler
                0x000000000800c0a8        0xc ./Core/Src/stm32f7xx_it.o
                0x000000000800c0a8                TIM4_IRQHandler
 .text.USART1_IRQHandler
                0x000000000800c0b4        0xc ./Core/Src/stm32f7xx_it.o
                0x000000000800c0b4                USART1_IRQHandler
 .text.TIM5_IRQHandler
                0x000000000800c0c0        0xc ./Core/Src/stm32f7xx_it.o
                0x000000000800c0c0                TIM5_IRQHandler
 .text.UART4_IRQHandler
                0x000000000800c0cc        0xc ./Core/Src/stm32f7xx_it.o
                0x000000000800c0cc                UART4_IRQHandler
 .text.UART5_IRQHandler
                0x000000000800c0d8        0xc ./Core/Src/stm32f7xx_it.o
                0x000000000800c0d8                UART5_IRQHandler
 .text.TIM6_DAC_IRQHandler
                0x000000000800c0e4        0xc ./Core/Src/stm32f7xx_it.o
                0x000000000800c0e4                TIM6_DAC_IRQHandler
 .text.TIM7_IRQHandler
                0x000000000800c0f0        0xc ./Core/Src/stm32f7xx_it.o
                0x000000000800c0f0                TIM7_IRQHandler
 .text.ETH_IRQHandler
                0x000000000800c0fc        0xc ./Core/Src/stm32f7xx_it.o
                0x000000000800c0fc                ETH_IRQHandler
 .text.CAN2_RX0_IRQHandler
                0x000000000800c108        0xc ./Core/Src/stm32f7xx_it.o
                0x000000000800c108                CAN2_RX0_IRQHandler
 .text.CAN2_RX1_IRQHandler
                0x000000000800c114        0x4 ./Core/Src/stm32f7xx_it.o
                0x000000000800c114                CAN2_RX1_IRQHandler
 .text.UART7_IRQHandler
                0x000000000800c118        0xc ./Core/Src/stm32f7xx_it.o
                0x000000000800c118                UART7_IRQHandler
 .text.CAN3_RX0_IRQHandler
                0x000000000800c124        0xc ./Core/Src/stm32f7xx_it.o
                0x000000000800c124                CAN3_RX0_IRQHandler
 .text.CAN3_RX1_IRQHandler
                0x000000000800c130        0x4 ./Core/Src/stm32f7xx_it.o
                0x000000000800c130                CAN3_RX1_IRQHandler
 .text._getpid  0x000000000800c134        0x4 ./Core/Src/syscalls.o
                0x000000000800c134                _getpid
 .text._kill    0x000000000800c138       0x10 ./Core/Src/syscalls.o
                0x000000000800c138                _kill
 .text._exit    0x000000000800c148        0xc ./Core/Src/syscalls.o
                0x000000000800c148                _exit
 .text._read    0x000000000800c154       0x1c ./Core/Src/syscalls.o
                0x000000000800c154                _read
 .text._write   0x000000000800c170       0x1c ./Core/Src/syscalls.o
                0x000000000800c170                _write
 .text._close   0x000000000800c18c        0x6 ./Core/Src/syscalls.o
                0x000000000800c18c                _close
 .text._fstat   0x000000000800c192        0xa ./Core/Src/syscalls.o
                0x000000000800c192                _fstat
 .text._isatty  0x000000000800c19c        0x4 ./Core/Src/syscalls.o
                0x000000000800c19c                _isatty
 .text._lseek   0x000000000800c1a0        0x4 ./Core/Src/syscalls.o
                0x000000000800c1a0                _lseek
 .text._sbrk    0x000000000800c1a4       0x40 ./Core/Src/sysmem.o
                0x000000000800c1a4                _sbrk
 .text.SystemInit
                0x000000000800c1e4       0x14 ./Core/Src/system_stm32f7xx.o
                0x000000000800c1e4                SystemInit
 .text.MX_UART5_Init
                0x000000000800c1f8       0x48 ./Core/Src/usart.o
                0x000000000800c1f8                MX_UART5_Init
 .text.MX_USART1_UART_Init
                0x000000000800c240       0x48 ./Core/Src/usart.o
                0x000000000800c240                MX_USART1_UART_Init
 .text.HAL_UART_MspInit
                0x000000000800c288      0x218 ./Core/Src/usart.o
                0x000000000800c288                HAL_UART_MspInit
 .text.UART4_Init
                0x000000000800c4a0       0x44 ./Core/Src/usart.o
                0x000000000800c4a0                UART4_Init
 .text.HAL_UARTEx_RxEventCallback
                0x000000000800c4e4      0x18c ./Core/Src/usart.o
                0x000000000800c4e4                HAL_UARTEx_RxEventCallback
 .text.Com_DataReady
                0x000000000800c670       0x28 ./Core/Src/usart.o
                0x000000000800c670                Com_DataReady
 .text.Com_Get_Byte
                0x000000000800c698       0x48 ./Core/Src/usart.o
                0x000000000800c698                Com_Get_Byte
 .text.Com_SendByte
                0x000000000800c6e0       0x64 ./Core/Src/usart.o
                0x000000000800c6e0                Com_SendByte
 .text.CommTransmitMessage
                0x000000000800c744       0x64 ./Core/Src/usart.o
                0x000000000800c744                CommTransmitMessage
 .text.Enable_UART_Interrupts
                0x000000000800c7a8       0x50 ./Core/Src/usart.o
                0x000000000800c7a8                Enable_UART_Interrupts
 .text.Reset_Handler
                0x000000000800c7f8       0x50 ./Core/Startup/startup_stm32f769bitx.o
                0x000000000800c7f8                Reset_Handler
 .text.Default_Handler
                0x000000000800c848        0x2 ./Core/Startup/startup_stm32f769bitx.o
                0x000000000800c848                RTC_Alarm_IRQHandler
                0x000000000800c848                EXTI2_IRQHandler
                0x000000000800c848                TIM8_CC_IRQHandler
                0x000000000800c848                UART8_IRQHandler
                0x000000000800c848                SPI4_IRQHandler
                0x000000000800c848                TIM1_CC_IRQHandler
                0x000000000800c848                DMA2_Stream5_IRQHandler
                0x000000000800c848                JPEG_IRQHandler
                0x000000000800c848                DMA1_Stream5_IRQHandler
                0x000000000800c848                PVD_IRQHandler
                0x000000000800c848                TAMP_STAMP_IRQHandler
                0x000000000800c848                EXTI3_IRQHandler
                0x000000000800c848                TIM8_TRG_COM_TIM14_IRQHandler
                0x000000000800c848                DFSDM1_FLT1_IRQHandler
                0x000000000800c848                TIM1_UP_TIM10_IRQHandler
                0x000000000800c848                TIM8_UP_TIM13_IRQHandler
                0x000000000800c848                I2C3_ER_IRQHandler
                0x000000000800c848                DFSDM1_FLT2_IRQHandler
                0x000000000800c848                I2C2_EV_IRQHandler
                0x000000000800c848                DMA1_Stream2_IRQHandler
                0x000000000800c848                CAN1_RX0_IRQHandler
                0x000000000800c848                FPU_IRQHandler
                0x000000000800c848                OTG_HS_WKUP_IRQHandler
                0x000000000800c848                CAN3_SCE_IRQHandler
                0x000000000800c848                LTDC_ER_IRQHandler
                0x000000000800c848                CAN2_SCE_IRQHandler
                0x000000000800c848                DMA2_Stream2_IRQHandler
                0x000000000800c848                SPI1_IRQHandler
                0x000000000800c848                TIM1_BRK_TIM9_IRQHandler
                0x000000000800c848                DCMI_IRQHandler
                0x000000000800c848                DMA2_Stream3_IRQHandler
                0x000000000800c848                SAI2_IRQHandler
                0x000000000800c848                DFSDM1_FLT3_IRQHandler
                0x000000000800c848                USART6_IRQHandler
                0x000000000800c848                USART3_IRQHandler
                0x000000000800c848                CAN1_RX1_IRQHandler
                0x000000000800c848                DMA2_Stream0_IRQHandler
                0x000000000800c848                QUADSPI_IRQHandler
                0x000000000800c848                I2C1_EV_IRQHandler
                0x000000000800c848                DMA1_Stream6_IRQHandler
                0x000000000800c848                DMA1_Stream1_IRQHandler
                0x000000000800c848                TIM3_IRQHandler
                0x000000000800c848                RCC_IRQHandler
                0x000000000800c848                TIM8_BRK_TIM12_IRQHandler
                0x000000000800c848                Default_Handler
                0x000000000800c848                CEC_IRQHandler
                0x000000000800c848                EXTI15_10_IRQHandler
                0x000000000800c848                ADC_IRQHandler
                0x000000000800c848                DMA1_Stream7_IRQHandler
                0x000000000800c848                SPI5_IRQHandler
                0x000000000800c848                SDMMC1_IRQHandler
                0x000000000800c848                CAN2_TX_IRQHandler
                0x000000000800c848                DMA2_Stream7_IRQHandler
                0x000000000800c848                I2C3_EV_IRQHandler
                0x000000000800c848                EXTI9_5_IRQHandler
                0x000000000800c848                RTC_WKUP_IRQHandler
                0x000000000800c848                LTDC_IRQHandler
                0x000000000800c848                ETH_WKUP_IRQHandler
                0x000000000800c848                SPDIF_RX_IRQHandler
                0x000000000800c848                SPI2_IRQHandler
                0x000000000800c848                OTG_HS_EP1_IN_IRQHandler
                0x000000000800c848                DMA1_Stream0_IRQHandler
                0x000000000800c848                CAN1_TX_IRQHandler
                0x000000000800c848                EXTI4_IRQHandler
                0x000000000800c848                RNG_IRQHandler
                0x000000000800c848                DSI_IRQHandler
                0x000000000800c848                OTG_HS_EP1_OUT_IRQHandler
                0x000000000800c848                WWDG_IRQHandler
                0x000000000800c848                SPI6_IRQHandler
                0x000000000800c848                MDIOS_IRQHandler
                0x000000000800c848                I2C4_EV_IRQHandler
                0x000000000800c848                CAN3_TX_IRQHandler
                0x000000000800c848                TIM2_IRQHandler
                0x000000000800c848                OTG_FS_WKUP_IRQHandler
                0x000000000800c848                TIM1_TRG_COM_TIM11_IRQHandler
                0x000000000800c848                OTG_HS_IRQHandler
                0x000000000800c848                DMA2D_IRQHandler
                0x000000000800c848                SDMMC2_IRQHandler
                0x000000000800c848                USART2_IRQHandler
                0x000000000800c848                DFSDM1_FLT0_IRQHandler
                0x000000000800c848                I2C2_ER_IRQHandler
                0x000000000800c848                DMA2_Stream1_IRQHandler
                0x000000000800c848                CAN1_SCE_IRQHandler
                0x000000000800c848                FLASH_IRQHandler
                0x000000000800c848                DMA2_Stream4_IRQHandler
                0x000000000800c848                OTG_FS_IRQHandler
                0x000000000800c848                SPI3_IRQHandler
                0x000000000800c848                DMA1_Stream4_IRQHandler
                0x000000000800c848                I2C1_ER_IRQHandler
                0x000000000800c848                FMC_IRQHandler
                0x000000000800c848                LPTIM1_IRQHandler
                0x000000000800c848                I2C4_ER_IRQHandler
                0x000000000800c848                DMA2_Stream6_IRQHandler
                0x000000000800c848                SAI1_IRQHandler
                0x000000000800c848                DMA1_Stream3_IRQHandler
 .text.DP83848_RegisterBusIO
                0x000000000800c84a       0x28 ./Drivers/BSP/Components/dp83848/dp83848.o
                0x000000000800c84a                DP83848_RegisterBusIO
 .text.DP83848_Init
                0x000000000800c872       0xc2 ./Drivers/BSP/Components/dp83848/dp83848.o
                0x000000000800c872                DP83848_Init
 .text.DP83848_GetLinkState
                0x000000000800c934       0x94 ./Drivers/BSP/Components/dp83848/dp83848.o
                0x000000000800c934                DP83848_GetLinkState
 .text.HAL_InitTick
                0x000000000800c9c8       0x48 ./Drivers/STM32F7xx_HAL_Driver/Src/stm32f7xx_hal.o
                0x000000000800c9c8                HAL_InitTick
 .text.HAL_Init
                0x000000000800ca10       0x2c ./Drivers/STM32F7xx_HAL_Driver/Src/stm32f7xx_hal.o
                0x000000000800ca10                HAL_Init
 .text.HAL_IncTick
                0x000000000800ca3c       0x18 ./Drivers/STM32F7xx_HAL_Driver/Src/stm32f7xx_hal.o
                0x000000000800ca3c                HAL_IncTick
 .text.HAL_GetTick
                0x000000000800ca54        0xc ./Drivers/STM32F7xx_HAL_Driver/Src/stm32f7xx_hal.o
                0x000000000800ca54                HAL_GetTick
 .text.HAL_Delay
                0x000000000800ca60       0x24 ./Drivers/STM32F7xx_HAL_Driver/Src/stm32f7xx_hal.o
                0x000000000800ca60                HAL_Delay
 .text.HAL_CAN_ErrorCallback
                0x000000000800ca84        0x2 ./Drivers/STM32F7xx_HAL_Driver/Src/stm32f7xx_hal_can.o
                0x000000000800ca84                HAL_CAN_ErrorCallback
 .text.HAL_CAN_TxMailbox0CompleteCallback
                0x000000000800ca86        0x2 ./Drivers/STM32F7xx_HAL_Driver/Src/stm32f7xx_hal_can.o
                0x000000000800ca86                HAL_CAN_TxMailbox0CompleteCallback
 .text.HAL_CAN_TxMailbox1CompleteCallback
                0x000000000800ca88        0x2 ./Drivers/STM32F7xx_HAL_Driver/Src/stm32f7xx_hal_can.o
                0x000000000800ca88                HAL_CAN_TxMailbox1CompleteCallback
 .text.HAL_CAN_TxMailbox2CompleteCallback
                0x000000000800ca8a        0x2 ./Drivers/STM32F7xx_HAL_Driver/Src/stm32f7xx_hal_can.o
                0x000000000800ca8a                HAL_CAN_TxMailbox2CompleteCallback
 .text.HAL_CAN_TxMailbox0AbortCallback
                0x000000000800ca8c        0x2 ./Drivers/STM32F7xx_HAL_Driver/Src/stm32f7xx_hal_can.o
                0x000000000800ca8c                HAL_CAN_TxMailbox0AbortCallback
 .text.HAL_CAN_TxMailbox1AbortCallback
                0x000000000800ca8e        0x2 ./Drivers/STM32F7xx_HAL_Driver/Src/stm32f7xx_hal_can.o
                0x000000000800ca8e                HAL_CAN_TxMailbox1AbortCallback
 .text.HAL_CAN_TxMailbox2AbortCallback
                0x000000000800ca90        0x2 ./Drivers/STM32F7xx_HAL_Driver/Src/stm32f7xx_hal_can.o
                0x000000000800ca90                HAL_CAN_TxMailbox2AbortCallback
 .text.HAL_CAN_RxFifo0FullCallback
                0x000000000800ca92        0x2 ./Drivers/STM32F7xx_HAL_Driver/Src/stm32f7xx_hal_can.o
                0x000000000800ca92                HAL_CAN_RxFifo0FullCallback
 .text.HAL_CAN_RxFifo1FullCallback
                0x000000000800ca94        0x2 ./Drivers/STM32F7xx_HAL_Driver/Src/stm32f7xx_hal_can.o
                0x000000000800ca94                HAL_CAN_RxFifo1FullCallback
 .text.HAL_CAN_SleepCallback
                0x000000000800ca96        0x2 ./Drivers/STM32F7xx_HAL_Driver/Src/stm32f7xx_hal_can.o
                0x000000000800ca96                HAL_CAN_SleepCallback
 .text.HAL_CAN_WakeUpFromRxMsgCallback
                0x000000000800ca98        0x2 ./Drivers/STM32F7xx_HAL_Driver/Src/stm32f7xx_hal_can.o
                0x000000000800ca98                HAL_CAN_WakeUpFromRxMsgCallback
 *fill*         0x000000000800ca9a        0x2 
 .text.HAL_CAN_Init
                0x000000000800ca9c      0x170 ./Drivers/STM32F7xx_HAL_Driver/Src/stm32f7xx_hal_can.o
                0x000000000800ca9c                HAL_CAN_Init
 .text.HAL_CAN_ConfigFilter
                0x000000000800cc0c      0x110 ./Drivers/STM32F7xx_HAL_Driver/Src/stm32f7xx_hal_can.o
                0x000000000800cc0c                HAL_CAN_ConfigFilter
 .text.HAL_CAN_Start
                0x000000000800cd1c       0x5c ./Drivers/STM32F7xx_HAL_Driver/Src/stm32f7xx_hal_can.o
                0x000000000800cd1c                HAL_CAN_Start
 .text.HAL_CAN_AddTxMessage
                0x000000000800cd78       0x90 ./Drivers/STM32F7xx_HAL_Driver/Src/stm32f7xx_hal_can.o
                0x000000000800cd78                HAL_CAN_AddTxMessage
 .text.HAL_CAN_IsTxMessagePending
                0x000000000800ce08       0x22 ./Drivers/STM32F7xx_HAL_Driver/Src/stm32f7xx_hal_can.o
                0x000000000800ce08                HAL_CAN_IsTxMessagePending
 .text.HAL_CAN_GetRxMessage
                0x000000000800ce2a       0xee ./Drivers/STM32F7xx_HAL_Driver/Src/stm32f7xx_hal_can.o
                0x000000000800ce2a                HAL_CAN_GetRxMessage
 .text.HAL_CAN_ActivateNotification
                0x000000000800cf18       0x22 ./Drivers/STM32F7xx_HAL_Driver/Src/stm32f7xx_hal_can.o
                0x000000000800cf18                HAL_CAN_ActivateNotification
 .text.HAL_CAN_IRQHandler
                0x000000000800cf3a      0x206 ./Drivers/STM32F7xx_HAL_Driver/Src/stm32f7xx_hal_can.o
                0x000000000800cf3a                HAL_CAN_IRQHandler
 .text.HAL_NVIC_SetPriorityGrouping
                0x000000000800d140       0x24 ./Drivers/STM32F7xx_HAL_Driver/Src/stm32f7xx_hal_cortex.o
                0x000000000800d140                HAL_NVIC_SetPriorityGrouping
 .text.HAL_NVIC_SetPriority
                0x000000000800d164       0x64 ./Drivers/STM32F7xx_HAL_Driver/Src/stm32f7xx_hal_cortex.o
                0x000000000800d164                HAL_NVIC_SetPriority
 .text.HAL_NVIC_EnableIRQ
                0x000000000800d1c8       0x1c ./Drivers/STM32F7xx_HAL_Driver/Src/stm32f7xx_hal_cortex.o
                0x000000000800d1c8                HAL_NVIC_EnableIRQ
 .text.HAL_SYSTICK_Config
                0x000000000800d1e4       0x28 ./Drivers/STM32F7xx_HAL_Driver/Src/stm32f7xx_hal_cortex.o
                0x000000000800d1e4                HAL_SYSTICK_Config
 .text.HAL_MPU_Disable
                0x000000000800d20c       0x1c ./Drivers/STM32F7xx_HAL_Driver/Src/stm32f7xx_hal_cortex.o
                0x000000000800d20c                HAL_MPU_Disable
 .text.HAL_MPU_Enable
                0x000000000800d228       0x20 ./Drivers/STM32F7xx_HAL_Driver/Src/stm32f7xx_hal_cortex.o
                0x000000000800d228                HAL_MPU_Enable
 .text.HAL_MPU_ConfigRegion
                0x000000000800d248       0x58 ./Drivers/STM32F7xx_HAL_Driver/Src/stm32f7xx_hal_cortex.o
                0x000000000800d248                HAL_MPU_ConfigRegion
 .text.HAL_DMA_Abort
                0x000000000800d2a0       0x88 ./Drivers/STM32F7xx_HAL_Driver/Src/stm32f7xx_hal_dma.o
                0x000000000800d2a0                HAL_DMA_Abort
 .text.HAL_DMA_Abort_IT
                0x000000000800d328       0x24 ./Drivers/STM32F7xx_HAL_Driver/Src/stm32f7xx_hal_dma.o
                0x000000000800d328                HAL_DMA_Abort_IT
 .text.ETH_Prepare_Tx_Descriptors
                0x000000000800d34c      0x154 ./Drivers/STM32F7xx_HAL_Driver/Src/stm32f7xx_hal_eth.o
 .text.ETH_SetMACConfig
                0x000000000800d4a0      0x108 ./Drivers/STM32F7xx_HAL_Driver/Src/stm32f7xx_hal_eth.o
 .text.ETH_SetDMAConfig
                0x000000000800d5a8       0xac ./Drivers/STM32F7xx_HAL_Driver/Src/stm32f7xx_hal_eth.o
 .text.ETH_FlushTransmitFIFO
                0x000000000800d654       0x2e ./Drivers/STM32F7xx_HAL_Driver/Src/stm32f7xx_hal_eth.o
 *fill*         0x000000000800d682        0x2 
 .text.ETH_UpdateDescriptor
                0x000000000800d684       0x90 ./Drivers/STM32F7xx_HAL_Driver/Src/stm32f7xx_hal_eth.o
 .text.HAL_ETH_Init
                0x000000000800d714      0x1d4 ./Drivers/STM32F7xx_HAL_Driver/Src/stm32f7xx_hal_eth.o
                0x000000000800d714                HAL_ETH_Init
 .text.HAL_ETH_Start
                0x000000000800d8e8       0x6c ./Drivers/STM32F7xx_HAL_Driver/Src/stm32f7xx_hal_eth.o
                0x000000000800d8e8                HAL_ETH_Start
 .text.HAL_ETH_Stop
                0x000000000800d954       0x64 ./Drivers/STM32F7xx_HAL_Driver/Src/stm32f7xx_hal_eth.o
                0x000000000800d954                HAL_ETH_Stop
 .text.HAL_ETH_Transmit
                0x000000000800d9b8       0xb0 ./Drivers/STM32F7xx_HAL_Driver/Src/stm32f7xx_hal_eth.o
                0x000000000800d9b8                HAL_ETH_Transmit
 .text.HAL_ETH_ReadData
                0x000000000800da68       0xfa ./Drivers/STM32F7xx_HAL_Driver/Src/stm32f7xx_hal_eth.o
                0x000000000800da68                HAL_ETH_ReadData
 .text.HAL_ETH_TxCpltCallback
                0x000000000800db62        0x2 ./Drivers/STM32F7xx_HAL_Driver/Src/stm32f7xx_hal_eth.o
                0x000000000800db62                HAL_ETH_TxCpltCallback
 .text.HAL_ETH_RxCpltCallback
                0x000000000800db64        0x2 ./Drivers/STM32F7xx_HAL_Driver/Src/stm32f7xx_hal_eth.o
                0x000000000800db64                HAL_ETH_RxCpltCallback
 .text.HAL_ETH_ErrorCallback
                0x000000000800db66        0x2 ./Drivers/STM32F7xx_HAL_Driver/Src/stm32f7xx_hal_eth.o
                0x000000000800db66                HAL_ETH_ErrorCallback
 .text.HAL_ETH_PMTCallback
                0x000000000800db68        0x2 ./Drivers/STM32F7xx_HAL_Driver/Src/stm32f7xx_hal_eth.o
                0x000000000800db68                HAL_ETH_PMTCallback
 .text.HAL_ETH_WakeUpCallback
                0x000000000800db6a        0x2 ./Drivers/STM32F7xx_HAL_Driver/Src/stm32f7xx_hal_eth.o
                0x000000000800db6a                HAL_ETH_WakeUpCallback
 .text.HAL_ETH_IRQHandler
                0x000000000800db6c       0xd8 ./Drivers/STM32F7xx_HAL_Driver/Src/stm32f7xx_hal_eth.o
                0x000000000800db6c                HAL_ETH_IRQHandler
 .text.HAL_ETH_ReadPHYRegister
                0x000000000800dc44       0x50 ./Drivers/STM32F7xx_HAL_Driver/Src/stm32f7xx_hal_eth.o
                0x000000000800dc44                HAL_ETH_ReadPHYRegister
 .text.HAL_ETH_WritePHYRegister
                0x000000000800dc94       0x4a ./Drivers/STM32F7xx_HAL_Driver/Src/stm32f7xx_hal_eth.o
                0x000000000800dc94                HAL_ETH_WritePHYRegister
 .text.HAL_ETH_GetMACConfig
                0x000000000800dcde       0xc4 ./Drivers/STM32F7xx_HAL_Driver/Src/stm32f7xx_hal_eth.o
                0x000000000800dcde                HAL_ETH_GetMACConfig
 .text.HAL_ETH_SetMACConfig
                0x000000000800dda2       0x18 ./Drivers/STM32F7xx_HAL_Driver/Src/stm32f7xx_hal_eth.o
                0x000000000800dda2                HAL_ETH_SetMACConfig
 *fill*         0x000000000800ddba        0x2 
 .text.HAL_ETH_SetMDIOClockRange
                0x000000000800ddbc       0x74 ./Drivers/STM32F7xx_HAL_Driver/Src/stm32f7xx_hal_eth.o
                0x000000000800ddbc                HAL_ETH_SetMDIOClockRange
 .text.HAL_GPIO_Init
                0x000000000800de30      0x1c8 ./Drivers/STM32F7xx_HAL_Driver/Src/stm32f7xx_hal_gpio.o
                0x000000000800de30                HAL_GPIO_Init
 .text.HAL_GPIO_ReadPin
                0x000000000800dff8        0xc ./Drivers/STM32F7xx_HAL_Driver/Src/stm32f7xx_hal_gpio.o
                0x000000000800dff8                HAL_GPIO_ReadPin
 .text.HAL_GPIO_WritePin
                0x000000000800e004        0xa ./Drivers/STM32F7xx_HAL_Driver/Src/stm32f7xx_hal_gpio.o
                0x000000000800e004                HAL_GPIO_WritePin
 .text.HAL_GPIO_TogglePin
                0x000000000800e00e       0x12 ./Drivers/STM32F7xx_HAL_Driver/Src/stm32f7xx_hal_gpio.o
                0x000000000800e00e                HAL_GPIO_TogglePin
 .text.HAL_GPIO_EXTI_Callback
                0x000000000800e020        0x2 ./Drivers/STM32F7xx_HAL_Driver/Src/stm32f7xx_hal_gpio.o
                0x000000000800e020                HAL_GPIO_EXTI_Callback
 *fill*         0x000000000800e022        0x2 
 .text.HAL_GPIO_EXTI_IRQHandler
                0x000000000800e024       0x18 ./Drivers/STM32F7xx_HAL_Driver/Src/stm32f7xx_hal_gpio.o
                0x000000000800e024                HAL_GPIO_EXTI_IRQHandler
 .text.I2C_Flush_TXDR
                0x000000000800e03c       0x1c ./Drivers/STM32F7xx_HAL_Driver/Src/stm32f7xx_hal_i2c.o
 .text.I2C_TransferConfig
                0x000000000800e058       0x2c ./Drivers/STM32F7xx_HAL_Driver/Src/stm32f7xx_hal_i2c.o
 .text.I2C_IsErrorOccurred
                0x000000000800e084      0x102 ./Drivers/STM32F7xx_HAL_Driver/Src/stm32f7xx_hal_i2c.o
 .text.I2C_WaitOnTXISFlagUntilTimeout
                0x000000000800e186       0x4e ./Drivers/STM32F7xx_HAL_Driver/Src/stm32f7xx_hal_i2c.o
 .text.I2C_WaitOnFlagUntilTimeout
                0x000000000800e1d4       0x54 ./Drivers/STM32F7xx_HAL_Driver/Src/stm32f7xx_hal_i2c.o
 .text.I2C_WaitOnSTOPFlagUntilTimeout
                0x000000000800e228       0x4a ./Drivers/STM32F7xx_HAL_Driver/Src/stm32f7xx_hal_i2c.o
 .text.HAL_I2C_Init
                0x000000000800e272       0xa2 ./Drivers/STM32F7xx_HAL_Driver/Src/stm32f7xx_hal_i2c.o
                0x000000000800e272                HAL_I2C_Init
 .text.HAL_I2C_Mem_Write
                0x000000000800e314      0x1b4 ./Drivers/STM32F7xx_HAL_Driver/Src/stm32f7xx_hal_i2c.o
                0x000000000800e314                HAL_I2C_Mem_Write
 .text.HAL_I2C_Mem_Read
                0x000000000800e4c8      0x1bc ./Drivers/STM32F7xx_HAL_Driver/Src/stm32f7xx_hal_i2c.o
                0x000000000800e4c8                HAL_I2C_Mem_Read
 .text.HAL_I2CEx_ConfigAnalogFilter
                0x000000000800e684       0x4c ./Drivers/STM32F7xx_HAL_Driver/Src/stm32f7xx_hal_i2c_ex.o
                0x000000000800e684                HAL_I2CEx_ConfigAnalogFilter
 .text.HAL_I2CEx_ConfigDigitalFilter
                0x000000000800e6d0       0x4a ./Drivers/STM32F7xx_HAL_Driver/Src/stm32f7xx_hal_i2c_ex.o
                0x000000000800e6d0                HAL_I2CEx_ConfigDigitalFilter
 .text.HAL_IWDG_Init
                0x000000000800e71a       0x5c ./Drivers/STM32F7xx_HAL_Driver/Src/stm32f7xx_hal_iwdg.o
                0x000000000800e71a                HAL_IWDG_Init
 .text.HAL_IWDG_Refresh
                0x000000000800e776        0xc ./Drivers/STM32F7xx_HAL_Driver/Src/stm32f7xx_hal_iwdg.o
                0x000000000800e776                HAL_IWDG_Refresh
 *fill*         0x000000000800e782        0x2 
 .text.HAL_RCC_OscConfig
                0x000000000800e784      0x38c ./Drivers/STM32F7xx_HAL_Driver/Src/stm32f7xx_hal_rcc.o
                0x000000000800e784                HAL_RCC_OscConfig
 .text.HAL_RCC_GetSysClockFreq
                0x000000000800eb10       0x5c ./Drivers/STM32F7xx_HAL_Driver/Src/stm32f7xx_hal_rcc.o
                0x000000000800eb10                HAL_RCC_GetSysClockFreq
 .text.HAL_RCC_ClockConfig
                0x000000000800eb6c      0x140 ./Drivers/STM32F7xx_HAL_Driver/Src/stm32f7xx_hal_rcc.o
                0x000000000800eb6c                HAL_RCC_ClockConfig
 .text.HAL_RCC_GetHCLKFreq
                0x000000000800ecac        0xc ./Drivers/STM32F7xx_HAL_Driver/Src/stm32f7xx_hal_rcc.o
                0x000000000800ecac                HAL_RCC_GetHCLKFreq
 .text.HAL_RCC_GetPCLK1Freq
                0x000000000800ecb8       0x20 ./Drivers/STM32F7xx_HAL_Driver/Src/stm32f7xx_hal_rcc.o
                0x000000000800ecb8                HAL_RCC_GetPCLK1Freq
 .text.HAL_RCC_GetPCLK2Freq
                0x000000000800ecd8       0x20 ./Drivers/STM32F7xx_HAL_Driver/Src/stm32f7xx_hal_rcc.o
                0x000000000800ecd8                HAL_RCC_GetPCLK2Freq
 .text.HAL_RCCEx_PeriphCLKConfig
                0x000000000800ecf8      0x558 ./Drivers/STM32F7xx_HAL_Driver/Src/stm32f7xx_hal_rcc_ex.o
                0x000000000800ecf8                HAL_RCCEx_PeriphCLKConfig
 .text.HAL_RNG_Init
                0x000000000800f250       0x30 ./Drivers/STM32F7xx_HAL_Driver/Src/stm32f7xx_hal_rng.o
                0x000000000800f250                HAL_RNG_Init
 .text.HAL_RNG_GenerateRandomNumber
                0x000000000800f280       0x68 ./Drivers/STM32F7xx_HAL_Driver/Src/stm32f7xx_hal_rng.o
                0x000000000800f280                HAL_RNG_GenerateRandomNumber
 .text.HAL_RNG_GetRandomNumber
                0x000000000800f2e8       0x16 ./Drivers/STM32F7xx_HAL_Driver/Src/stm32f7xx_hal_rng.o
                0x000000000800f2e8                HAL_RNG_GetRandomNumber
 *fill*         0x000000000800f2fe        0x2 
 .text.SPI_WaitFlagStateUntilTimeout.constprop.0
                0x000000000800f300       0xa4 ./Drivers/STM32F7xx_HAL_Driver/Src/stm32f7xx_hal_spi.o
 .text.SPI_WaitFifoStateUntilTimeout.constprop.0
                0x000000000800f3a4       0xcc ./Drivers/STM32F7xx_HAL_Driver/Src/stm32f7xx_hal_spi.o
 .text.SPI_EndRxTransaction
                0x000000000800f470       0x9c ./Drivers/STM32F7xx_HAL_Driver/Src/stm32f7xx_hal_spi.o
 .text.SPI_EndRxTxTransaction
                0x000000000800f50c       0x84 ./Drivers/STM32F7xx_HAL_Driver/Src/stm32f7xx_hal_spi.o
 .text.HAL_SPI_Init
                0x000000000800f590       0xdc ./Drivers/STM32F7xx_HAL_Driver/Src/stm32f7xx_hal_spi.o
                0x000000000800f590                HAL_SPI_Init
 .text.HAL_SPI_Transmit
                0x000000000800f66c      0x192 ./Drivers/STM32F7xx_HAL_Driver/Src/stm32f7xx_hal_spi.o
                0x000000000800f66c                HAL_SPI_Transmit
 .text.HAL_SPI_TransmitReceive
                0x000000000800f7fe      0x258 ./Drivers/STM32F7xx_HAL_Driver/Src/stm32f7xx_hal_spi.o
                0x000000000800f7fe                HAL_SPI_TransmitReceive
 .text.HAL_SPI_Receive
                0x000000000800fa56      0x170 ./Drivers/STM32F7xx_HAL_Driver/Src/stm32f7xx_hal_spi.o
                0x000000000800fa56                HAL_SPI_Receive
 .text.HAL_TIM_IRQHandler
                0x000000000800fbc6      0x17a ./Drivers/STM32F7xx_HAL_Driver/Src/stm32f7xx_hal_tim.o
                0x000000000800fbc6                HAL_TIM_IRQHandler
 .text.HAL_UARTEx_WakeupCallback
                0x000000000800fd40        0x2 ./Drivers/STM32F7xx_HAL_Driver/Src/stm32f7xx_hal_uart.o
                0x000000000800fd40                HAL_UARTEx_WakeupCallback
 .text.UART_EndRxTransfer
                0x000000000800fd42       0x50 ./Drivers/STM32F7xx_HAL_Driver/Src/stm32f7xx_hal_uart.o
 .text.UART_DMAAbortOnError
                0x000000000800fd92       0x12 ./Drivers/STM32F7xx_HAL_Driver/Src/stm32f7xx_hal_uart.o
 .text.UART_RxISR_8BIT
                0x000000000800fda4       0xa2 ./Drivers/STM32F7xx_HAL_Driver/Src/stm32f7xx_hal_uart.o
 .text.UART_RxISR_16BIT
                0x000000000800fe46       0x9c ./Drivers/STM32F7xx_HAL_Driver/Src/stm32f7xx_hal_uart.o
 .text.HAL_UART_AbortReceiveCpltCallback
                0x000000000800fee2        0x2 ./Drivers/STM32F7xx_HAL_Driver/Src/stm32f7xx_hal_uart.o
                0x000000000800fee2                HAL_UART_AbortReceiveCpltCallback
 .text.HAL_UART_TxCpltCallback
                0x000000000800fee4        0x2 ./Drivers/STM32F7xx_HAL_Driver/Src/stm32f7xx_hal_uart.o
                0x000000000800fee4                HAL_UART_TxCpltCallback
 .text.HAL_UART_TxHalfCpltCallback
                0x000000000800fee6        0x2 ./Drivers/STM32F7xx_HAL_Driver/Src/stm32f7xx_hal_uart.o
                0x000000000800fee6                HAL_UART_TxHalfCpltCallback
 .text.HAL_UART_RxCpltCallback
                0x000000000800fee8        0x2 ./Drivers/STM32F7xx_HAL_Driver/Src/stm32f7xx_hal_uart.o
                0x000000000800fee8                HAL_UART_RxCpltCallback
 .text.HAL_UART_RxHalfCpltCallback
                0x000000000800feea        0x2 ./Drivers/STM32F7xx_HAL_Driver/Src/stm32f7xx_hal_uart.o
                0x000000000800feea                HAL_UART_RxHalfCpltCallback
 .text.HAL_UART_ErrorCallback
                0x000000000800feec        0x2 ./Drivers/STM32F7xx_HAL_Driver/Src/stm32f7xx_hal_uart.o
                0x000000000800feec                HAL_UART_ErrorCallback
 .text.HAL_UART_AbortCpltCallback
                0x000000000800feee        0x2 ./Drivers/STM32F7xx_HAL_Driver/Src/stm32f7xx_hal_uart.o
                0x000000000800feee                HAL_UART_AbortCpltCallback
 .text.HAL_UART_AbortTransmitCpltCallback
                0x000000000800fef0        0x2 ./Drivers/STM32F7xx_HAL_Driver/Src/stm32f7xx_hal_uart.o
                0x000000000800fef0                HAL_UART_AbortTransmitCpltCallback
 *fill*         0x000000000800fef2        0x2 
 .text.HAL_UART_IRQHandler
                0x000000000800fef4      0x2ac ./Drivers/STM32F7xx_HAL_Driver/Src/stm32f7xx_hal_uart.o
                0x000000000800fef4                HAL_UART_IRQHandler
 .text.UART_InitCallbacksToDefault
                0x00000000080101a0       0x68 ./Drivers/STM32F7xx_HAL_Driver/Src/stm32f7xx_hal_uart.o
                0x00000000080101a0                UART_InitCallbacksToDefault
 .text.UART_SetConfig
                0x0000000008010208      0x284 ./Drivers/STM32F7xx_HAL_Driver/Src/stm32f7xx_hal_uart.o
                0x0000000008010208                UART_SetConfig
 .text.UART_AdvFeatureConfig
                0x000000000801048c       0xaa ./Drivers/STM32F7xx_HAL_Driver/Src/stm32f7xx_hal_uart.o
                0x000000000801048c                UART_AdvFeatureConfig
 .text.UART_WaitOnFlagUntilTimeout
                0x0000000008010536       0xc0 ./Drivers/STM32F7xx_HAL_Driver/Src/stm32f7xx_hal_uart.o
                0x0000000008010536                UART_WaitOnFlagUntilTimeout
 .text.HAL_UART_Transmit
                0x00000000080105f6       0xa0 ./Drivers/STM32F7xx_HAL_Driver/Src/stm32f7xx_hal_uart.o
                0x00000000080105f6                HAL_UART_Transmit
 .text.UART_CheckIdleState
                0x0000000008010696       0x6a ./Drivers/STM32F7xx_HAL_Driver/Src/stm32f7xx_hal_uart.o
                0x0000000008010696                UART_CheckIdleState
 .text.HAL_UART_Init
                0x0000000008010700       0x78 ./Drivers/STM32F7xx_HAL_Driver/Src/stm32f7xx_hal_uart.o
                0x0000000008010700                HAL_UART_Init
 .text.UART_Start_Receive_IT
                0x0000000008010778       0xbc ./Drivers/STM32F7xx_HAL_Driver/Src/stm32f7xx_hal_uart.o
                0x0000000008010778                UART_Start_Receive_IT
 .text.HAL_UARTEx_ReceiveToIdle_IT
                0x0000000008010834       0x4a ./Drivers/STM32F7xx_HAL_Driver/Src/stm32f7xx_hal_uart_ex.o
                0x0000000008010834                HAL_UARTEx_ReceiveToIdle_IT
 .text.ethernet_link_status_updated
                0x000000000801087e        0x2 ./LWIP/App/lwip.o
 .text.MX_LWIP_Init
                0x0000000008010880       0xf4 ./LWIP/App/lwip.o
                0x0000000008010880                MX_LWIP_Init
 .text.MX_LWIP_Process
                0x0000000008010974       0x34 ./LWIP/App/lwip.o
                0x0000000008010974                MX_LWIP_Process
 .text.ETH_PHY_IO_DeInit
                0x00000000080109a8        0x4 ./LWIP/Target/ethernetif.o
                0x00000000080109a8                ETH_PHY_IO_DeInit
 .text.low_level_output
                0x00000000080109ac       0x60 ./LWIP/Target/ethernetif.o
 .text.pbuf_free_custom
                0x0000000008010a0c       0x20 ./LWIP/Target/ethernetif.o
                0x0000000008010a0c                pbuf_free_custom
 .text.ETH_PHY_IO_GetTick
                0x0000000008010a2c        0x4 ./LWIP/Target/ethernetif.o
                0x0000000008010a2c                ETH_PHY_IO_GetTick
 .text.ETH_PHY_IO_Init
                0x0000000008010a30       0x10 ./LWIP/Target/ethernetif.o
                0x0000000008010a30                ETH_PHY_IO_Init
 .text.ETH_PHY_IO_ReadReg
                0x0000000008010a40       0x1c ./LWIP/Target/ethernetif.o
                0x0000000008010a40                ETH_PHY_IO_ReadReg
 .text.ETH_PHY_IO_WriteReg
                0x0000000008010a5c       0x1c ./LWIP/Target/ethernetif.o
                0x0000000008010a5c                ETH_PHY_IO_WriteReg
 .text.ethernetif_input
                0x0000000008010a78       0x44 ./LWIP/Target/ethernetif.o
                0x0000000008010a78                ethernetif_input
 .text.sys_now  0x0000000008010abc        0x4 ./LWIP/Target/ethernetif.o
                0x0000000008010abc                sys_now
 .text.HAL_ETH_MspInit
                0x0000000008010ac0      0x11c ./LWIP/Target/ethernetif.o
                0x0000000008010ac0                HAL_ETH_MspInit
 .text.ethernet_link_check_state
                0x0000000008010bdc       0x8c ./LWIP/Target/ethernetif.o
                0x0000000008010bdc                ethernet_link_check_state
 .text.ethernetif_init
                0x0000000008010c68      0x134 ./LWIP/Target/ethernetif.o
                0x0000000008010c68                ethernetif_init
 .text.HAL_ETH_RxAllocateCallback
                0x0000000008010d9c       0x44 ./LWIP/Target/ethernetif.o
                0x0000000008010d9c                HAL_ETH_RxAllocateCallback
 .text.HAL_ETH_RxLinkCallback
                0x0000000008010de0       0x54 ./LWIP/Target/ethernetif.o
                0x0000000008010de0                HAL_ETH_RxLinkCallback
 .text.lwip_htons
                0x0000000008010e34        0x6 ./Middlewares/Third_Party/LwIP/src/core/def.o
                0x0000000008010e34                lwip_htons
 .text.lwip_init
                0x0000000008010e3a       0x1a ./Middlewares/Third_Party/LwIP/src/core/init.o
                0x0000000008010e3a                lwip_init
 .text.mem_init
                0x0000000008010e54       0x44 ./Middlewares/Third_Party/LwIP/src/core/mem.o
                0x0000000008010e54                mem_init
 .text.mem_free
                0x0000000008010e98      0x170 ./Middlewares/Third_Party/LwIP/src/core/mem.o
                0x0000000008010e98                mem_free
 .text.mem_trim
                0x0000000008011008      0x148 ./Middlewares/Third_Party/LwIP/src/core/mem.o
                0x0000000008011008                mem_trim
 .text.mem_malloc
                0x0000000008011150      0x150 ./Middlewares/Third_Party/LwIP/src/core/mem.o
                0x0000000008011150                mem_malloc
 .text.do_memp_free_pool
                0x00000000080112a0       0x30 ./Middlewares/Third_Party/LwIP/src/core/memp.o
 .text.do_memp_malloc_pool.isra.0
                0x00000000080112d0       0x2c ./Middlewares/Third_Party/LwIP/src/core/memp.o
 .text.memp_init_pool
                0x00000000080112fc       0x26 ./Middlewares/Third_Party/LwIP/src/core/memp.o
                0x00000000080112fc                memp_init_pool
 *fill*         0x0000000008011322        0x2 
 .text.memp_init
                0x0000000008011324       0x44 ./Middlewares/Third_Party/LwIP/src/core/memp.o
                0x0000000008011324                memp_init
 .text.memp_malloc_pool
                0x0000000008011368       0x30 ./Middlewares/Third_Party/LwIP/src/core/memp.o
                0x0000000008011368                memp_malloc_pool
 .text.memp_malloc
                0x0000000008011398       0x38 ./Middlewares/Third_Party/LwIP/src/core/memp.o
                0x0000000008011398                memp_malloc
 .text.memp_free_pool
                0x00000000080113d0       0x28 ./Middlewares/Third_Party/LwIP/src/core/memp.o
                0x00000000080113d0                memp_free_pool
 .text.memp_free
                0x00000000080113f8       0x30 ./Middlewares/Third_Party/LwIP/src/core/memp.o
                0x00000000080113f8                memp_free
 .text.netif_null_output_ip4
                0x0000000008011428        0x6 ./Middlewares/Third_Party/LwIP/src/core/netif.o
 *fill*         0x000000000801142e        0x2 
 .text.netif_loopif_init
                0x0000000008011430       0x30 ./Middlewares/Third_Party/LwIP/src/core/netif.o
 .text.netif_issue_reports
                0x0000000008011460       0x44 ./Middlewares/Third_Party/LwIP/src/core/netif.o
 .text.netif_do_set_ipaddr.isra.0
                0x00000000080114a4       0x48 ./Middlewares/Third_Party/LwIP/src/core/netif.o
 .text.netif_set_addr
                0x00000000080114ec       0x58 ./Middlewares/Third_Party/LwIP/src/core/netif.o
                0x00000000080114ec                netif_set_addr
 .text.netif_add
                0x0000000008011544      0x130 ./Middlewares/Third_Party/LwIP/src/core/netif.o
                0x0000000008011544                netif_add
 .text.netif_set_default
                0x0000000008011674        0xc ./Middlewares/Third_Party/LwIP/src/core/netif.o
                0x0000000008011674                netif_set_default
 .text.netif_set_up
                0x0000000008011680       0x34 ./Middlewares/Third_Party/LwIP/src/core/netif.o
                0x0000000008011680                netif_set_up
 .text.netif_set_down
                0x00000000080116b4       0x38 ./Middlewares/Third_Party/LwIP/src/core/netif.o
                0x00000000080116b4                netif_set_down
 .text.netif_set_link_up
                0x00000000080116ec       0x48 ./Middlewares/Third_Party/LwIP/src/core/netif.o
                0x00000000080116ec                netif_set_link_up
 .text.netif_init
                0x0000000008011734       0x48 ./Middlewares/Third_Party/LwIP/src/core/netif.o
                0x0000000008011734                netif_init
 .text.netif_set_link_down
                0x000000000801177c       0x34 ./Middlewares/Third_Party/LwIP/src/core/netif.o
                0x000000000801177c                netif_set_link_down
 .text.netif_set_link_callback
                0x00000000080117b0        0x6 ./Middlewares/Third_Party/LwIP/src/core/netif.o
                0x00000000080117b0                netif_set_link_callback
 *fill*         0x00000000080117b6        0x2 
 .text.netif_loop_output
                0x00000000080117b8       0x90 ./Middlewares/Third_Party/LwIP/src/core/netif.o
                0x00000000080117b8                netif_loop_output
 .text.netif_loop_output_ipv4
                0x0000000008011848        0x4 ./Middlewares/Third_Party/LwIP/src/core/netif.o
 .text.netif_get_by_index
                0x000000000801184c       0x24 ./Middlewares/Third_Party/LwIP/src/core/netif.o
                0x000000000801184c                netif_get_by_index
 .text.pbuf_add_header_impl
                0x0000000008011870       0x64 ./Middlewares/Third_Party/LwIP/src/core/pbuf.o
 .text.pbuf_alloc_reference
                0x00000000080118d4       0x48 ./Middlewares/Third_Party/LwIP/src/core/pbuf.o
                0x00000000080118d4                pbuf_alloc_reference
 .text.pbuf_alloced_custom
                0x000000000801191c       0x34 ./Middlewares/Third_Party/LwIP/src/core/pbuf.o
                0x000000000801191c                pbuf_alloced_custom
 .text.pbuf_add_header
                0x0000000008011950        0x6 ./Middlewares/Third_Party/LwIP/src/core/pbuf.o
                0x0000000008011950                pbuf_add_header
 *fill*         0x0000000008011956        0x2 
 .text.pbuf_remove_header
                0x0000000008011958       0x58 ./Middlewares/Third_Party/LwIP/src/core/pbuf.o
                0x0000000008011958                pbuf_remove_header
 .text.pbuf_header_force
                0x00000000080119b0       0x10 ./Middlewares/Third_Party/LwIP/src/core/pbuf.o
                0x00000000080119b0                pbuf_header_force
 .text.pbuf_free
                0x00000000080119c0       0xc8 ./Middlewares/Third_Party/LwIP/src/core/pbuf.o
                0x00000000080119c0                pbuf_free
 .text.pbuf_alloc
                0x0000000008011a88       0xf4 ./Middlewares/Third_Party/LwIP/src/core/pbuf.o
                0x0000000008011a88                pbuf_alloc
 .text.pbuf_realloc
                0x0000000008011b7c       0xb0 ./Middlewares/Third_Party/LwIP/src/core/pbuf.o
                0x0000000008011b7c                pbuf_realloc
 .text.pbuf_clen
                0x0000000008011c2c       0x10 ./Middlewares/Third_Party/LwIP/src/core/pbuf.o
                0x0000000008011c2c                pbuf_clen
 .text.pbuf_ref
                0x0000000008011c3c       0x28 ./Middlewares/Third_Party/LwIP/src/core/pbuf.o
                0x0000000008011c3c                pbuf_ref
 .text.pbuf_cat
                0x0000000008011c64       0x74 ./Middlewares/Third_Party/LwIP/src/core/pbuf.o
                0x0000000008011c64                pbuf_cat
 .text.pbuf_chain
                0x0000000008011cd8       0x12 ./Middlewares/Third_Party/LwIP/src/core/pbuf.o
                0x0000000008011cd8                pbuf_chain
 *fill*         0x0000000008011cea        0x2 
 .text.pbuf_copy
                0x0000000008011cec      0x104 ./Middlewares/Third_Party/LwIP/src/core/pbuf.o
                0x0000000008011cec                pbuf_copy
 .text.pbuf_take
                0x0000000008011df0       0xbc ./Middlewares/Third_Party/LwIP/src/core/pbuf.o
                0x0000000008011df0                pbuf_take
 .text.pbuf_clone
                0x0000000008011eac       0x38 ./Middlewares/Third_Party/LwIP/src/core/pbuf.o
                0x0000000008011eac                pbuf_clone
 .text.sys_timeout_abs
                0x0000000008011ee4       0x64 ./Middlewares/Third_Party/LwIP/src/core/timeouts.o
 .text.lwip_cyclic_timer
                0x0000000008011f48       0x34 ./Middlewares/Third_Party/LwIP/src/core/timeouts.o
 .text.sys_timeout
                0x0000000008011f7c       0x3c ./Middlewares/Third_Party/LwIP/src/core/timeouts.o
                0x0000000008011f7c                sys_timeout
 .text.sys_timeouts_init
                0x0000000008011fb8       0x2c ./Middlewares/Third_Party/LwIP/src/core/timeouts.o
                0x0000000008011fb8                sys_timeouts_init
 .text.sys_check_timeouts
                0x0000000008011fe4       0x44 ./Middlewares/Third_Party/LwIP/src/core/timeouts.o
                0x0000000008011fe4                sys_check_timeouts
 .text.udp_init
                0x0000000008012028       0x18 ./Middlewares/Third_Party/LwIP/src/core/udp.o
                0x0000000008012028                udp_init
 .text.udp_input
                0x0000000008012040      0x1b0 ./Middlewares/Third_Party/LwIP/src/core/udp.o
                0x0000000008012040                udp_input
 .text.udp_bind
                0x00000000080121f0       0xcc ./Middlewares/Third_Party/LwIP/src/core/udp.o
                0x00000000080121f0                udp_bind
 .text.udp_sendto_if_src
                0x00000000080122bc      0x130 ./Middlewares/Third_Party/LwIP/src/core/udp.o
                0x00000000080122bc                udp_sendto_if_src
 .text.udp_sendto_if
                0x00000000080123ec       0x80 ./Middlewares/Third_Party/LwIP/src/core/udp.o
                0x00000000080123ec                udp_sendto_if
 .text.udp_sendto
                0x000000000801246c       0x78 ./Middlewares/Third_Party/LwIP/src/core/udp.o
                0x000000000801246c                udp_sendto
 .text.udp_recv
                0x00000000080124e4       0x24 ./Middlewares/Third_Party/LwIP/src/core/udp.o
                0x00000000080124e4                udp_recv
 .text.udp_remove
                0x0000000008012508       0x4c ./Middlewares/Third_Party/LwIP/src/core/udp.o
                0x0000000008012508                udp_remove
 .text.udp_new  0x0000000008012554       0x1c ./Middlewares/Third_Party/LwIP/src/core/udp.o
                0x0000000008012554                udp_new
 .text.udp_netif_ip_addr_changed
                0x0000000008012570       0x2c ./Middlewares/Third_Party/LwIP/src/core/udp.o
                0x0000000008012570                udp_netif_ip_addr_changed
 .text.etharp_free_entry
                0x000000000801259c       0x28 ./Middlewares/Third_Party/LwIP/src/core/ipv4/etharp.o
 .text.etharp_find_entry
                0x00000000080125c4      0x11c ./Middlewares/Third_Party/LwIP/src/core/ipv4/etharp.o
 .text.etharp_raw
                0x00000000080126e0       0xdc ./Middlewares/Third_Party/LwIP/src/core/ipv4/etharp.o
 .text.etharp_cleanup_netif
                0x00000000080127bc       0x28 ./Middlewares/Third_Party/LwIP/src/core/ipv4/etharp.o
                0x00000000080127bc                etharp_cleanup_netif
 .text.etharp_input
                0x00000000080127e4      0x14c ./Middlewares/Third_Party/LwIP/src/core/ipv4/etharp.o
                0x00000000080127e4                etharp_input
 .text.etharp_request
                0x0000000008012930       0x2c ./Middlewares/Third_Party/LwIP/src/core/ipv4/etharp.o
                0x0000000008012930                etharp_request
 .text.etharp_tmr
                0x000000000801295c       0x54 ./Middlewares/Third_Party/LwIP/src/core/ipv4/etharp.o
                0x000000000801295c                etharp_tmr
 .text.etharp_output_to_arp_index
                0x00000000080129b0       0xac ./Middlewares/Third_Party/LwIP/src/core/ipv4/etharp.o
 .text.etharp_query
                0x0000000008012a5c      0x130 ./Middlewares/Third_Party/LwIP/src/core/ipv4/etharp.o
                0x0000000008012a5c                etharp_query
 .text.etharp_output
                0x0000000008012b8c      0x140 ./Middlewares/Third_Party/LwIP/src/core/ipv4/etharp.o
                0x0000000008012b8c                etharp_output
 .text.icmp_send_response
                0x0000000008012ccc       0x90 ./Middlewares/Third_Party/LwIP/src/core/ipv4/icmp.o
 .text.icmp_input
                0x0000000008012d5c      0x12c ./Middlewares/Third_Party/LwIP/src/core/ipv4/icmp.o
                0x0000000008012d5c                icmp_input
 .text.icmp_dest_unreach
                0x0000000008012e88        0x8 ./Middlewares/Third_Party/LwIP/src/core/ipv4/icmp.o
                0x0000000008012e88                icmp_dest_unreach
 .text.icmp_time_exceeded
                0x0000000008012e90        0x8 ./Middlewares/Third_Party/LwIP/src/core/ipv4/icmp.o
                0x0000000008012e90                icmp_time_exceeded
 .text.ip4_input_accept
                0x0000000008012e98       0x34 ./Middlewares/Third_Party/LwIP/src/core/ipv4/ip4.o
 .text.ip4_route
                0x0000000008012ecc       0x5c ./Middlewares/Third_Party/LwIP/src/core/ipv4/ip4.o
                0x0000000008012ecc                ip4_route
 .text.ip4_input
                0x0000000008012f28      0x15c ./Middlewares/Third_Party/LwIP/src/core/ipv4/ip4.o
                0x0000000008012f28                ip4_input
 .text.ip4_output_if_src
                0x0000000008013084      0x10c ./Middlewares/Third_Party/LwIP/src/core/ipv4/ip4.o
                0x0000000008013084                ip4_output_if_src
 .text.ip4_output_if
                0x0000000008013190       0x22 ./Middlewares/Third_Party/LwIP/src/core/ipv4/ip4.o
                0x0000000008013190                ip4_output_if
 .text.ip4_addr_isbroadcast_u32
                0x00000000080131b2       0x36 ./Middlewares/Third_Party/LwIP/src/core/ipv4/ip4_addr.o
                0x00000000080131b2                ip4_addr_isbroadcast_u32
 .text.ip4addr_ntoa_r
                0x00000000080131e8       0x92 ./Middlewares/Third_Party/LwIP/src/core/ipv4/ip4_addr.o
                0x00000000080131e8                ip4addr_ntoa_r
 *fill*         0x000000000801327a        0x2 
 .text.ip4addr_ntoa
                0x000000000801327c        0xc ./Middlewares/Third_Party/LwIP/src/core/ipv4/ip4_addr.o
                0x000000000801327c                ip4addr_ntoa
 .text.ip_reass_dequeue_datagram
                0x0000000008013288       0x44 ./Middlewares/Third_Party/LwIP/src/core/ipv4/ip4_frag.o
 .text.ip_reass_free_complete_datagram
                0x00000000080132cc       0xe8 ./Middlewares/Third_Party/LwIP/src/core/ipv4/ip4_frag.o
 .text.ip_reass_remove_oldest_datagram
                0x00000000080133b4       0x78 ./Middlewares/Third_Party/LwIP/src/core/ipv4/ip4_frag.o
 .text.ip_frag_free_pbuf_custom_ref
                0x000000000801342c       0x2c ./Middlewares/Third_Party/LwIP/src/core/ipv4/ip4_frag.o
 .text.ipfrag_free_pbuf_custom
                0x0000000008013458       0x34 ./Middlewares/Third_Party/LwIP/src/core/ipv4/ip4_frag.o
 .text.ip_reass_tmr
                0x000000000801348c       0x2c ./Middlewares/Third_Party/LwIP/src/core/ipv4/ip4_frag.o
                0x000000000801348c                ip_reass_tmr
 .text.ip4_reass
                0x00000000080134b8      0x3b4 ./Middlewares/Third_Party/LwIP/src/core/ipv4/ip4_frag.o
                0x00000000080134b8                ip4_reass
 .text.ip4_frag
                0x000000000801386c      0x1d8 ./Middlewares/Third_Party/LwIP/src/core/ipv4/ip4_frag.o
                0x000000000801386c                ip4_frag
 .text.ethernet_input
                0x0000000008013a44       0xa0 ./Middlewares/Third_Party/LwIP/src/netif/ethernet.o
                0x0000000008013a44                ethernet_input
 .text.ethernet_output
                0x0000000008013ae4       0x70 ./Middlewares/Third_Party/LwIP/src/netif/ethernet.o
                0x0000000008013ae4                ethernet_output
 .text.__libc_init_array
                0x0000000008013b54       0x48 c:/st/stm32cubeide_1.10.1/stm32cubeide/plugins/com.st.stm32cube.ide.mcu.externaltools.gnu-tools-for-stm32.10.3-2021.10.win32_1.0.0.202111181127/tools/bin/../lib/gcc/arm-none-eabi/10.3.1/../../../../arm-none-eabi/lib/thumb/v7e-m+dp/hard\libc_nano.a(lib_a-init.o)
                0x0000000008013b54                __libc_init_array