../Core/Src/Hitachi.c:88:6:Process_Hitachi_Packets_Eth	144	static
../Core/Src/Hitachi.c:131:6:Process_Hitachi_Packets_Com	144	static
../Core/Src/Hitachi.c:191:6:Convert_Data_format	152	static
../Core/Src/Hitachi.c:211:6:EI_Data_Analyzer	40	static
../Core/Src/Hitachi.c:360:6:Init_Msg_extr	48	static
../Core/Src/Hitachi.c:611:6:Send_Init_Msg	104	static
../Core/Src/Hitachi.c:779:6:Vital_Msg_extr	112	static
../Core/Src/Hitachi.c:1098:6:Send_Vital_Data_Message	160	static
../Core/Src/Hitachi.c:1253:6:Vital_Msg_extr_from_CAN	264	static
../Core/Src/Hitachi.c:1507:6:Status_Msg_Extr	96	static
../Core/Src/Hitachi.c:1761:6:Send_Status_Message	160	static
../Core/Src/Hitachi.c:1909:6:Service_Msg_Extr	40	static
../Core/Src/Hitachi.c:2088:6:Send_Service_Signal_Message	96	static
../Core/Src/Hitachi.c:2192:6:Process_Sending_Reply	120	static
../Core/Src/Hitachi.c:2291:6:Debug_Status_Flag	24	static
../Core/Src/Hitachi.c:2361:6:Check_Primary_r_Secondary	24	static
../Core/Src/Hitachi.c:2434:6:Check_Vital_CRC	24	static
../Core/Src/Hitachi.c:2499:6:Check_Other_EiPC_Packet	16	static
../Core/Src/Hitachi.c:2509:6:CheckLinkEstablishTimeout	24	static
../Core/Src/Hitachi.c:2535:6:Send_Self_Sharing	24	static
../Core/Src/Hitachi.c:2559:6:Detect_CAN_Xchange_Failure	8	static
../Core/Src/Hitachi.c:2588:6:Process_Send_Signals_2_MIE	192	static
../Core/Src/Hitachi.c:2857:6:Print_EI_DATA	568	static
../Core/Src/Hitachi.c:2938:6:Display	24	static
../Core/Src/Hitachi.c:2947:6:Send_Health_Status	24	static
../Core/Src/Hitachi.c:3085:6:print_self_Details	40	static
../Core/Src/Hitachi.c:3139:6:Send_Init_After_Timeout	16	static
../Core/Src/Hitachi.c:3187:6:Send_Vital_Msg_After_Rx_VITAL	16	static
../Core/Src/Hitachi.c:3223:6:Check_Recv_Status_fail	16	static
../Core/Src/Hitachi.c:3240:9:IS_MLK_EIPC_TIME_MATCHING	40	static
../Core/Src/Hitachi.c:3269:6:Check_All_Peers	24	static
../Core/Src/Hitachi.c:3288:6:Check_for_RelayMisMatch	16	static
../Core/Src/Hitachi.c:3344:6:CheckOtherLinkStatus	24	static
../Core/Src/Hitachi.c:3372:6:SendRelay2_Other	8	static
../Core/Src/Hitachi.c:3410:6:Process_HitachiEI	8	static
../Core/Src/Hitachi.c:3477:6:CheckEthernetStatus	16	static
