D:/_ei/EI_FINAL_Tested_10Peers_17-06-24_SeqMod_Diagnosis/EI_1/Core/Src/Config.c:29:6:Update_HitachiCommands	8	static
D:/_ei/EI_FINAL_Tested_10Peers_17-06-24_SeqMod_Diagnosis/EI_1/Core/Src/Config.c:61:1:__io_putchar	16	static
D:/_ei/EI_FINAL_Tested_10Peers_17-06-24_SeqMod_Diagnosis/EI_1/Core/Src/Config.c:71:6:Get_Slot	8	static
D:/_ei/EI_FINAL_Tested_10Peers_17-06-24_SeqMod_Diagnosis/EI_1/Core/Src/Config.c:321:9:Is_Command_Valid	24	static
D:/_ei/EI_FINAL_Tested_10Peers_17-06-24_SeqMod_Diagnosis/EI_1/Core/Src/Config.c:86:6:Check_for_cmd	120	static
D:/_ei/EI_FINAL_Tested_10Peers_17-06-24_SeqMod_Diagnosis/EI_1/Core/Src/Config.c:334:6:PrintCmdList	24	static
D:/_ei/EI_FINAL_Tested_10Peers_17-06-24_SeqMod_Diagnosis/EI_1/Core/Src/Config.c:343:6:CheckEIPC_DAT_CRC	16	static
