../Core/Src/Hitachi.c:2380:6:Debug_Status_Flag	24	static
../Core/Src/Hitachi.c:2450:6:Check_Primary_r_Secondary	24	static
../Core/Src/Hitachi.c:2514:6:Check_Vital_CRC	32	static
../Core/Src/Hitachi.c:2615:6:Send_Self_Sharing	24	static
../Core/Src/Hitachi.c:3060:6:Display	16	static
../Core/Src/Hitachi.c:2979:6:Print_EI_DATA	552	static
../Core/Src/Hitachi.c:2281:6:Process_Sending_Reply	136	static
../Core/Src/Hitachi.c:616:6:Send_Init_Msg	96	static
../Core/Src/Hitachi.c:1139:6:Send_Vital_Data_Message	152	static
../Core/Src/Hitachi.c:1820:6:Send_Status_Message	160	static
../Core/Src/Hitachi.c:2177:6:Send_Service_Signal_Message	96	static
../Core/Src/Hitachi.c:3069:6:Send_Health_Status	40	static
../Core/Src/Hitachi.c:3207:6:print_self_Details_Hitachi	48	static
../Core/Src/Hitachi.c:3261:6:Send_Init_After_Timeout	32	static
../Core/Src/Hitachi.c:3309:6:Send_Vital_Msg_After_Rx_VITAL	32	static
../Core/Src/Hitachi.c:3345:6:Check_Recv_Status_fail	32	static
../Core/Src/Hitachi.c:3362:9:IS_MLK_EIPC_TIME_MATCHING	24	static
../Core/Src/Hitachi.c:365:6:Init_Msg_extr	56	static
../Core/Src/Hitachi.c:3391:6:Check_All_Peers	32	static
../Core/Src/Hitachi.c:3410:6:Check_for_RelayMisMatch	48	static
../Core/Src/Hitachi.c:3468:6:CheckOtherLinkStatus	16	static
../Core/Src/Hitachi.c:2579:6:Check_Other_EiPC_Packet	8	static
../Core/Src/Hitachi.c:2589:6:CheckLinkEstablishTimeout	40	static
../Core/Src/Hitachi.c:3495:6:SendRelay2_Other	16	static
../Core/Src/Hitachi.c:3921:6:ReAssignData	1752	static
../Core/Src/Hitachi.c:4057:6:ReArrangedVitalData	32	static
../Core/Src/Hitachi.c:784:6:Vital_Msg_extr	200	static
../Core/Src/Hitachi.c:1294:6:Vital_Msg_extr_from_CAN	248	static
../Core/Src/Hitachi.c:1553:6:Status_Msg_Extr	96	static
../Core/Src/Hitachi.c:1968:6:Service_Msg_Extr	56	static
../Core/Src/Hitachi.c:216:6:EI_Data_Analyzer	48	static
../Core/Src/Hitachi.c:196:6:Convert_Data_format	144	static
../Core/Src/Hitachi.c:97:6:Process_Hitachi_Packets_Eth	136	static
../Core/Src/Hitachi.c:136:6:Process_Hitachi_Packets_Com	136	static
../Core/Src/Hitachi.c:2640:6:Detect_CAN_Xchange_Failure	16	static
../Core/Src/Hitachi.c:2670:6:Process_Send_Signals_2_MIE	224	static
../Core/Src/Hitachi.c:3536:6:Process_HitachiEI	8	static
