E:/__LAPTOP_DATA/_Integrated/EI_FINAL_Tested_10Peers_30-3-24_Medha_Siemens_Vali/EI_1/Core/Src/can.c:42:6:MX_CAN2_Init	96	static
E:/__LAPTOP_DATA/_Integrated/EI_FINAL_Tested_10Peers_30-3-24_Medha_Siemens_Vali/EI_1/Core/Src/can.c:128:6:MX_CAN3_Init	48	static
E:/__LAPTOP_DATA/_Integrated/EI_FINAL_Tested_10Peers_30-3-24_Medha_Siemens_Vali/EI_1/Core/Src/can.c:181:6:HAL_CAN_MspInit	48	static
E:/__LAPTOP_DATA/_Integrated/EI_FINAL_Tested_10Peers_30-3-24_Medha_Siemens_Vali/EI_1/Core/Src/can.c:246:6:HAL_CAN_MspDeInit	8	static
E:/__LAPTOP_DATA/_Integrated/EI_FINAL_Tested_10Peers_30-3-24_Medha_Siemens_Vali/EI_1/Core/Src/can.c:560:6:CAN_transmit	24	static
E:/__LAPTOP_DATA/_Integrated/EI_FINAL_Tested_10Peers_30-3-24_Medha_Siemens_Vali/EI_1/Core/Src/can.c:540:6:sendCanPkts	24	static
E:/__LAPTOP_DATA/_Integrated/EI_FINAL_Tested_10Peers_30-3-24_Medha_Siemens_Vali/EI_1/Core/Src/can.c:296:6:TransmitCanPkt	24	static
E:/__LAPTOP_DATA/_Integrated/EI_FINAL_Tested_10Peers_30-3-24_Medha_Siemens_Vali/EI_1/Core/Src/can.c:657:6:HAL_CAN_RxFifo0MsgPendingCallback	16	static
E:/__LAPTOP_DATA/_Integrated/EI_FINAL_Tested_10Peers_30-3-24_Medha_Siemens_Vali/EI_1/Core/Src/can.c:685:6:HAL_CAN_RxFifo1MsgPendingCallback	16	static
E:/__LAPTOP_DATA/_Integrated/EI_FINAL_Tested_10Peers_30-3-24_Medha_Siemens_Vali/EI_1/Core/Src/can.c:711:15:canDataReady	24	static
E:/__LAPTOP_DATA/_Integrated/EI_FINAL_Tested_10Peers_30-3-24_Medha_Siemens_Vali/EI_1/Core/Src/can.c:732:6:readCanToStructs	88	static
