E:/__LAPTOP_DATA/_Integrated/EI_FINAL_Tested_10Peers_30-3-24_Medha_Siemens/EI_1/LWIP/App/lwip.c:60:6:MX_LWIP_Init	24	static
E:/__LAPTOP_DATA/_Integrated/EI_FINAL_Tested_10Peers_30-3-24_Medha_Siemens/EI_1/LWIP/App/lwip.c:163:13:Ethernet_Link_Periodic_Handle	16	static
E:/__LAPTOP_DATA/_Integrated/EI_FINAL_Tested_10Peers_30-3-24_Medha_Siemens/EI_1/LWIP/App/lwip.c:189:6:MX_LWIP_Process	8	static
E:/__LAPTOP_DATA/_Integrated/EI_FINAL_Tested_10Peers_30-3-24_Medha_Siemens/EI_1/LWIP/App/lwip.c:211:13:ethernet_link_status_updated	16	static
