D:/_ei/FIELD/EI_FINAL_Tested_10Peers_30-3-24_Prints/EI_1/Core/Src/can.c:42:6:MX_CAN2_Init	96	static
D:/_ei/FIELD/EI_FINAL_Tested_10Peers_30-3-24_Prints/EI_1/Core/Src/can.c:128:6:MX_CAN3_Init	48	static
D:/_ei/FIELD/EI_FINAL_Tested_10Peers_30-3-24_Prints/EI_1/Core/Src/can.c:181:6:HAL_CAN_MspInit	48	static
D:/_ei/FIELD/EI_FINAL_Tested_10Peers_30-3-24_Prints/EI_1/Core/Src/can.c:246:6:HAL_CAN_MspDeInit	8	static
D:/_ei/FIELD/EI_FINAL_Tested_10Peers_30-3-24_Prints/EI_1/Core/Src/can.c:543:6:CAN_transmit	24	static
D:/_ei/FIELD/EI_FINAL_Tested_10Peers_30-3-24_Prints/EI_1/Core/Src/can.c:522:6:sendCanPkts	24	static
D:/_ei/FIELD/EI_FINAL_Tested_10Peers_30-3-24_Prints/EI_1/Core/Src/can.c:296:6:TransmitCanPkt	24	static
D:/_ei/FIELD/EI_FINAL_Tested_10Peers_30-3-24_Prints/EI_1/Core/Src/can.c:640:6:HAL_CAN_RxFifo0MsgPendingCallback	16	static
D:/_ei/FIELD/EI_FINAL_Tested_10Peers_30-3-24_Prints/EI_1/Core/Src/can.c:668:6:HAL_CAN_RxFifo1MsgPendingCallback	16	static
D:/_ei/FIELD/EI_FINAL_Tested_10Peers_30-3-24_Prints/EI_1/Core/Src/can.c:694:15:canDataReady	24	static
D:/_ei/FIELD/EI_FINAL_Tested_10Peers_30-3-24_Prints/EI_1/Core/Src/can.c:715:6:readCanToStructs	88	static
