D:/_ei/FIELD/EI_FINAL_Tested_10Peers_30-3-24_Prints/EI_1/Core/Src/Siemens.c:1431:10:Data_Compliment.part.0	16	static
D:/_ei/FIELD/EI_FINAL_Tested_10Peers_30-3-24_Prints/EI_1/Core/Src/Siemens.c:514:10:ExtractAppData	20	static
D:/_ei/FIELD/EI_FINAL_Tested_10Peers_30-3-24_Prints/EI_1/Core/Src/Siemens.c:688:6:ProcessSendingSignals2MIE	24	static
D:/_ei/FIELD/EI_FINAL_Tested_10Peers_30-3-24_Prints/EI_1/Core/Src/Siemens.c:797:6:ProcessSelfSharing	8	static
D:/_ei/FIELD/EI_FINAL_Tested_10Peers_30-3-24_Prints/EI_1/Core/Src/Siemens.c:814:6:ProcessDetectNoValidDataReceive	16	static
D:/_ei/FIELD/EI_FINAL_Tested_10Peers_30-3-24_Prints/EI_1/Core/Src/Siemens.c:836:6:SendRelays2Other	8	static
D:/_ei/FIELD/EI_FINAL_Tested_10Peers_30-3-24_Prints/EI_1/Core/Src/Siemens.c:852:6:CheckRelayMisMatch	8	static
D:/_ei/FIELD/EI_FINAL_Tested_10Peers_30-3-24_Prints/EI_1/Core/Src/Siemens.c:873:6:Detect_SiemensCAN_Xchange_Failure	8	static
D:/_ei/FIELD/EI_FINAL_Tested_10Peers_30-3-24_Prints/EI_1/Core/Src/Siemens.c:1098:6:Update_SiemensCommands	8	static
D:/_ei/FIELD/EI_FINAL_Tested_10Peers_30-3-24_Prints/EI_1/Core/Src/Siemens.c:1127:9:Is_SiemensCommand_Valid	24	static
D:/_ei/FIELD/EI_FINAL_Tested_10Peers_30-3-24_Prints/EI_1/Core/Src/Siemens.c:965:6:Chech_forSiemensCMD	120	static
D:/_ei/FIELD/EI_FINAL_Tested_10Peers_30-3-24_Prints/EI_1/Core/Src/Siemens.c:1145:10:Siemens_CRC	12	static
D:/_ei/FIELD/EI_FINAL_Tested_10Peers_30-3-24_Prints/EI_1/Core/Src/Siemens.c:1266:9:Calculate_Parity	8	static
D:/_ei/FIELD/EI_FINAL_Tested_10Peers_30-3-24_Prints/EI_1/Core/Src/Siemens.c:1306:9:Verify_parity	24	static
D:/_ei/FIELD/EI_FINAL_Tested_10Peers_30-3-24_Prints/EI_1/Core/Src/Siemens.c:1195:9:Extract_Parity_Data	16	static
D:/_ei/FIELD/EI_FINAL_Tested_10Peers_30-3-24_Prints/EI_1/Core/Src/Siemens.c:1324:6:Insert_cal_parity	32	static
D:/_ei/FIELD/EI_FINAL_Tested_10Peers_30-3-24_Prints/EI_1/Core/Src/Siemens.c:1431:10:Data_Compliment	4	static
D:/_ei/FIELD/EI_FINAL_Tested_10Peers_30-3-24_Prints/EI_1/Core/Src/Siemens.c:1476:6:CheckToSendReplyorNot	0	static
D:/_ei/FIELD/EI_FINAL_Tested_10Peers_30-3-24_Prints/EI_1/Core/Src/Siemens.c:542:6:Form_Siemens_Reply	1576	static
D:/_ei/FIELD/EI_FINAL_Tested_10Peers_30-3-24_Prints/EI_1/Core/Src/Siemens.c:1523:6:PrintSignals	24	static
D:/_ei/FIELD/EI_FINAL_Tested_10Peers_30-3-24_Prints/EI_1/Core/Src/Siemens.c:893:6:Print_Siemens_MSG	24	static
D:/_ei/FIELD/EI_FINAL_Tested_10Peers_30-3-24_Prints/EI_1/Core/Src/Siemens.c:84:6:Siemens_Data_Analyser	2640	static
D:/_ei/FIELD/EI_FINAL_Tested_10Peers_30-3-24_Prints/EI_1/Core/Src/Siemens.c:1550:6:GetTimeStamp	16	static
D:/_ei/FIELD/EI_FINAL_Tested_10Peers_30-3-24_Prints/EI_1/Core/Src/Siemens.c:37:6:Process_SiemensEI	8	static
D:/_ei/FIELD/EI_FINAL_Tested_10Peers_30-3-24_Prints/EI_1/Core/Src/Siemens.c:1580:6:UpdateSIGNALSNames	8	static
D:/_ei/FIELD/EI_FINAL_Tested_10Peers_30-3-24_Prints/EI_1/Core/Src/Siemens.c:1652:6:print_self_DetailsSiemens	48	static
