D:/_ei/FIELD/EI_FINAL_Tested_10Peers_30-3-24_Prints/EI_1/Core/Src/usart.c:45:6:MX_UART4_Init	8	static
D:/_ei/FIELD/EI_FINAL_Tested_10Peers_30-3-24_Prints/EI_1/Core/Src/usart.c:75:6:MX_UART5_Init	8	static
D:/_ei/FIELD/EI_FINAL_Tested_10Peers_30-3-24_Prints/EI_1/Core/Src/usart.c:105:6:MX_UART7_Init	8	static
D:/_ei/FIELD/EI_FINAL_Tested_10Peers_30-3-24_Prints/EI_1/Core/Src/usart.c:136:6:MX_USART1_UART_Init	8	static
D:/_ei/FIELD/EI_FINAL_Tested_10Peers_30-3-24_Prints/EI_1/Core/Src/usart.c:166:6:HAL_UART_MspInit	216	static
D:/_ei/FIELD/EI_FINAL_Tested_10Peers_30-3-24_Prints/EI_1/Core/Src/usart.c:329:6:HAL_UART_MspDeInit	8	static
D:/_ei/FIELD/EI_FINAL_Tested_10Peers_30-3-24_Prints/EI_1/Core/Src/usart.c:418:6:UART4_Init	8	static
D:/_ei/FIELD/EI_FINAL_Tested_10Peers_30-3-24_Prints/EI_1/Core/Src/usart.c:449:6:HAL_UARTEx_RxEventCallback	16	static
D:/_ei/FIELD/EI_FINAL_Tested_10Peers_30-3-24_Prints/EI_1/Core/Src/usart.c:508:9:Com_DataReady	0	static
D:/_ei/FIELD/EI_FINAL_Tested_10Peers_30-3-24_Prints/EI_1/Core/Src/usart.c:529:9:Com_Get_Byte	0	static
D:/_ei/FIELD/EI_FINAL_Tested_10Peers_30-3-24_Prints/EI_1/Core/Src/usart.c:582:6:Com_SendByte	16	static
D:/_ei/FIELD/EI_FINAL_Tested_10Peers_30-3-24_Prints/EI_1/Core/Src/usart.c:554:6:CommTransmitMessage	32	static
D:/_ei/FIELD/EI_FINAL_Tested_10Peers_30-3-24_Prints/EI_1/Core/Src/usart.c:606:6:Enable_UART_Interrupts	8	static
