../Core/Src/Hitachi.c:96:6:Process_Hitachi_Packets_Eth	144	static
../Core/Src/Hitachi.c:135:6:Process_Hitachi_Packets_Com	144	static
../Core/Src/Hitachi.c:195:6:Convert_Data_format	152	static
../Core/Src/Hitachi.c:215:6:EI_Data_Analyzer	40	static
../Core/Src/Hitachi.c:364:6:Init_Msg_extr	48	static
../Core/Src/Hitachi.c:615:6:Send_Init_Msg	104	static
../Core/Src/Hitachi.c:783:6:Vital_Msg_extr	184	static
../Core/Src/Hitachi.c:1137:6:Send_Vital_Data_Message	160	static
../Core/Src/Hitachi.c:1292:6:Vital_Msg_extr_from_CAN	264	static
../Core/Src/Hitachi.c:1550:6:Status_Msg_Extr	96	static
../Core/Src/Hitachi.c:1816:6:Send_Status_Message	160	static
../Core/Src/Hitachi.c:1964:6:Service_Msg_Extr	40	static
../Core/Src/Hitachi.c:2172:6:Send_Service_Signal_Message	96	static
../Core/Src/Hitachi.c:2276:6:Process_Sending_Reply	120	static
../Core/Src/Hitachi.c:2375:6:Debug_Status_Flag	24	static
../Core/Src/Hitachi.c:2445:6:Check_Primary_r_Secondary	24	static
../Core/Src/Hitachi.c:2509:6:Check_Vital_CRC	24	static
../Core/Src/Hitachi.c:2574:6:Check_Other_EiPC_Packet	16	static
../Core/Src/Hitachi.c:2584:6:CheckLinkEstablishTimeout	24	static
../Core/Src/Hitachi.c:2610:6:Send_Self_Sharing	24	static
../Core/Src/Hitachi.c:2635:6:Detect_CAN_Xchange_Failure	8	static
../Core/Src/Hitachi.c:2664:6:Process_Send_Signals_2_MIE	192	static
../Core/Src/Hitachi.c:2964:6:Print_EI_DATA	568	static
../Core/Src/Hitachi.c:3045:6:Display	24	static
../Core/Src/Hitachi.c:3054:6:Send_Health_Status	24	static
../Core/Src/Hitachi.c:3192:6:print_self_Details	40	static
../Core/Src/Hitachi.c:3246:6:Send_Init_After_Timeout	16	static
../Core/Src/Hitachi.c:3294:6:Send_Vital_Msg_After_Rx_VITAL	16	static
../Core/Src/Hitachi.c:3330:6:Check_Recv_Status_fail	16	static
../Core/Src/Hitachi.c:3347:9:IS_MLK_EIPC_TIME_MATCHING	40	static
../Core/Src/Hitachi.c:3376:6:Check_All_Peers	24	static
../Core/Src/Hitachi.c:3395:6:Check_for_RelayMisMatch	24	static
../Core/Src/Hitachi.c:3453:6:CheckOtherLinkStatus	24	static
../Core/Src/Hitachi.c:3480:6:SendRelay2_Other	8	static
../Core/Src/Hitachi.c:3521:6:Process_HitachiEI	8	static
