18:05:54 **** Incremental Build of configuration Release for project EI_1 ****
make -j12 all 
del_hex.bat
Current Folder: EI_1
Deleting EI_1.hex
 
arm-none-eabi-size   EI_1.elf 
   text	   data	    bss	    dec	    hex	filename
 107048	    996	  91124	 199168	  30a00	EI_1.elf
Finished building: default.size.stdout
 
copy_hex.bat
A subdirectory or file ..\..\HEX already exists.
copying hex file to HEX folder
EI_1.hex
        1 file(s) copied.
 

18:05:56 Build Finished. 0 errors, 0 warnings. (took 2s.682ms)

