14:44:15 **** Incremental Build of configuration Release for project EI_2 ****
make -j12 all 
del_hex.bat
Current Folder: EI_2
Deleting EI_2.hex
 
arm-none-eabi-size   EI_2.elf 
   text	   data	    bss	    dec	    hex	filename
 106920	    996	  90956	 198872	  308d8	EI_2.elf
Finished building: default.size.stdout
 
copy_hex.bat
A subdirectory or file ..\..\HEX already exists.
copying hex file to HEX folder
EI_2.hex
        1 file(s) copied.
 

14:44:16 Build Finished. 0 errors, 0 warnings. (took 1s.447ms)

