D:/_ei/EI_FINAL_Tested_10Peers_17-06-24_SeqMod_Diag_SIEMENS/EI_1/Core/Src/Medha.c:744:6:Send_Relay_Statuses_2_MIE	24	static
D:/_ei/EI_FINAL_Tested_10Peers_17-06-24_SeqMod_Diag_SIEMENS/EI_1/Core/Src/Medha.c:773:6:Process_Clear_Relays	24	static
D:/_ei/EI_FINAL_Tested_10Peers_17-06-24_SeqMod_Diag_SIEMENS/EI_1/Core/Src/Medha.c:835:6:Send_Data_to_Other	16	static
D:/_ei/EI_FINAL_Tested_10Peers_17-06-24_SeqMod_Diag_SIEMENS/EI_1/Core/Src/Medha.c:900:6:Process_Data_from_Other	24	static
D:/_ei/EI_FINAL_Tested_10Peers_17-06-24_SeqMod_Diag_SIEMENS/EI_1/Core/Src/Medha.c:1040:6:Print_Medha_Self_Details	16	static
D:/_ei/EI_FINAL_Tested_10Peers_17-06-24_SeqMod_Diag_SIEMENS/EI_1/Core/Src/Medha.c:1204:6:Update_MedhaCommands	8	static
D:/_ei/EI_FINAL_Tested_10Peers_17-06-24_SeqMod_Diag_SIEMENS/EI_1/Core/Src/Medha.c:1223:9:Is_MedhaCommand_Valid	24	static
D:/_ei/EI_FINAL_Tested_10Peers_17-06-24_SeqMod_Diag_SIEMENS/EI_1/Core/Src/Medha.c:1071:6:CheckforMedhaCMD	120	static
D:/_ei/EI_FINAL_Tested_10Peers_17-06-24_SeqMod_Diag_SIEMENS/EI_1/Core/Src/Medha.c:1348:10:GetCRC32	12	static
D:/_ei/EI_FINAL_Tested_10Peers_17-06-24_SeqMod_Diag_SIEMENS/EI_1/Core/Src/Medha.c:654:6:Send_Medha_EI_Reply	328	static
D:/_ei/EI_FINAL_Tested_10Peers_17-06-24_SeqMod_Diag_SIEMENS/EI_1/Core/Src/Medha.c:1365:10:CheckCRC32	16	static
D:/_ei/EI_FINAL_Tested_10Peers_17-06-24_SeqMod_Diag_SIEMENS/EI_1/Core/Src/Medha.c:115:10:Get_Medha_EI_Message	32	static
D:/_ei/EI_FINAL_Tested_10Peers_17-06-24_SeqMod_Diag_SIEMENS/EI_1/Core/Src/Medha.c:214:6:Medha_EI_Analyser	792	static
D:/_ei/EI_FINAL_Tested_10Peers_17-06-24_SeqMod_Diag_SIEMENS/EI_1/Core/Src/Medha.c:71:6:Process_Medha_EI	8	static
