D:/_ei/EI_FINAL_Tested_10Peers_17-06-24_SeqMod_Diag_SIEMENS/EI_1/Core/Src/spi.c:46:6:MX_SPI1_Init	8	static
D:/_ei/EI_FINAL_Tested_10Peers_17-06-24_SeqMod_Diag_SIEMENS/EI_1/Core/Src/spi.c:80:6:HAL_SPI_MspInit	64	static
D:/_ei/EI_FINAL_Tested_10Peers_17-06-24_SeqMod_Diag_SIEMENS/EI_1/Core/Src/spi.c:127:6:HAL_SPI_MspDeInit	8	static
D:/_ei/EI_FINAL_Tested_10Peers_17-06-24_SeqMod_Diag_SIEMENS/EI_1/Core/Src/spi.c:188:10:SPI_WriteInFlash	32	static
D:/_ei/EI_FINAL_Tested_10Peers_17-06-24_SeqMod_Diag_SIEMENS/EI_1/Core/Src/spi.c:158:6:saveToFlash	8	static
D:/_ei/EI_FINAL_Tested_10Peers_17-06-24_SeqMod_Diag_SIEMENS/EI_1/Core/Src/spi.c:293:5:SPI_MemoryEraseBySector	24	static
D:/_ei/EI_FINAL_Tested_10Peers_17-06-24_SeqMod_Diag_SIEMENS/EI_1/Core/Src/spi.c:411:6:SPI_ReadFromFlash	24	static
D:/_ei/EI_FINAL_Tested_10Peers_17-06-24_SeqMod_Diag_SIEMENS/EI_1/Core/Src/spi.c:384:6:readFromFlash	4	static
D:/_ei/EI_FINAL_Tested_10Peers_17-06-24_SeqMod_Diag_SIEMENS/EI_1/Core/Src/spi.c:584:15:saveConfig	24	static,ignoring_inline_asm
D:/_ei/EI_FINAL_Tested_10Peers_17-06-24_SeqMod_Diag_SIEMENS/EI_1/Core/Src/spi.c:534:6:AutoLoadDat	32	static
D:/_ei/EI_FINAL_Tested_10Peers_17-06-24_SeqMod_Diag_SIEMENS/EI_1/Core/Src/spi.c:518:6:Data_Processing	8	static
D:/_ei/EI_FINAL_Tested_10Peers_17-06-24_SeqMod_Diag_SIEMENS/EI_1/Core/Src/spi.c:466:6:Get_Config	16	static
D:/_ei/EI_FINAL_Tested_10Peers_17-06-24_SeqMod_Diag_SIEMENS/EI_1/Core/Src/spi.c:630:6:Print_BuildDat_Details	8	static
