Archive member included to satisfy reference by file (symbol)

f:/programs/stm32cubeide_1.10.1/stm32cubeide/plugins/com.st.stm32cube.ide.mcu.externaltools.gnu-tools-for-stm32.10.3-2021.10.win32_1.0.0.202111181127/tools/bin/../lib/gcc/arm-none-eabi/10.3.1/../../../../arm-none-eabi/lib/thumb/v7e-m+dp/hard\libc_nano.a(lib_a-atoi.o)
                              ./Middlewares/Third_Party/LwIP/src/core/netif.o (atoi)
f:/programs/stm32cubeide_1.10.1/stm32cubeide/plugins/com.st.stm32cube.ide.mcu.externaltools.gnu-tools-for-stm32.10.3-2021.10.win32_1.0.0.202111181127/tools/bin/../lib/gcc/arm-none-eabi/10.3.1/../../../../arm-none-eabi/lib/thumb/v7e-m+dp/hard\libc_nano.a(lib_a-ctype_.o)
                              ./Middlewares/Third_Party/LwIP/src/core/ipv4/ip4_addr.o (_ctype_)
f:/programs/stm32cubeide_1.10.1/stm32cubeide/plugins/com.st.stm32cube.ide.mcu.externaltools.gnu-tools-for-stm32.10.3-2021.10.win32_1.0.0.202111181127/tools/bin/../lib/gcc/arm-none-eabi/10.3.1/../../../../arm-none-eabi/lib/thumb/v7e-m+dp/hard\libc_nano.a(lib_a-exit.o)
                              f:/programs/stm32cubeide_1.10.1/stm32cubeide/plugins/com.st.stm32cube.ide.mcu.externaltools.gnu-tools-for-stm32.10.3-2021.10.win32_1.0.0.202111181127/tools/bin/../lib/gcc/arm-none-eabi/10.3.1/../../../../arm-none-eabi/lib/thumb/v7e-m+dp/hard/crt0.o (exit)
f:/programs/stm32cubeide_1.10.1/stm32cubeide/plugins/com.st.stm32cube.ide.mcu.externaltools.gnu-tools-for-stm32.10.3-2021.10.win32_1.0.0.202111181127/tools/bin/../lib/gcc/arm-none-eabi/10.3.1/../../../../arm-none-eabi/lib/thumb/v7e-m+dp/hard\libc_nano.a(lib_a-impure.o)
                              f:/programs/stm32cubeide_1.10.1/stm32cubeide/plugins/com.st.stm32cube.ide.mcu.externaltools.gnu-tools-for-stm32.10.3-2021.10.win32_1.0.0.202111181127/tools/bin/../lib/gcc/arm-none-eabi/10.3.1/../../../../arm-none-eabi/lib/thumb/v7e-m+dp/hard\libc_nano.a(lib_a-exit.o) (_global_impure_ptr)
f:/programs/stm32cubeide_1.10.1/stm32cubeide/plugins/com.st.stm32cube.ide.mcu.externaltools.gnu-tools-for-stm32.10.3-2021.10.win32_1.0.0.202111181127/tools/bin/../lib/gcc/arm-none-eabi/10.3.1/../../../../arm-none-eabi/lib/thumb/v7e-m+dp/hard\libc_nano.a(lib_a-init.o)
                              f:/programs/stm32cubeide_1.10.1/stm32cubeide/plugins/com.st.stm32cube.ide.mcu.externaltools.gnu-tools-for-stm32.10.3-2021.10.win32_1.0.0.202111181127/tools/bin/../lib/gcc/arm-none-eabi/10.3.1/../../../../arm-none-eabi/lib/thumb/v7e-m+dp/hard/crt0.o (__libc_init_array)
f:/programs/stm32cubeide_1.10.1/stm32cubeide/plugins/com.st.stm32cube.ide.mcu.externaltools.gnu-tools-for-stm32.10.3-2021.10.win32_1.0.0.202111181127/tools/bin/../lib/gcc/arm-none-eabi/10.3.1/../../../../arm-none-eabi/lib/thumb/v7e-m+dp/hard\libc_nano.a(lib_a-memcmp.o)
                              ./Core/Src/Config.o (memcmp)
f:/programs/stm32cubeide_1.10.1/stm32cubeide/plugins/com.st.stm32cube.ide.mcu.externaltools.gnu-tools-for-stm32.10.3-2021.10.win32_1.0.0.202111181127/tools/bin/../lib/gcc/arm-none-eabi/10.3.1/../../../../arm-none-eabi/lib/thumb/v7e-m+dp/hard\libc_nano.a(lib_a-memcpy-stub.o)
                              ./Core/Src/Hitachi.o (memcpy)
f:/programs/stm32cubeide_1.10.1/stm32cubeide/plugins/com.st.stm32cube.ide.mcu.externaltools.gnu-tools-for-stm32.10.3-2021.10.win32_1.0.0.202111181127/tools/bin/../lib/gcc/arm-none-eabi/10.3.1/../../../../arm-none-eabi/lib/thumb/v7e-m+dp/hard\libc_nano.a(lib_a-memmove.o)
                              ./Middlewares/Third_Party/LwIP/src/core/def.o (memmove)
f:/programs/stm32cubeide_1.10.1/stm32cubeide/plugins/com.st.stm32cube.ide.mcu.externaltools.gnu-tools-for-stm32.10.3-2021.10.win32_1.0.0.202111181127/tools/bin/../lib/gcc/arm-none-eabi/10.3.1/../../../../arm-none-eabi/lib/thumb/v7e-m+dp/hard\libc_nano.a(lib_a-memset.o)
                              f:/programs/stm32cubeide_1.10.1/stm32cubeide/plugins/com.st.stm32cube.ide.mcu.externaltools.gnu-tools-for-stm32.10.3-2021.10.win32_1.0.0.202111181127/tools/bin/../lib/gcc/arm-none-eabi/10.3.1/../../../../arm-none-eabi/lib/thumb/v7e-m+dp/hard/crt0.o (memset)
f:/programs/stm32cubeide_1.10.1/stm32cubeide/plugins/com.st.stm32cube.ide.mcu.externaltools.gnu-tools-for-stm32.10.3-2021.10.win32_1.0.0.202111181127/tools/bin/../lib/gcc/arm-none-eabi/10.3.1/../../../../arm-none-eabi/lib/thumb/v7e-m+dp/hard\libc_nano.a(lib_a-printf.o)
                              ./Core/Src/Config.o (printf)
f:/programs/stm32cubeide_1.10.1/stm32cubeide/plugins/com.st.stm32cube.ide.mcu.externaltools.gnu-tools-for-stm32.10.3-2021.10.win32_1.0.0.202111181127/tools/bin/../lib/gcc/arm-none-eabi/10.3.1/../../../../arm-none-eabi/lib/thumb/v7e-m+dp/hard\libc_nano.a(lib_a-putchar.o)
                              ./Core/Src/Hitachi.o (putchar)
f:/programs/stm32cubeide_1.10.1/stm32cubeide/plugins/com.st.stm32cube.ide.mcu.externaltools.gnu-tools-for-stm32.10.3-2021.10.win32_1.0.0.202111181127/tools/bin/../lib/gcc/arm-none-eabi/10.3.1/../../../../arm-none-eabi/lib/thumb/v7e-m+dp/hard\libc_nano.a(lib_a-puts.o)
[...]
Memory Configuration

Name             Origin             Length             Attributes
RAM              0x0000000020000000 0x0000000000080000 xrw
FLASH            0x0000000008000000 0x0000000000200000 xr
*default*        0x0000000000000000 0xffffffffffffffff

Linker script and memory map

LOAD f:/programs/stm32cubeide_1.10.1/stm32cubeide/plugins/com.st.stm32cube.ide.mcu.externaltools.gnu-tools-for-stm32.10.3-2021.10.win32_1.0.0.202111181127/tools/bin/../lib/gcc/arm-none-eabi/10.3.1/thumb/v7e-m+dp/hard/crti.o
LOAD f:/programs/stm32cubeide_1.10.1/stm32cubeide/plugins/com.st.stm32cube.ide.mcu.externaltools.gnu-tools-for-stm32.10.3-2021.10.win32_1.0.0.202111181127/tools/bin/../lib/gcc/arm-none-eabi/10.3.1/thumb/v7e-m+dp/hard/crtbegin.o
LOAD f:/programs/stm32cubeide_1.10.1/stm32cubeide/plugins/com.st.stm32cube.ide.mcu.externaltools.gnu-tools-for-stm32.10.3-2021.10.win32_1.0.0.202111181127/tools/bin/../lib/gcc/arm-none-eabi/10.3.1/../../../../arm-none-eabi/lib/thumb/v7e-m+dp/hard/crt0.o
LOAD ./Core/Src/BitManip.o
LOAD ./Core/Src/Config.o
LOAD ./Core/Src/Hitachi.o
LOAD ./Core/Src/Last_Reset_Reason.o
LOAD ./Core/Src/Medha.o
LOAD ./Core/Src/Process_Cmd.o
LOAD ./Core/Src/RTC.o
LOAD ./Core/Src/Siemens.o
LOAD ./Core/Src/Ticks.o
LOAD ./Core/Src/User_UDP.o
LOAD ./Core/Src/can.o
LOAD ./Core/Src/crc.o
LOAD ./Core/Src/gpio.o
LOAD ./Core/Src/i2c.o
LOAD ./Core/Src/iwdg.o
LOAD ./Core/Src/main.o
LOAD ./Core/Src/rng.o
LOAD ./Core/Src/spi.o
LOAD ./Core/Src/stm32f7xx_hal_msp.o
LOAD ./Core/Src/stm32f7xx_it.o
LOAD ./Core/Src/syscalls.o
LOAD ./Core/Src/sysmem.o
LOAD ./Core/Src/system_stm32f7xx.o
LOAD ./Core/Src/tim.o
LOAD ./Core/Src/usart.o
LOAD ./Core/Startup/startup_stm32f769bitx.o
LOAD ./Drivers/BSP/Components/dp83848/dp83848.o
LOAD ./Drivers/STM32F7xx_HAL_Driver/Src/stm32f7xx_hal.o
LOAD ./Drivers/STM32F7xx_HAL_Driver/Src/stm32f7xx_hal_can.o
LOAD ./Drivers/STM32F7xx_HAL_Driver/Src/stm32f7xx_hal_cortex.o
LOAD ./Drivers/STM32F7xx_HAL_Driver/Src/stm32f7xx_hal_crc.o
LOAD ./Drivers/STM32F7xx_HAL_Driver/Src/stm32f7xx_hal_crc_ex.o
LOAD ./Drivers/STM32F7xx_HAL_Driver/Src/stm32f7xx_hal_dma.o
LOAD ./Drivers/STM32F7xx_HAL_Driver/Src/stm32f7xx_hal_dma_ex.o
LOAD ./Drivers/STM32F7xx_HAL_Driver/Src/stm32f7xx_hal_eth.o
LOAD ./Drivers/STM32F7xx_HAL_Driver/Src/stm32f7xx_hal_exti.o
LOAD ./Drivers/STM32F7xx_HAL_Driver/Src/stm32f7xx_hal_flash.o
LOAD ./Drivers/STM32F7xx_HAL_Driver/Src/stm32f7xx_hal_flash_ex.o
LOAD ./Drivers/STM32F7xx_HAL_Driver/Src/stm32f7xx_hal_gpio.o
LOAD ./Drivers/STM32F7xx_HAL_Driver/Src/stm32f7xx_hal_i2c.o
LOAD ./Drivers/STM32F7xx_HAL_Driver/Src/stm32f7xx_hal_i2c_ex.o
LOAD ./Drivers/STM32F7xx_HAL_Driver/Src/stm32f7xx_hal_iwdg.o
LOAD ./Drivers/STM32F7xx_HAL_Driver/Src/stm32f7xx_hal_pwr.o
LOAD ./Drivers/STM32F7xx_HAL_Driver/Src/stm32f7xx_hal_pwr_ex.o
LOAD ./Drivers/STM32F7xx_HAL_Driver/Src/stm32f7xx_hal_rcc.o
LOAD ./Drivers/STM32F7xx_HAL_Driver/Src/stm32f7xx_hal_rcc_ex.o
LOAD ./Drivers/STM32F7xx_HAL_Driver/Src/stm32f7xx_hal_rng.o
LOAD ./Drivers/STM32F7xx_HAL_Driver/Src/stm32f7xx_hal_spi.o
LOAD ./Drivers/STM32F7xx_HAL_Driver/Src/stm32f7xx_hal_spi_ex.o
LOAD ./Drivers/STM32F7xx_HAL_Driver/Src/stm32f7xx_hal_tim.o
LOAD ./Drivers/STM32F7xx_HAL_Driver/Src/stm32f7xx_hal_tim_ex.o
LOAD ./Drivers/STM32F7xx_HAL_Driver/Src/stm32f7xx_hal_uart.o
LOAD ./Drivers/STM32F7xx_HAL_Driver/Src/stm32f7xx_hal_uart_ex.o
LOAD ./LWIP/App/lwip.o
LOAD ./LWIP/Target/ethernetif.o
LOAD ./Middlewares/Third_Party/LwIP/src/api/api_lib.o
LOAD ./Middlewares/Third_Party/LwIP/src/api/api_msg.o
LOAD ./Middlewares/Third_Party/LwIP/src/api/err.o
LOAD ./Middlewares/Third_Party/LwIP/src/api/if_api.o
LOAD ./Middlewares/Third_Party/LwIP/src/api/netbuf.o
LOAD ./Middlewares/Third_Party/LwIP/src/api/netdb.o
LOAD ./Middlewares/Third_Party/LwIP/src/api/netifapi.o
LOAD ./Middlewares/Third_Party/LwIP/src/api/sockets.o
LOAD ./Middlewares/Third_Party/LwIP/src/api/tcpip.o
LOAD ./Middlewares/Third_Party/LwIP/src/apps/mqtt/mqtt.o
LOAD ./Middlewares/Third_Party/LwIP/src/core/altcp.o
LOAD ./Middlewares/Third_Party/LwIP/src/core/altcp_alloc.o
LOAD ./Middlewares/Third_Party/LwIP/src/core/altcp_tcp.o
LOAD ./Middlewares/Third_Party/LwIP/src/core/def.o
LOAD ./Middlewares/Third_Party/LwIP/src/core/dns.o
LOAD ./Middlewares/Third_Party/LwIP/src/core/inet_chksum.o
LOAD ./Middlewares/Third_Party/LwIP/src/core/init.o
LOAD ./Middlewares/Third_Party/LwIP/src/core/ip.o
LOAD ./Middlewares/Third_Party/LwIP/src/core/mem.o
LOAD ./Middlewares/Third_Party/LwIP/src/core/memp.o
LOAD ./Middlewares/Third_Party/LwIP/src/core/netif.o
LOAD ./Middlewares/Third_Party/LwIP/src/core/pbuf.o
LOAD ./Middlewares/Third_Party/LwIP/src/core/raw.o
LOAD ./Middlewares/Third_Party/LwIP/src/core/stats.o
LOAD ./Middlewares/Third_Party/LwIP/src/core/sys.o
LOAD ./Middlewares/Third_Party/LwIP/src/core/tcp.o
LOAD ./Middlewares/Third_Party/LwIP/src/core/tcp_in.o
LOAD ./Middlewares/Third_Party/LwIP/src/core/tcp_out.o
LOAD ./Middlewares/Third_Party/LwIP/src/core/timeouts.o
LOAD ./Middlewares/Third_Party/LwIP/src/core/udp.o
LOAD ./Middlewares/Third_Party/LwIP/src/core/ipv4/autoip.o
LOAD ./Middlewares/Third_Party/LwIP/src/core/ipv4/dhcp.o
LOAD ./Middlewares/Third_Party/LwIP/src/core/ipv4/etharp.o
LOAD ./Middlewares/Third_Party/LwIP/src/core/ipv4/icmp.o
LOAD ./Middlewares/Third_Party/LwIP/src/core/ipv4/igmp.o
LOAD ./Middlewares/Third_Party/LwIP/src/core/ipv4/ip4.o
LOAD ./Middlewares/Third_Party/LwIP/src/core/ipv4/ip4_addr.o
LOAD ./Middlewares/Third_Party/LwIP/src/core/ipv4/ip4_frag.o
LOAD ./Middlewares/Third_Party/LwIP/src/core/ipv6/dhcp6.o
LOAD ./Middlewares/Third_Party/LwIP/src/core/ipv6/ethip6.o
LOAD ./Middlewares/Third_Party/LwIP/src/core/ipv6/icmp6.o
LOAD ./Middlewares/Third_Party/LwIP/src/core/ipv6/inet6.o
LOAD ./Middlewares/Third_Party/LwIP/src/core/ipv6/ip6.o
LOAD ./Middlewares/Third_Party/LwIP/src/core/ipv6/ip6_addr.o
LOAD ./Middlewares/Third_Party/LwIP/src/core/ipv6/ip6_frag.o
LOAD ./Middlewares/Third_Party/LwIP/src/core/ipv6/mld6.o
LOAD ./Middlewares/Third_Party/LwIP/src/core/ipv6/nd6.o
LOAD ./Middlewares/Third_Party/LwIP/src/netif/bridgeif.o
LOAD ./Middlewares/Third_Party/LwIP/src/netif/bridgeif_fdb.o
LOAD ./Middlewares/Third_Party/LwIP/src/netif/ethernet.o
LOAD ./Middlewares/Third_Party/LwIP/src/netif/lowpan6.o
LOAD ./Middlewares/Third_Party/LwIP/src/netif/lowpan6_ble.o
LOAD ./Middlewares/Third_Party/LwIP/src/netif/lowpan6_common.o
LOAD ./Middlewares/Third_Party/LwIP/src/netif/slipif.o
LOAD ./Middlewares/Third_Party/LwIP/src/netif/zepif.o
LOAD ./Middlewares/Third_Party/LwIP/src/netif/ppp/auth.o
LOAD ./Middlewares/Third_Party/LwIP/src/netif/ppp/ccp.o
LOAD ./Middlewares/Third_Party/LwIP/src/netif/ppp/chap-md5.o
LOAD ./Middlewares/Third_Party/LwIP/src/netif/ppp/chap-new.o
LOAD ./Middlewares/Third_Party/LwIP/src/netif/ppp/chap_ms.o
LOAD ./Middlewares/Third_Party/LwIP/src/netif/ppp/demand.o
LOAD ./Middlewares/Third_Party/LwIP/src/netif/ppp/eap.o
LOAD ./Middlewares/Third_Party/LwIP/src/netif/ppp/ecp.o
LOAD ./Middlewares/Third_Party/LwIP/src/netif/ppp/eui64.o
LOAD ./Middlewares/Third_Party/LwIP/src/netif/ppp/fsm.o
LOAD ./Middlewares/Third_Party/LwIP/src/netif/ppp/ipcp.o
LOAD ./Middlewares/Third_Party/LwIP/src/netif/ppp/ipv6cp.o
LOAD ./Middlewares/Third_Party/LwIP/src/netif/ppp/lcp.o
LOAD ./Middlewares/Third_Party/LwIP/src/netif/ppp/magic.o
LOAD ./Middlewares/Third_Party/LwIP/src/netif/ppp/mppe.o
LOAD ./Middlewares/Third_Party/LwIP/src/netif/ppp/multilink.o
LOAD ./Middlewares/Third_Party/LwIP/src/netif/ppp/ppp.o
LOAD ./Middlewares/Third_Party/LwIP/src/netif/ppp/pppapi.o
LOAD ./Middlewares/Third_Party/LwIP/src/netif/ppp/pppcrypt.o
LOAD ./Middlewares/Third_Party/LwIP/src/netif/ppp/pppoe.o
LOAD ./Middlewares/Third_Party/LwIP/src/netif/ppp/pppol2tp.o
LOAD ./Middlewares/Third_Party/LwIP/src/netif/ppp/pppos.o
LOAD ./Middlewares/Third_Party/LwIP/src/netif/ppp/upap.o
LOAD ./Middlewares/Third_Party/LwIP/src/netif/ppp/utils.o
LOAD ./Middlewares/Third_Party/LwIP/src/netif/ppp/vj.o
START GROUP
LOAD f:/programs/stm32cubeide_1.10.1/stm32cubeide/plugins/com.st.stm32cube.ide.mcu.externaltools.gnu-tools-for-stm32.10.3-2021.10.win32_1.0.0.202111181127/tools/bin/../lib/gcc/arm-none-eabi/10.3.1/../../../../arm-none-eabi/lib/thumb/v7e-m+dp/hard\libc_nano.a
LOAD f:/programs/stm32cubeide_1.10.1/stm32cubeide/plugins/com.st.stm32cube.ide.mcu.externaltools.gnu-tools-for-stm32.10.3-2021.10.win32_1.0.0.202111181127/tools/bin/../lib/gcc/arm-none-eabi/10.3.1/../../../../arm-none-eabi/lib/thumb/v7e-m+dp/hard\libm.a
END GROUP
START GROUP
LOAD f:/programs/stm32cubeide_1.10.1/stm32cubeide/plugins/com.st.stm32cube.ide.mcu.externaltools.gnu-tools-for-stm32.10.3-2021.10.win32_1.0.0.202111181127/tools/bin/../lib/gcc/arm-none-eabi/10.3.1/thumb/v7e-m+dp/hard\libgcc.a
LOAD f:/programs/stm32cubeide_1.10.1/stm32cubeide/plugins/com.st.stm32cube.ide.mcu.externaltools.gnu-tools-for-stm32.10.3-2021.10.win32_1.0.0.202111181127/tools/bin/../lib/gcc/arm-none-eabi/10.3.1/../../../../arm-none-eabi/lib/thumb/v7e-m+dp/hard\libc_nano.a
END GROUP
START GROUP
LOAD f:/programs/stm32cubeide_1.10.1/stm32cubeide/plugins/com.st.stm32cube.ide.mcu.externaltools.gnu-tools-for-stm32.10.3-2021.10.win32_1.0.0.202111181127/tools/bin/../lib/gcc/arm-none-eabi/10.3.1/thumb/v7e-m+dp/hard\libgcc.a
LOAD f:/programs/stm32cubeide_1.10.1/stm32cubeide/plugins/com.st.stm32cube.ide.mcu.externaltools.gnu-tools-for-stm32.10.3-2021.10.win32_1.0.0.202111181127/tools/bin/../lib/gcc/arm-none-eabi/10.3.1/../../../../arm-none-eabi/lib/thumb/v7e-m+dp/hard\libc_nano.a
LOAD f:/programs/stm32cubeide_1.10.1/stm32cubeide/plugins/com.st.stm32cube.ide.mcu.externaltools.gnu-tools-for-stm32.10.3-2021.10.win32_1.0.0.202111181127/tools/bin/../lib/gcc/arm-none-eabi/10.3.1/../../../../arm-none-eabi/lib/thumb/v7e-m+dp/hard\libnosys.a
END GROUP
START GROUP
LOAD f:/programs/stm32cubeide_1.10.1/stm32cubeide/plugins/com.st.stm32cube.ide.mcu.externaltools.gnu-tools-for-stm32.10.3-2021.10.win32_1.0.0.202111181127/tools/bin/../lib/gcc/arm-none-eabi/10.3.1/thumb/v7e-m+dp/hard\libgcc.a
LOAD f:/programs/stm32cubeide_1.10.1/stm32cubeide/plugins/com.st.stm32cube.ide.mcu.externaltools.gnu-tools-for-stm32.10.3-2021.10.win32_1.0.0.202111181127/tools/bin/../lib/gcc/arm-none-eabi/10.3.1/../../../../arm-none-eabi/lib/thumb/v7e-m+dp/hard\libc_nano.a
LOAD f:/programs/stm32cubeide_1.10.1/stm32cubeide/plugins/com.st.stm32cube.ide.mcu.externaltools.gnu-tools-for-stm32.10.3-2021.10.win32_1.0.0.202111181127/tools/bin/../lib/gcc/arm-none-eabi/10.3.1/../../../../arm-none-eabi/lib/thumb/v7e-m+dp/hard\libnosys.a
END GROUP
LOAD f:/programs/stm32cubeide_1.10.1/stm32cubeide/plugins/com.st.stm32cube.ide.mcu.externaltools.gnu-tools-for-stm32.10.3-2021.10.win32_1.0.0.202111181127/tools/bin/../lib/gcc/arm-none-eabi/10.3.1/thumb/v7e-m+dp/hard/crtend.o
LOAD f:/programs/stm32cubeide_1.10.1/stm32cubeide/plugins/com.st.stm32cube.ide.mcu.externaltools.gnu-tools-for-stm32.10.3-2021.10.win32_1.0.0.202111181127/tools/bin/../lib/gcc/arm-none-eabi/10.3.1/thumb/v7e-m+dp/hard/crtn.o
                0x0000000020080000                _estack = (ORIGIN (RAM) + LENGTH (RAM))
                0x0000000000000200                _Min_Heap_Size = 0x200
                0x0000000000000400                _Min_Stack_Size = 0x400

.isr_vector     0x0000000008000000      0x1f8
                0x0000000008000000                . = ALIGN (0x4)
 *(.isr_vector)
 .isr_vector    0x0000000008000000      0x1f8 ./Core/Startup/startup_stm32f769bitx.o
                0x0000000008000000                g_pfnVectors
                0x00000000080001f8                . = ALIGN (0x4)

.text           0x0000000008000200    0x132cc
                0x0000000008000200                . = ALIGN (0x4)
 *(.text)
 .text          0x0000000008000200       0x40 f:/programs/stm32cubeide_1.10.1/stm32cubeide/plugins/com.st.stm32cube.ide.mcu.externaltools.gnu-tools-for-stm32.10.3-2021.10.win32_1.0.0.202111181127/tools/bin/../lib/gcc/arm-none-eabi/10.3.1/thumb/v7e-m+dp/hard/crtbegin.o
 .text          0x0000000008000240       0x14 f:/programs/stm32cubeide_1.10.1/stm32cubeide/plugins/com.st.stm32cube.ide.mcu.externaltools.gnu-tools-for-stm32.10.3-2021.10.win32_1.0.0.202111181127/tools/bin/../lib/gcc/arm-none-eabi/10.3.1/../../../../arm-none-eabi/lib/thumb/v7e-m+dp/hard\libc_nano.a(lib_a-strcmp.o)
                0x0000000008000240                strcmp
 .text          0x0000000008000254       0x10 f:/programs/stm32cubeide_1.10.1/stm32cubeide/plugins/com.st.stm32cube.ide.mcu.externaltools.gnu-tools-for-stm32.10.3-2021.10.win32_1.0.0.202111181127/tools/bin/../lib/gcc/arm-none-eabi/10.3.1/../../../../arm-none-eabi/lib/thumb/v7e-m+dp/hard\libc_nano.a(lib_a-strlen.o)
                0x0000000008000254                strlen
 *fill*         0x0000000008000264        0xc 
 .text          0x0000000008000270       0xa0 f:/programs/stm32cubeide_1.10.1/stm32cubeide/plugins/com.st.stm32cube.ide.mcu.externaltools.gnu-tools-for-stm32.10.3-2021.10.win32_1.0.0.202111181127/tools/bin/../lib/gcc/arm-none-eabi/10.3.1/../../../../arm-none-eabi/lib/thumb/v7e-m+dp/hard\libc_nano.a(lib_a-memchr.o)
                0x0000000008000270                memchr
 .text          0x0000000008000310       0x30 f:/programs/stm32cubeide_1.10.1/stm32cubeide/plugins/com.st.stm32cube.ide.mcu.externaltools.gnu-tools-for-stm32.10.3-2021.10.win32_1.0.0.202111181127/tools/bin/../lib/gcc/arm-none-eabi/10.3.1/thumb/v7e-m+dp/hard\libgcc.a(_aeabi_uldivmod.o)
                0x0000000008000310                __aeabi_uldivmod
 .text          0x0000000008000340      0x2d0 f:/programs/stm32cubeide_1.10.1/stm32cubeide/plugins/com.st.stm32cube.ide.mcu.externaltools.gnu-tools-for-stm32.10.3-2021.10.win32_1.0.0.202111181127/tools/bin/../lib/gcc/arm-none-eabi/10.3.1/thumb/v7e-m+dp/hard\libgcc.a(_udivmoddi4.o)
                0x0000000008000340                __udivmoddi4
 .text          0x0000000008000610        0x4 f:/programs/stm32cubeide_1.10.1/stm32cubeide/plugins/com.st.stm32cube.ide.mcu.externaltools.gnu-tools-for-stm32.10.3-2021.10.win32_1.0.0.202111181127/tools/bin/../lib/gcc/arm-none-eabi/10.3.1/thumb/v7e-m+dp/hard\libgcc.a(_dvmd_tls.o)
                0x0000000008000610                __aeabi_idiv0
                0x0000000008000610                __aeabi_ldiv0
 *(.text*)
 .text.ExtractBits
                0x0000000008000614       0x70 ./Core/Src/BitManip.o
                0x0000000008000614                ExtractBits
 .text.InsertBits
                0x0000000008000684       0xa8 ./Core/Src/BitManip.o
                0x0000000008000684                InsertBits
 .text.Update_HitachiCommands
                0x000000000800072c       0xa0 ./Core/Src/Config.o
                0x000000000800072c                Update_HitachiCommands
 .text.__io_putchar
                0x00000000080007cc       0x34 ./Core/Src/Config.o
                0x00000000080007cc                __io_putchar
 .text.Get_Slot
                0x0000000008000800       0x4c ./Core/Src/Config.o
                0x0000000008000800                Get_Slot
 .text.Is_Command_Valid
                0x000000000800084c       0x40 ./Core/Src/Config.o
                0x000000000800084c                Is_Command_Valid
 .text.Check_for_cmd
                0x000000000800088c      0x220 ./Core/Src/Config.o
                0x000000000800088c                Check_for_cmd
 .text.Vital_Msg_extr_from_CAN
                0x0000000008000aac      0x500 ./Core/Src/Hitachi.o
                0x0000000008000aac                Vital_Msg_extr_from_CAN
 .text.Check_Primary_r_Secondary
                0x0000000008000fac       0xec ./Core/Src/Hitachi.o
                0x0000000008000fac                Check_Primary_r_Secondary
 .text.Check_Vital_CRC
                0x0000000008001098      0x148 ./Core/Src/Hitachi.o
                0x0000000008001098                Check_Vital_CRC
 .text.Send_Self_Sharing
                0x00000000080011e0       0x70 ./Core/Src/Hitachi.o
                0x00000000080011e0                Send_Self_Sharing
 .text.Detect_CAN_Xchange_Failure
                0x0000000008001250       0xa0 ./Core/Src/Hitachi.o
                0x0000000008001250                Detect_CAN_Xchange_Failure
 .text.Process_Send_Signals_2_MIE
                0x00000000080012f0      0x2a4 ./Core/Src/Hitachi.o
                0x00000000080012f0                Process_Send_Signals_2_MIE
 .text.Display  0x0000000008001594       0x18 ./Core/Src/Hitachi.o
                0x0000000008001594                Display
 .text.Print_EI_DATA
                0x00000000080015ac      0x1a8 ./Core/Src/Hitachi.o
                0x00000000080015ac                Print_EI_DATA
 .text.Process_Sending_Reply
                0x0000000008001754      0x134 ./Core/Src/Hitachi.o
                0x0000000008001754                Process_Sending_Reply
 .text.Send_Init_Msg
                0x0000000008001888      0x2ec ./Core/Src/Hitachi.o
                0x0000000008001888                Send_Init_Msg
 .text.Send_Vital_Data_Message
                0x0000000008001b74      0x2d8 ./Core/Src/Hitachi.o
                0x0000000008001b74                Send_Vital_Data_Message
 .text.Send_Status_Message
                0x0000000008001e4c      0x320 ./Core/Src/Hitachi.o
                0x0000000008001e4c                Send_Status_Message
 .text.Send_Service_Signal_Message
                0x000000000800216c      0x224 ./Core/Src/Hitachi.o
                0x000000000800216c                Send_Service_Signal_Message
 .text.print_self_Details
                0x0000000008002390      0x1f0 ./Core/Src/Hitachi.o
                0x0000000008002390                print_self_Details
 .text.Send_Init_After_Timeout
                0x0000000008002580       0xac ./Core/Src/Hitachi.o
                0x0000000008002580                Send_Init_After_Timeout
 .text.Send_Vital_Msg_After_Rx_VITAL
                0x000000000800262c       0x70 ./Core/Src/Hitachi.o
                0x000000000800262c                Send_Vital_Msg_After_Rx_VITAL
 .text.Check_Recv_Status_fail
                0x000000000800269c       0x8c ./Core/Src/Hitachi.o
                0x000000000800269c                Check_Recv_Status_fail
 .text.IS_MLK_EIPC_TIME_MATCHING
                0x0000000008002728       0xa0 ./Core/Src/Hitachi.o
                0x0000000008002728                IS_MLK_EIPC_TIME_MATCHING
 .text.Init_Msg_extr
                0x00000000080027c8      0x458 ./Core/Src/Hitachi.o
                0x00000000080027c8                Init_Msg_extr
 .text.Vital_Msg_extr
                0x0000000008002c20      0x6dc ./Core/Src/Hitachi.o
                0x0000000008002c20                Vital_Msg_extr
 .text.Status_Msg_Extr
                0x00000000080032fc      0x50c ./Core/Src/Hitachi.o
                0x00000000080032fc                Status_Msg_Extr
 .text.Service_Msg_Extr
                0x0000000008003808      0x344 ./Core/Src/Hitachi.o
                0x0000000008003808                Service_Msg_Extr
 .text.Check_All_Peers
                0x0000000008003b4c       0x68 ./Core/Src/Hitachi.o
                0x0000000008003b4c                Check_All_Peers
 .text.Check_for_RelayMisMatch
                0x0000000008003bb4       0xf4 ./Core/Src/Hitachi.o
                0x0000000008003bb4                Check_for_RelayMisMatch
 .text.CheckOtherLinkStatus
                0x0000000008003ca8       0x64 ./Core/Src/Hitachi.o
                0x0000000008003ca8                CheckOtherLinkStatus
 .text.Check_Other_EiPC_Packet
                0x0000000008003d0c       0x28 ./Core/Src/Hitachi.o
                0x0000000008003d0c                Check_Other_EiPC_Packet
 .text.EI_Data_Analyzer
                0x0000000008003d34      0x2d0 ./Core/Src/Hitachi.o
                0x0000000008003d34                EI_Data_Analyzer
 .text.Convert_Data_format
                0x0000000008004004       0x54 ./Core/Src/Hitachi.o
                0x0000000008004004                Convert_Data_format
 .text.Process_Hitachi_Packets_Eth
                0x0000000008004058       0x60 ./Core/Src/Hitachi.o
                0x0000000008004058                Process_Hitachi_Packets_Eth
 .text.Process_Hitachi_Packets_Com
                0x00000000080040b8       0x8c ./Core/Src/Hitachi.o
                0x00000000080040b8                Process_Hitachi_Packets_Com
 .text.CheckLinkEstablishTimeout
                0x0000000008004144       0x9c ./Core/Src/Hitachi.o
                0x0000000008004144                CheckLinkEstablishTimeout
 .text.SendRelay2_Other
                0x00000000080041e0       0x64 ./Core/Src/Hitachi.o
                0x00000000080041e0                SendRelay2_Other
 .text.Process_HitachiEI
                0x0000000008004244       0x80 ./Core/Src/Hitachi.o
                0x0000000008004244                Process_HitachiEI
 .text.reset_cause_get
                0x00000000080042c4       0x5c ./Core/Src/Last_Reset_Reason.o
                0x00000000080042c4                reset_cause_get
 .text.reset_cause_get_name
                0x0000000008004320       0x18 ./Core/Src/Last_Reset_Reason.o
                0x0000000008004320                reset_cause_get_name
 .text.Send_Relay_Statuses_2_MIE
                0x0000000008004338       0x88 ./Core/Src/Medha.o
                0x0000000008004338                Send_Relay_Statuses_2_MIE
 .text.Process_Clear_Relays
                0x00000000080043c0      0x16c ./Core/Src/Medha.o
                0x00000000080043c0                Process_Clear_Relays
 .text.Send_Data_to_Other
                0x000000000800452c       0x84 ./Core/Src/Medha.o
                0x000000000800452c                Send_Data_to_Other
 .text.Process_Data_from_Other
                0x00000000080045b0      0x1dc ./Core/Src/Medha.o
                0x00000000080045b0                Process_Data_from_Other
 .text.Print_Medha_Self_Details
                0x000000000800478c       0xb8 ./Core/Src/Medha.o
                0x000000000800478c                Print_Medha_Self_Details
 .text.Update_MedhaCommands
                0x0000000008004844       0x5c ./Core/Src/Medha.o
                0x0000000008004844                Update_MedhaCommands
 .text.Is_MedhaCommand_Valid
                0x00000000080048a0       0x40 ./Core/Src/Medha.o
                0x00000000080048a0                Is_MedhaCommand_Valid
 .text.CheckforMedhaCMD
                0x00000000080048e0      0x230 ./Core/Src/Medha.o
                0x00000000080048e0                CheckforMedhaCMD
 .text.GetCRC32
                0x0000000008004b10       0x24 ./Core/Src/Medha.o
                0x0000000008004b10                GetCRC32
 .text.Send_Medha_EI_Reply
                0x0000000008004b34       0xbc ./Core/Src/Medha.o
                0x0000000008004b34                Send_Medha_EI_Reply
 .text.CheckCRC32
                0x0000000008004bf0       0x2c ./Core/Src/Medha.o
                0x0000000008004bf0                CheckCRC32
 .text.Get_Medha_EI_Message
                0x0000000008004c1c      0x10c ./Core/Src/Medha.o
                0x0000000008004c1c                Get_Medha_EI_Message
 .text.Medha_EI_Analyser
                0x0000000008004d28      0x458 ./Core/Src/Medha.o
                0x0000000008004d28                Medha_EI_Analyser
 .text.Process_Medha_EI
                0x0000000008005180       0x5c ./Core/Src/Medha.o
                0x0000000008005180                Process_Medha_EI
 .text.ReadAndFormMsg
                0x00000000080051dc      0x118 ./Core/Src/Process_Cmd.o
                0x00000000080051dc                ReadAndFormMsg
 .text.SendAck  0x00000000080052f4       0x70 ./Core/Src/Process_Cmd.o
                0x00000000080052f4                SendAck
 .text.CheckForRqst
                0x0000000008005364       0x7c ./Core/Src/Process_Cmd.o
                0x0000000008005364                CheckForRqst
 .text.ReadAndFormConfig
                0x00000000080053e0       0xf4 ./Core/Src/Process_Cmd.o
                0x00000000080053e0                ReadAndFormConfig
 .text.bcdToDec
                0x00000000080054d4       0x12 ./Core/Src/RTC.o
                0x00000000080054d4                bcdToDec
 .text.Dec_to_BCD
                0x00000000080054e6       0x12 ./Core/Src/RTC.o
                0x00000000080054e6                Dec_to_BCD
 .text.Is_GPS_Valid
                0x00000000080054f8       0x20 ./Core/Src/RTC.o
                0x00000000080054f8                Is_GPS_Valid
 .text.Get_time
                0x0000000008005518       0x94 ./Core/Src/RTC.o
                0x0000000008005518                Get_time
 .text.Write_RTC
                0x00000000080055ac       0xfc ./Core/Src/RTC.o
                0x00000000080055ac                Write_RTC
 .text.Update_Time_Every_Sec
                0x00000000080056a8       0x20 ./Core/Src/RTC.o
                0x00000000080056a8                Update_Time_Every_Sec
 .text.Data_Compliment.part.0
                0x00000000080056c8       0x38 ./Core/Src/Siemens.o
 .text.ExtractAppData
                0x0000000008005700       0x50 ./Core/Src/Siemens.o
                0x0000000008005700                ExtractAppData
 .text.ProcessSendingSignals2MIE
                0x0000000008005750      0x110 ./Core/Src/Siemens.o
                0x0000000008005750                ProcessSendingSignals2MIE
 .text.ProcessSelfSharing
                0x0000000008005860       0x38 ./Core/Src/Siemens.o
                0x0000000008005860                ProcessSelfSharing
 .text.ProcessDetectNoValidDataReceive
                0x0000000008005898       0x60 ./Core/Src/Siemens.o
                0x0000000008005898                ProcessDetectNoValidDataReceive
 .text.SendRelays2Other
                0x00000000080058f8       0x24 ./Core/Src/Siemens.o
                0x00000000080058f8                SendRelays2Other
 .text.CheckRelayMisMatch
                0x000000000800591c       0x58 ./Core/Src/Siemens.o
                0x000000000800591c                CheckRelayMisMatch
 .text.Detect_SiemensCAN_Xchange_Failure
                0x0000000008005974       0x58 ./Core/Src/Siemens.o
                0x0000000008005974                Detect_SiemensCAN_Xchange_Failure
 .text.Update_SiemensCommands
                0x00000000080059cc       0xe8 ./Core/Src/Siemens.o
                0x00000000080059cc                Update_SiemensCommands
 .text.Is_SiemensCommand_Valid
                0x0000000008005ab4       0x40 ./Core/Src/Siemens.o
                0x0000000008005ab4                Is_SiemensCommand_Valid
 .text.Chech_forSiemensCMD
                0x0000000008005af4      0x230 ./Core/Src/Siemens.o
                0x0000000008005af4                Chech_forSiemensCMD
 .text.Siemens_CRC
                0x0000000008005d24       0x32 ./Core/Src/Siemens.o
                0x0000000008005d24                Siemens_CRC
 .text.Calculate_Parity
                0x0000000008005d56       0x2a ./Core/Src/Siemens.o
                0x0000000008005d56                Calculate_Parity
 .text.Verify_parity
                0x0000000008005d80       0x60 ./Core/Src/Siemens.o
                0x0000000008005d80                Verify_parity
 .text.Extract_Parity_Data
                0x0000000008005de0       0x7c ./Core/Src/Siemens.o
                0x0000000008005de0                Extract_Parity_Data
 .text.Insert_cal_parity
                0x0000000008005e5c       0xfc ./Core/Src/Siemens.o
                0x0000000008005e5c                Insert_cal_parity
 .text.Data_Compliment
                0x0000000008005f58       0x32 ./Core/Src/Siemens.o
                0x0000000008005f58                Data_Compliment
 *fill*         0x0000000008005f8a        0x2 
 .text.CheckToSendReplyorNot
                0x0000000008005f8c        0xc ./Core/Src/Siemens.o
                0x0000000008005f8c                CheckToSendReplyorNot
 .text.Form_Siemens_Reply
                0x0000000008005f98      0x220 ./Core/Src/Siemens.o
                0x0000000008005f98                Form_Siemens_Reply
 .text.PrintSignals
                0x00000000080061b8       0x88 ./Core/Src/Siemens.o
                0x00000000080061b8                PrintSignals
 .text.Print_Siemens_MSG
                0x0000000008006240      0x12c ./Core/Src/Siemens.o
                0x0000000008006240                Print_Siemens_MSG
 .text.Siemens_Data_Analyser
                0x000000000800636c      0x6d4 ./Core/Src/Siemens.o
                0x000000000800636c                Siemens_Data_Analyser
 .text.GetTimeStamp
                0x0000000008006a40       0x68 ./Core/Src/Siemens.o
                0x0000000008006a40                GetTimeStamp
 .text.Process_SiemensEI
                0x0000000008006aa8       0x68 ./Core/Src/Siemens.o
                0x0000000008006aa8                Process_SiemensEI
 .text.UpdateSIGNALSNames
                0x0000000008006b10      0x394 ./Core/Src/Siemens.o
                0x0000000008006b10                UpdateSIGNALSNames
 .text.print_self_DetailsSiemens
                0x0000000008006ea4      0x180 ./Core/Src/Siemens.o
                0x0000000008006ea4                print_self_DetailsSiemens
 .text.HAL_Elaps_Ticks
                0x0000000008007024       0x12 ./Core/Src/Ticks.o
                0x0000000008007024                HAL_Elaps_Ticks
 *fill*         0x0000000008007036        0x2 
 .text.UDP_Receive_Callback
                0x0000000008007038      0x160 ./Core/Src/User_UDP.o
                0x0000000008007038                UDP_Receive_Callback
 .text.udpClient_connect
                0x0000000008007198       0x9c ./Core/Src/User_UDP.o
                0x0000000008007198                udpClient_connect
 .text.udpServer_init
                0x0000000008007234       0x68 ./Core/Src/User_UDP.o
                0x0000000008007234                udpServer_init
 .text.udpClient_send
                0x000000000800729c       0x50 ./Core/Src/User_UDP.o
                0x000000000800729c                udpClient_send
 .text.Is_There_EI_Data
                0x00000000080072ec       0x18 ./Core/Src/User_UDP.o
                0x00000000080072ec                Is_There_EI_Data
 .text.Get_Eth_Byte
                0x0000000008007304       0x3c ./Core/Src/User_UDP.o
                0x0000000008007304                Get_Eth_Byte
 .text.Udp_Send_SigInfo
                0x0000000008007340       0x48 ./Core/Src/User_UDP.o
                0x0000000008007340                Udp_Send_SigInfo
 .text.MX_CAN2_Init
                0x0000000008007388       0x9c ./Core/Src/can.o
                0x0000000008007388                MX_CAN2_Init
 .text.MX_CAN3_Init
                0x0000000008007424       0x74 ./Core/Src/can.o
                0x0000000008007424                MX_CAN3_Init
 .text.HAL_CAN_MspInit
                0x0000000008007498      0x108 ./Core/Src/can.o
                0x0000000008007498                HAL_CAN_MspInit
 .text.CAN_transmit
                0x00000000080075a0       0xfc ./Core/Src/can.o
                0x00000000080075a0                CAN_transmit
 .text.sendCanPkts
                0x000000000800769c       0x2c ./Core/Src/can.o
                0x000000000800769c                sendCanPkts
 .text.TransmitCanPkt
                0x00000000080076c8      0x294 ./Core/Src/can.o
                0x00000000080076c8                TransmitCanPkt
 .text.HAL_CAN_RxFifo0MsgPendingCallback
                0x000000000800795c       0x74 ./Core/Src/can.o
                0x000000000800795c                HAL_CAN_RxFifo0MsgPendingCallback
 .text.HAL_CAN_RxFifo1MsgPendingCallback
                0x00000000080079d0       0x7c ./Core/Src/can.o
                0x00000000080079d0                HAL_CAN_RxFifo1MsgPendingCallback
 .text.canDataReady
                0x0000000008007a4c       0x50 ./Core/Src/can.o
                0x0000000008007a4c                canDataReady
 .text.readCanToStructs
                0x0000000008007a9c     0x158c ./Core/Src/can.o
                0x0000000008007a9c                readCanToStructs
 .text.GetCRC16
                0x0000000008009028       0x4c ./Core/Src/crc.o
                0x0000000008009028                GetCRC16
 .text.CheckCRC
                0x0000000008009074       0x48 ./Core/Src/crc.o
                0x0000000008009074                CheckCRC
 .text.ComputeCRC
                0x00000000080090bc       0x1a ./Core/Src/crc.o
                0x00000000080090bc                ComputeCRC
 .text.ReverseCRCPolynomial
                0x00000000080090d6       0x18 ./Core/Src/crc.o
                0x00000000080090d6                ReverseCRCPolynomial
 .text.AnsoldoCrc
                0x00000000080090ee       0x1e ./Core/Src/crc.o
                0x00000000080090ee                AnsoldoCrc
 .text.CalculateDirectReverseCrc
                0x000000000800910c       0x50 ./Core/Src/crc.o
                0x000000000800910c                CalculateDirectReverseCrc
 .text.MX_GPIO_Init
                0x000000000800915c      0x318 ./Core/Src/gpio.o
                0x000000000800915c                MX_GPIO_Init
 .text.Feed_wdt
                0x0000000008009474       0x2c ./Core/Src/gpio.o
                0x0000000008009474                Feed_wdt
 .text.Blink_S2
                0x00000000080094a0       0x28 ./Core/Src/gpio.o
                0x00000000080094a0                Blink_S2
 .text.MX_I2C1_Init
                0x00000000080094c8       0x58 ./Core/Src/i2c.o
                0x00000000080094c8                MX_I2C1_Init
 .text.MX_I2C2_Init
                0x0000000008009520       0x58 ./Core/Src/i2c.o
                0x0000000008009520                MX_I2C2_Init
 .text.HAL_I2C_MspInit
                0x0000000008009578       0xec ./Core/Src/i2c.o
                0x0000000008009578                HAL_I2C_MspInit
 .text.MX_IWDG_Init
                0x0000000008009664       0x30 ./Core/Src/iwdg.o
                0x0000000008009664                MX_IWDG_Init
 .text.SystemClock_Config
                0x0000000008009694       0xa0 ./Core/Src/main.o
                0x0000000008009694                SystemClock_Config
 .text.Get_Build_Details
                0x0000000008009734       0x8c ./Core/Src/main.o
                0x0000000008009734                Get_Build_Details
 .text.startup.main
                0x00000000080097c0      0x20c ./Core/Src/main.o
                0x00000000080097c0                main
 .text.Error_Handler
                0x00000000080099cc        0x4 ./Core/Src/main.o
                0x00000000080099cc                Error_Handler
 .text.MX_RNG_Init
                0x00000000080099d0       0x20 ./Core/Src/rng.o
                0x00000000080099d0                MX_RNG_Init
 .text.HAL_RNG_MspInit
                0x00000000080099f0       0x4c ./Core/Src/rng.o
                0x00000000080099f0                HAL_RNG_MspInit
 .text.MX_SPI1_Init
                0x0000000008009a3c       0x4c ./Core/Src/spi.o
                0x0000000008009a3c                MX_SPI1_Init
 .text.HAL_SPI_MspInit
                0x0000000008009a88       0xc0 ./Core/Src/spi.o
                0x0000000008009a88                HAL_SPI_MspInit
 .text.SPI_WriteInFlash
                0x0000000008009b48      0x194 ./Core/Src/spi.o
                0x0000000008009b48                SPI_WriteInFlash
 .text.SPI_MemoryEraseBySector
                0x0000000008009cdc      0x178 ./Core/Src/spi.o
                0x0000000008009cdc                SPI_MemoryEraseBySector
 .text.SPI_ReadFromFlash
                0x0000000008009e54       0xb4 ./Core/Src/spi.o
                0x0000000008009e54                SPI_ReadFromFlash
 .text.saveConfig
                0x0000000008009f08       0xa4 ./Core/Src/spi.o
                0x0000000008009f08                saveConfig
 .text.AutoLoadDat
                0x0000000008009fac       0xd0 ./Core/Src/spi.o
                0x0000000008009fac                AutoLoadDat
 .text.Data_Processing
                0x000000000800a07c       0x2c ./Core/Src/spi.o
                0x000000000800a07c                Data_Processing
 .text.Get_Config
                0x000000000800a0a8       0xd4 ./Core/Src/spi.o
                0x000000000800a0a8                Get_Config
 .text.Print_BuildDat_Details
                0x000000000800a17c       0x68 ./Core/Src/spi.o
                0x000000000800a17c                Print_BuildDat_Details
 .text.HAL_MspInit
                0x000000000800a1e4       0x34 ./Core/Src/stm32f7xx_hal_msp.o
                0x000000000800a1e4                HAL_MspInit
 .text.NMI_Handler
                0x000000000800a218        0x2 ./Core/Src/stm32f7xx_it.o
                0x000000000800a218                NMI_Handler
 .text.HardFault_Handler
                0x000000000800a21a        0x2 ./Core/Src/stm32f7xx_it.o
                0x000000000800a21a                HardFault_Handler
 .text.MemManage_Handler
                0x000000000800a21c        0x2 ./Core/Src/stm32f7xx_it.o
                0x000000000800a21c                MemManage_Handler
 .text.BusFault_Handler
                0x000000000800a21e        0x2 ./Core/Src/stm32f7xx_it.o
                0x000000000800a21e                BusFault_Handler
 .text.UsageFault_Handler
                0x000000000800a220        0x2 ./Core/Src/stm32f7xx_it.o
                0x000000000800a220                UsageFault_Handler
 .text.SVC_Handler
                0x000000000800a222        0x2 ./Core/Src/stm32f7xx_it.o
                0x000000000800a222                SVC_Handler
 .text.DebugMon_Handler
                0x000000000800a224        0x2 ./Core/Src/stm32f7xx_it.o
                0x000000000800a224                DebugMon_Handler
 .text.PendSV_Handler
                0x000000000800a226        0x2 ./Core/Src/stm32f7xx_it.o
                0x000000000800a226                PendSV_Handler
 .text.SysTick_Handler
                0x000000000800a228        0x4 ./Core/Src/stm32f7xx_it.o
                0x000000000800a228                SysTick_Handler
 .text.EXTI0_IRQHandler
                0x000000000800a22c        0x6 ./Core/Src/stm32f7xx_it.o
                0x000000000800a22c                EXTI0_IRQHandler
 .text.EXTI1_IRQHandler
                0x000000000800a232        0x6 ./Core/Src/stm32f7xx_it.o
                0x000000000800a232                EXTI1_IRQHandler
 .text.TIM4_IRQHandler
                0x000000000800a238        0xc ./Core/Src/stm32f7xx_it.o
                0x000000000800a238                TIM4_IRQHandler
 .text.USART1_IRQHandler
                0x000000000800a244        0xc ./Core/Src/stm32f7xx_it.o
                0x000000000800a244                USART1_IRQHandler
 .text.TIM5_IRQHandler
                0x000000000800a250        0xc ./Core/Src/stm32f7xx_it.o
                0x000000000800a250                TIM5_IRQHandler
 .text.UART4_IRQHandler
                0x000000000800a25c        0xc ./Core/Src/stm32f7xx_it.o
                0x000000000800a25c                UART4_IRQHandler
 .text.UART5_IRQHandler
                0x000000000800a268        0xc ./Core/Src/stm32f7xx_it.o
                0x000000000800a268                UART5_IRQHandler
 .text.TIM6_DAC_IRQHandler
                0x000000000800a274        0xc ./Core/Src/stm32f7xx_it.o
                0x000000000800a274                TIM6_DAC_IRQHandler
 .text.TIM7_IRQHandler
                0x000000000800a280        0xc ./Core/Src/stm32f7xx_it.o
                0x000000000800a280                TIM7_IRQHandler
 .text.ETH_IRQHandler
                0x000000000800a28c        0xc ./Core/Src/stm32f7xx_it.o
                0x000000000800a28c                ETH_IRQHandler
 .text.CAN2_RX0_IRQHandler
                0x000000000800a298        0xc ./Core/Src/stm32f7xx_it.o
                0x000000000800a298                CAN2_RX0_IRQHandler
 .text.CAN2_RX1_IRQHandler
                0x000000000800a2a4        0x4 ./Core/Src/stm32f7xx_it.o
                0x000000000800a2a4                CAN2_RX1_IRQHandler
 .text.UART7_IRQHandler
                0x000000000800a2a8        0xc ./Core/Src/stm32f7xx_it.o
                0x000000000800a2a8                UART7_IRQHandler
 .text.CAN3_RX0_IRQHandler
                0x000000000800a2b4        0xc ./Core/Src/stm32f7xx_it.o
                0x000000000800a2b4                CAN3_RX0_IRQHandler
 .text.CAN3_RX1_IRQHandler
                0x000000000800a2c0        0x4 ./Core/Src/stm32f7xx_it.o
                0x000000000800a2c0                CAN3_RX1_IRQHandler
 .text._getpid  0x000000000800a2c4        0x4 ./Core/Src/syscalls.o
                0x000000000800a2c4                _getpid
 .text._kill    0x000000000800a2c8       0x10 ./Core/Src/syscalls.o
                0x000000000800a2c8                _kill
 .text._exit    0x000000000800a2d8        0xc ./Core/Src/syscalls.o
                0x000000000800a2d8                _exit
 .text._read    0x000000000800a2e4       0x1c ./Core/Src/syscalls.o
                0x000000000800a2e4                _read
 .text._write   0x000000000800a300       0x1c ./Core/Src/syscalls.o
                0x000000000800a300                _write
 .text._close   0x000000000800a31c        0x6 ./Core/Src/syscalls.o
                0x000000000800a31c                _close
 .text._fstat   0x000000000800a322        0xa ./Core/Src/syscalls.o
                0x000000000800a322                _fstat
 .text._isatty  0x000000000800a32c        0x4 ./Core/Src/syscalls.o
                0x000000000800a32c                _isatty
 .text._lseek   0x000000000800a330        0x4 ./Core/Src/syscalls.o
                0x000000000800a330                _lseek
 .text._sbrk    0x000000000800a334       0x40 ./Core/Src/sysmem.o
                0x000000000800a334                _sbrk
 .text.SystemInit
                0x000000000800a374       0x14 ./Core/Src/system_stm32f7xx.o
                0x000000000800a374                SystemInit
 .text.MX_USART1_UART_Init
                0x000000000800a388       0x48 ./Core/Src/usart.o
                0x000000000800a388                MX_USART1_UART_Init
 .text.HAL_UART_MspInit
                0x000000000800a3d0      0x218 ./Core/Src/usart.o
                0x000000000800a3d0                HAL_UART_MspInit
 .text.UART4_Init
                0x000000000800a5e8       0x44 ./Core/Src/usart.o
                0x000000000800a5e8                UART4_Init
 .text.HAL_UARTEx_RxEventCallback
                0x000000000800a62c      0x170 ./Core/Src/usart.o
                0x000000000800a62c                HAL_UARTEx_RxEventCallback
 .text.Com_DataReady
                0x000000000800a79c       0x28 ./Core/Src/usart.o
                0x000000000800a79c                Com_DataReady
 .text.Com_Get_Byte
                0x000000000800a7c4       0x48 ./Core/Src/usart.o
                0x000000000800a7c4                Com_Get_Byte
 .text.Com_SendByte
                0x000000000800a80c       0x64 ./Core/Src/usart.o
                0x000000000800a80c                Com_SendByte
 .text.CommTransmitMessage
                0x000000000800a870       0x64 ./Core/Src/usart.o
                0x000000000800a870                CommTransmitMessage
 .text.Enable_UART_Interrupts
                0x000000000800a8d4       0x50 ./Core/Src/usart.o
                0x000000000800a8d4                Enable_UART_Interrupts
 .text.Reset_Handler
                0x000000000800a924       0x50 ./Core/Startup/startup_stm32f769bitx.o
                0x000000000800a924                Reset_Handler
 .text.Default_Handler
                0x000000000800a974        0x2 ./Core/Startup/startup_stm32f769bitx.o
                0x000000000800a974                RTC_Alarm_IRQHandler
                0x000000000800a974                EXTI2_IRQHandler
                0x000000000800a974                TIM8_CC_IRQHandler
                0x000000000800a974                UART8_IRQHandler
                0x000000000800a974                SPI4_IRQHandler
                0x000000000800a974                TIM1_CC_IRQHandler
                0x000000000800a974                DMA2_Stream5_IRQHandler
                0x000000000800a974                JPEG_IRQHandler
                0x000000000800a974                DMA1_Stream5_IRQHandler
                0x000000000800a974                PVD_IRQHandler
                0x000000000800a974                TAMP_STAMP_IRQHandler
                0x000000000800a974                EXTI3_IRQHandler
                0x000000000800a974                TIM8_TRG_COM_TIM14_IRQHandler
                0x000000000800a974                DFSDM1_FLT1_IRQHandler
                0x000000000800a974                TIM1_UP_TIM10_IRQHandler
                0x000000000800a974                TIM8_UP_TIM13_IRQHandler
                0x000000000800a974                I2C3_ER_IRQHandler
                0x000000000800a974                DFSDM1_FLT2_IRQHandler
                0x000000000800a974                I2C2_EV_IRQHandler
                0x000000000800a974                DMA1_Stream2_IRQHandler
                0x000000000800a974                CAN1_RX0_IRQHandler
                0x000000000800a974                FPU_IRQHandler
                0x000000000800a974                OTG_HS_WKUP_IRQHandler
                0x000000000800a974                CAN3_SCE_IRQHandler
                0x000000000800a974                LTDC_ER_IRQHandler
                0x000000000800a974                CAN2_SCE_IRQHandler
                0x000000000800a974                DMA2_Stream2_IRQHandler
                0x000000000800a974                SPI1_IRQHandler
                0x000000000800a974                TIM1_BRK_TIM9_IRQHandler
                0x000000000800a974                DCMI_IRQHandler
                0x000000000800a974                DMA2_Stream3_IRQHandler
                0x000000000800a974                SAI2_IRQHandler
                0x000000000800a974                DFSDM1_FLT3_IRQHandler
                0x000000000800a974                USART6_IRQHandler
                0x000000000800a974                USART3_IRQHandler
                0x000000000800a974                CAN1_RX1_IRQHandler
                0x000000000800a974                DMA2_Stream0_IRQHandler
                0x000000000800a974                QUADSPI_IRQHandler
                0x000000000800a974                I2C1_EV_IRQHandler
                0x000000000800a974                DMA1_Stream6_IRQHandler
                0x000000000800a974                DMA1_Stream1_IRQHandler
                0x000000000800a974                TIM3_IRQHandler
                0x000000000800a974                RCC_IRQHandler
                0x000000000800a974                TIM8_BRK_TIM12_IRQHandler
                0x000000000800a974                Default_Handler
                0x000000000800a974                CEC_IRQHandler
                0x000000000800a974                EXTI15_10_IRQHandler
                0x000000000800a974                ADC_IRQHandler
                0x000000000800a974                DMA1_Stream7_IRQHandler
                0x000000000800a974                SPI5_IRQHandler
                0x000000000800a974                SDMMC1_IRQHandler
                0x000000000800a974                CAN2_TX_IRQHandler
                0x000000000800a974                DMA2_Stream7_IRQHandler
                0x000000000800a974                I2C3_EV_IRQHandler
                0x000000000800a974                EXTI9_5_IRQHandler
                0x000000000800a974                RTC_WKUP_IRQHandler
                0x000000000800a974                LTDC_IRQHandler
                0x000000000800a974                ETH_WKUP_IRQHandler
                0x000000000800a974                SPDIF_RX_IRQHandler
                0x000000000800a974                SPI2_IRQHandler
                0x000000000800a974                OTG_HS_EP1_IN_IRQHandler
                0x000000000800a974                DMA1_Stream0_IRQHandler
                0x000000000800a974                CAN1_TX_IRQHandler
                0x000000000800a974                EXTI4_IRQHandler
                0x000000000800a974                RNG_IRQHandler
                0x000000000800a974                DSI_IRQHandler
                0x000000000800a974                OTG_HS_EP1_OUT_IRQHandler
                0x000000000800a974                WWDG_IRQHandler
                0x000000000800a974                SPI6_IRQHandler
                0x000000000800a974                MDIOS_IRQHandler
                0x000000000800a974                I2C4_EV_IRQHandler
                0x000000000800a974                CAN3_TX_IRQHandler
                0x000000000800a974                TIM2_IRQHandler
                0x000000000800a974                OTG_FS_WKUP_IRQHandler
                0x000000000800a974                TIM1_TRG_COM_TIM11_IRQHandler
                0x000000000800a974                OTG_HS_IRQHandler
                0x000000000800a974                DMA2D_IRQHandler
                0x000000000800a974                SDMMC2_IRQHandler
                0x000000000800a974                USART2_IRQHandler
                0x000000000800a974                DFSDM1_FLT0_IRQHandler
                0x000000000800a974                I2C2_ER_IRQHandler
                0x000000000800a974                DMA2_Stream1_IRQHandler
                0x000000000800a974                CAN1_SCE_IRQHandler
                0x000000000800a974                FLASH_IRQHandler
                0x000000000800a974                DMA2_Stream4_IRQHandler
                0x000000000800a974                OTG_FS_IRQHandler
                0x000000000800a974                SPI3_IRQHandler
                0x000000000800a974                DMA1_Stream4_IRQHandler
                0x000000000800a974                I2C1_ER_IRQHandler
                0x000000000800a974                FMC_IRQHandler
                0x000000000800a974                LPTIM1_IRQHandler
                0x000000000800a974                I2C4_ER_IRQHandler
                0x000000000800a974                DMA2_Stream6_IRQHandler
                0x000000000800a974                SAI1_IRQHandler
                0x000000000800a974                DMA1_Stream3_IRQHandler
 .text.DP83848_RegisterBusIO
                0x000000000800a976       0x28 ./Drivers/BSP/Components/dp83848/dp83848.o
                0x000000000800a976                DP83848_RegisterBusIO
 .text.DP83848_Init
                0x000000000800a99e       0xc2 ./Drivers/BSP/Components/dp83848/dp83848.o
                0x000000000800a99e                DP83848_Init
 .text.DP83848_GetLinkState
                0x000000000800aa60       0x94 ./Drivers/BSP/Components/dp83848/dp83848.o
                0x000000000800aa60                DP83848_GetLinkState
 .text.HAL_InitTick
                0x000000000800aaf4       0x48 ./Drivers/STM32F7xx_HAL_Driver/Src/stm32f7xx_hal.o
                0x000000000800aaf4                HAL_InitTick
 .text.HAL_Init
                0x000000000800ab3c       0x2c ./Drivers/STM32F7xx_HAL_Driver/Src/stm32f7xx_hal.o
                0x000000000800ab3c                HAL_Init
 .text.HAL_IncTick
                0x000000000800ab68       0x18 ./Drivers/STM32F7xx_HAL_Driver/Src/stm32f7xx_hal.o
                0x000000000800ab68                HAL_IncTick
 .text.HAL_GetTick
                0x000000000800ab80        0xc ./Drivers/STM32F7xx_HAL_Driver/Src/stm32f7xx_hal.o
                0x000000000800ab80                HAL_GetTick
 .text.HAL_Delay
                0x000000000800ab8c       0x24 ./Drivers/STM32F7xx_HAL_Driver/Src/stm32f7xx_hal.o
                0x000000000800ab8c                HAL_Delay
 .text.HAL_CAN_ErrorCallback
                0x000000000800abb0        0x2 ./Drivers/STM32F7xx_HAL_Driver/Src/stm32f7xx_hal_can.o
                0x000000000800abb0                HAL_CAN_ErrorCallback
 .text.HAL_CAN_TxMailbox0CompleteCallback
                0x000000000800abb2        0x2 ./Drivers/STM32F7xx_HAL_Driver/Src/stm32f7xx_hal_can.o
                0x000000000800abb2                HAL_CAN_TxMailbox0CompleteCallback
 .text.HAL_CAN_TxMailbox1CompleteCallback
                0x000000000800abb4        0x2 ./Drivers/STM32F7xx_HAL_Driver/Src/stm32f7xx_hal_can.o
                0x000000000800abb4                HAL_CAN_TxMailbox1CompleteCallback
 .text.HAL_CAN_TxMailbox2CompleteCallback
                0x000000000800abb6        0x2 ./Drivers/STM32F7xx_HAL_Driver/Src/stm32f7xx_hal_can.o
                0x000000000800abb6                HAL_CAN_TxMailbox2CompleteCallback
 .text.HAL_CAN_TxMailbox0AbortCallback
                0x000000000800abb8        0x2 ./Drivers/STM32F7xx_HAL_Driver/Src/stm32f7xx_hal_can.o
                0x000000000800abb8                HAL_CAN_TxMailbox0AbortCallback
 .text.HAL_CAN_TxMailbox1AbortCallback
                0x000000000800abba        0x2 ./Drivers/STM32F7xx_HAL_Driver/Src/stm32f7xx_hal_can.o
                0x000000000800abba                HAL_CAN_TxMailbox1AbortCallback
 .text.HAL_CAN_TxMailbox2AbortCallback
                0x000000000800abbc        0x2 ./Drivers/STM32F7xx_HAL_Driver/Src/stm32f7xx_hal_can.o
                0x000000000800abbc                HAL_CAN_TxMailbox2AbortCallback
 .text.HAL_CAN_RxFifo0FullCallback
                0x000000000800abbe        0x2 ./Drivers/STM32F7xx_HAL_Driver/Src/stm32f7xx_hal_can.o
                0x000000000800abbe                HAL_CAN_RxFifo0FullCallback
 .text.HAL_CAN_RxFifo1FullCallback
                0x000000000800abc0        0x2 ./Drivers/STM32F7xx_HAL_Driver/Src/stm32f7xx_hal_can.o
                0x000000000800abc0                HAL_CAN_RxFifo1FullCallback
 .text.HAL_CAN_SleepCallback
                0x000000000800abc2        0x2 ./Drivers/STM32F7xx_HAL_Driver/Src/stm32f7xx_hal_can.o
                0x000000000800abc2                HAL_CAN_SleepCallback
 .text.HAL_CAN_WakeUpFromRxMsgCallback
                0x000000000800abc4        0x2 ./Drivers/STM32F7xx_HAL_Driver/Src/stm32f7xx_hal_can.o
                0x000000000800abc4                HAL_CAN_WakeUpFromRxMsgCallback
 *fill*         0x000000000800abc6        0x2 
 .text.HAL_CAN_Init
                0x000000000800abc8      0x170 ./Drivers/STM32F7xx_HAL_Driver/Src/stm32f7xx_hal_can.o
                0x000000000800abc8                HAL_CAN_Init
 .text.HAL_CAN_ConfigFilter
                0x000000000800ad38      0x110 ./Drivers/STM32F7xx_HAL_Driver/Src/stm32f7xx_hal_can.o
                0x000000000800ad38                HAL_CAN_ConfigFilter
 .text.HAL_CAN_Start
                0x000000000800ae48       0x5c ./Drivers/STM32F7xx_HAL_Driver/Src/stm32f7xx_hal_can.o
                0x000000000800ae48                HAL_CAN_Start
 .text.HAL_CAN_AddTxMessage
                0x000000000800aea4       0x90 ./Drivers/STM32F7xx_HAL_Driver/Src/stm32f7xx_hal_can.o
                0x000000000800aea4                HAL_CAN_AddTxMessage
 .text.HAL_CAN_IsTxMessagePending
                0x000000000800af34       0x22 ./Drivers/STM32F7xx_HAL_Driver/Src/stm32f7xx_hal_can.o
                0x000000000800af34                HAL_CAN_IsTxMessagePending
 .text.HAL_CAN_GetRxMessage
                0x000000000800af56       0xee ./Drivers/STM32F7xx_HAL_Driver/Src/stm32f7xx_hal_can.o
                0x000000000800af56                HAL_CAN_GetRxMessage
 .text.HAL_CAN_ActivateNotification
                0x000000000800b044       0x22 ./Drivers/STM32F7xx_HAL_Driver/Src/stm32f7xx_hal_can.o
                0x000000000800b044                HAL_CAN_ActivateNotification
 .text.HAL_CAN_IRQHandler
                0x000000000800b066      0x206 ./Drivers/STM32F7xx_HAL_Driver/Src/stm32f7xx_hal_can.o
                0x000000000800b066                HAL_CAN_IRQHandler
 .text.HAL_NVIC_SetPriorityGrouping
                0x000000000800b26c       0x24 ./Drivers/STM32F7xx_HAL_Driver/Src/stm32f7xx_hal_cortex.o
                0x000000000800b26c                HAL_NVIC_SetPriorityGrouping
 .text.HAL_NVIC_SetPriority
                0x000000000800b290       0x64 ./Drivers/STM32F7xx_HAL_Driver/Src/stm32f7xx_hal_cortex.o
                0x000000000800b290                HAL_NVIC_SetPriority
 .text.HAL_NVIC_EnableIRQ
                0x000000000800b2f4       0x1c ./Drivers/STM32F7xx_HAL_Driver/Src/stm32f7xx_hal_cortex.o
                0x000000000800b2f4                HAL_NVIC_EnableIRQ
 .text.HAL_SYSTICK_Config
                0x000000000800b310       0x28 ./Drivers/STM32F7xx_HAL_Driver/Src/stm32f7xx_hal_cortex.o
                0x000000000800b310                HAL_SYSTICK_Config
 .text.HAL_MPU_Disable
                0x000000000800b338       0x1c ./Drivers/STM32F7xx_HAL_Driver/Src/stm32f7xx_hal_cortex.o
                0x000000000800b338                HAL_MPU_Disable
 .text.HAL_MPU_Enable
                0x000000000800b354       0x20 ./Drivers/STM32F7xx_HAL_Driver/Src/stm32f7xx_hal_cortex.o
                0x000000000800b354                HAL_MPU_Enable
 .text.HAL_MPU_ConfigRegion
                0x000000000800b374       0x58 ./Drivers/STM32F7xx_HAL_Driver/Src/stm32f7xx_hal_cortex.o
                0x000000000800b374                HAL_MPU_ConfigRegion
 .text.HAL_DMA_Abort
                0x000000000800b3cc       0x88 ./Drivers/STM32F7xx_HAL_Driver/Src/stm32f7xx_hal_dma.o
                0x000000000800b3cc                HAL_DMA_Abort
 .text.HAL_DMA_Abort_IT
                0x000000000800b454       0x24 ./Drivers/STM32F7xx_HAL_Driver/Src/stm32f7xx_hal_dma.o
                0x000000000800b454                HAL_DMA_Abort_IT
 .text.ETH_Prepare_Tx_Descriptors
                0x000000000800b478      0x154 ./Drivers/STM32F7xx_HAL_Driver/Src/stm32f7xx_hal_eth.o
 .text.ETH_SetMACConfig
                0x000000000800b5cc      0x108 ./Drivers/STM32F7xx_HAL_Driver/Src/stm32f7xx_hal_eth.o
 .text.ETH_SetDMAConfig
                0x000000000800b6d4       0xac ./Drivers/STM32F7xx_HAL_Driver/Src/stm32f7xx_hal_eth.o
 .text.ETH_FlushTransmitFIFO
                0x000000000800b780       0x2e ./Drivers/STM32F7xx_HAL_Driver/Src/stm32f7xx_hal_eth.o
 *fill*         0x000000000800b7ae        0x2 
 .text.ETH_UpdateDescriptor
                0x000000000800b7b0       0x90 ./Drivers/STM32F7xx_HAL_Driver/Src/stm32f7xx_hal_eth.o
 .text.HAL_ETH_Init
                0x000000000800b840      0x1d4 ./Drivers/STM32F7xx_HAL_Driver/Src/stm32f7xx_hal_eth.o
                0x000000000800b840                HAL_ETH_Init
 .text.HAL_ETH_Start
                0x000000000800ba14       0x6c ./Drivers/STM32F7xx_HAL_Driver/Src/stm32f7xx_hal_eth.o
                0x000000000800ba14                HAL_ETH_Start
 .text.HAL_ETH_Stop
                0x000000000800ba80       0x64 ./Drivers/STM32F7xx_HAL_Driver/Src/stm32f7xx_hal_eth.o
                0x000000000800ba80                HAL_ETH_Stop
 .text.HAL_ETH_Transmit
                0x000000000800bae4       0xb0 ./Drivers/STM32F7xx_HAL_Driver/Src/stm32f7xx_hal_eth.o
                0x000000000800bae4                HAL_ETH_Transmit
 .text.HAL_ETH_ReadData
                0x000000000800bb94       0xfa ./Drivers/STM32F7xx_HAL_Driver/Src/stm32f7xx_hal_eth.o
                0x000000000800bb94                HAL_ETH_ReadData
 .text.HAL_ETH_TxCpltCallback
                0x000000000800bc8e        0x2 ./Drivers/STM32F7xx_HAL_Driver/Src/stm32f7xx_hal_eth.o
                0x000000000800bc8e                HAL_ETH_TxCpltCallback
 .text.HAL_ETH_RxCpltCallback
                0x000000000800bc90        0x2 ./Drivers/STM32F7xx_HAL_Driver/Src/stm32f7xx_hal_eth.o
                0x000000000800bc90                HAL_ETH_RxCpltCallback
 .text.HAL_ETH_ErrorCallback
                0x000000000800bc92        0x2 ./Drivers/STM32F7xx_HAL_Driver/Src/stm32f7xx_hal_eth.o
                0x000000000800bc92                HAL_ETH_ErrorCallback
 .text.HAL_ETH_PMTCallback
                0x000000000800bc94        0x2 ./Drivers/STM32F7xx_HAL_Driver/Src/stm32f7xx_hal_eth.o
                0x000000000800bc94                HAL_ETH_PMTCallback
 .text.HAL_ETH_WakeUpCallback
                0x000000000800bc96        0x2 ./Drivers/STM32F7xx_HAL_Driver/Src/stm32f7xx_hal_eth.o
                0x000000000800bc96                HAL_ETH_WakeUpCallback
 .text.HAL_ETH_IRQHandler
                0x000000000800bc98       0xd8 ./Drivers/STM32F7xx_HAL_Driver/Src/stm32f7xx_hal_eth.o
                0x000000000800bc98                HAL_ETH_IRQHandler
 .text.HAL_ETH_ReadPHYRegister
                0x000000000800bd70       0x50 ./Drivers/STM32F7xx_HAL_Driver/Src/stm32f7xx_hal_eth.o
                0x000000000800bd70                HAL_ETH_ReadPHYRegister
 .text.HAL_ETH_WritePHYRegister
                0x000000000800bdc0       0x4a ./Drivers/STM32F7xx_HAL_Driver/Src/stm32f7xx_hal_eth.o
                0x000000000800bdc0                HAL_ETH_WritePHYRegister
 .text.HAL_ETH_GetMACConfig
                0x000000000800be0a       0xc4 ./Drivers/STM32F7xx_HAL_Driver/Src/stm32f7xx_hal_eth.o
                0x000000000800be0a                HAL_ETH_GetMACConfig
 .text.HAL_ETH_SetMACConfig
                0x000000000800bece       0x18 ./Drivers/STM32F7xx_HAL_Driver/Src/stm32f7xx_hal_eth.o
                0x000000000800bece                HAL_ETH_SetMACConfig
 *fill*         0x000000000800bee6        0x2 
 .text.HAL_ETH_SetMDIOClockRange
                0x000000000800bee8       0x74 ./Drivers/STM32F7xx_HAL_Driver/Src/stm32f7xx_hal_eth.o
                0x000000000800bee8                HAL_ETH_SetMDIOClockRange
 .text.HAL_GPIO_Init
                0x000000000800bf5c      0x1c8 ./Drivers/STM32F7xx_HAL_Driver/Src/stm32f7xx_hal_gpio.o
                0x000000000800bf5c                HAL_GPIO_Init
 .text.HAL_GPIO_ReadPin
                0x000000000800c124        0xc ./Drivers/STM32F7xx_HAL_Driver/Src/stm32f7xx_hal_gpio.o
                0x000000000800c124                HAL_GPIO_ReadPin
 .text.HAL_GPIO_WritePin
                0x000000000800c130        0xa ./Drivers/STM32F7xx_HAL_Driver/Src/stm32f7xx_hal_gpio.o
                0x000000000800c130                HAL_GPIO_WritePin
 .text.HAL_GPIO_TogglePin
                0x000000000800c13a       0x12 ./Drivers/STM32F7xx_HAL_Driver/Src/stm32f7xx_hal_gpio.o
                0x000000000800c13a                HAL_GPIO_TogglePin
 .text.HAL_GPIO_EXTI_Callback
                0x000000000800c14c        0x2 ./Drivers/STM32F7xx_HAL_Driver/Src/stm32f7xx_hal_gpio.o
                0x000000000800c14c                HAL_GPIO_EXTI_Callback
 *fill*         0x000000000800c14e        0x2 
 .text.HAL_GPIO_EXTI_IRQHandler
                0x000000000800c150       0x18 ./Drivers/STM32F7xx_HAL_Driver/Src/stm32f7xx_hal_gpio.o
                0x000000000800c150                HAL_GPIO_EXTI_IRQHandler
 .text.I2C_Flush_TXDR
                0x000000000800c168       0x1c ./Drivers/STM32F7xx_HAL_Driver/Src/stm32f7xx_hal_i2c.o
 .text.I2C_TransferConfig
                0x000000000800c184       0x2c ./Drivers/STM32F7xx_HAL_Driver/Src/stm32f7xx_hal_i2c.o
 .text.I2C_IsErrorOccurred
                0x000000000800c1b0      0x102 ./Drivers/STM32F7xx_HAL_Driver/Src/stm32f7xx_hal_i2c.o
 .text.I2C_WaitOnTXISFlagUntilTimeout
                0x000000000800c2b2       0x4e ./Drivers/STM32F7xx_HAL_Driver/Src/stm32f7xx_hal_i2c.o
 .text.I2C_WaitOnFlagUntilTimeout
                0x000000000800c300       0x54 ./Drivers/STM32F7xx_HAL_Driver/Src/stm32f7xx_hal_i2c.o
 .text.I2C_WaitOnSTOPFlagUntilTimeout
                0x000000000800c354       0x4a ./Drivers/STM32F7xx_HAL_Driver/Src/stm32f7xx_hal_i2c.o
 .text.HAL_I2C_Init
                0x000000000800c39e       0xa2 ./Drivers/STM32F7xx_HAL_Driver/Src/stm32f7xx_hal_i2c.o
                0x000000000800c39e                HAL_I2C_Init
 .text.HAL_I2C_Mem_Write
                0x000000000800c440      0x1b4 ./Drivers/STM32F7xx_HAL_Driver/Src/stm32f7xx_hal_i2c.o
                0x000000000800c440                HAL_I2C_Mem_Write
 .text.HAL_I2C_Mem_Read
                0x000000000800c5f4      0x1bc ./Drivers/STM32F7xx_HAL_Driver/Src/stm32f7xx_hal_i2c.o
                0x000000000800c5f4                HAL_I2C_Mem_Read
 .text.HAL_I2CEx_ConfigAnalogFilter
                0x000000000800c7b0       0x4c ./Drivers/STM32F7xx_HAL_Driver/Src/stm32f7xx_hal_i2c_ex.o
                0x000000000800c7b0                HAL_I2CEx_ConfigAnalogFilter
 .text.HAL_I2CEx_ConfigDigitalFilter
                0x000000000800c7fc       0x4a ./Drivers/STM32F7xx_HAL_Driver/Src/stm32f7xx_hal_i2c_ex.o
                0x000000000800c7fc                HAL_I2CEx_ConfigDigitalFilter
 .text.HAL_IWDG_Init
                0x000000000800c846       0x5c ./Drivers/STM32F7xx_HAL_Driver/Src/stm32f7xx_hal_iwdg.o
                0x000000000800c846                HAL_IWDG_Init
 .text.HAL_IWDG_Refresh
                0x000000000800c8a2        0xc ./Drivers/STM32F7xx_HAL_Driver/Src/stm32f7xx_hal_iwdg.o
                0x000000000800c8a2                HAL_IWDG_Refresh
 *fill*         0x000000000800c8ae        0x2 
 .text.HAL_RCC_OscConfig
                0x000000000800c8b0      0x38c ./Drivers/STM32F7xx_HAL_Driver/Src/stm32f7xx_hal_rcc.o
                0x000000000800c8b0                HAL_RCC_OscConfig
 .text.HAL_RCC_GetSysClockFreq
                0x000000000800cc3c       0x5c ./Drivers/STM32F7xx_HAL_Driver/Src/stm32f7xx_hal_rcc.o
                0x000000000800cc3c                HAL_RCC_GetSysClockFreq
 .text.HAL_RCC_ClockConfig
                0x000000000800cc98      0x140 ./Drivers/STM32F7xx_HAL_Driver/Src/stm32f7xx_hal_rcc.o
                0x000000000800cc98                HAL_RCC_ClockConfig
 .text.HAL_RCC_GetHCLKFreq
                0x000000000800cdd8        0xc ./Drivers/STM32F7xx_HAL_Driver/Src/stm32f7xx_hal_rcc.o
                0x000000000800cdd8                HAL_RCC_GetHCLKFreq
 .text.HAL_RCC_GetPCLK1Freq
                0x000000000800cde4       0x20 ./Drivers/STM32F7xx_HAL_Driver/Src/stm32f7xx_hal_rcc.o
                0x000000000800cde4                HAL_RCC_GetPCLK1Freq
 .text.HAL_RCC_GetPCLK2Freq
                0x000000000800ce04       0x20 ./Drivers/STM32F7xx_HAL_Driver/Src/stm32f7xx_hal_rcc.o
                0x000000000800ce04                HAL_RCC_GetPCLK2Freq
 .text.HAL_RCCEx_PeriphCLKConfig
                0x000000000800ce24      0x558 ./Drivers/STM32F7xx_HAL_Driver/Src/stm32f7xx_hal_rcc_ex.o
                0x000000000800ce24                HAL_RCCEx_PeriphCLKConfig
 .text.HAL_RNG_Init
                0x000000000800d37c       0x30 ./Drivers/STM32F7xx_HAL_Driver/Src/stm32f7xx_hal_rng.o
                0x000000000800d37c                HAL_RNG_Init
 .text.HAL_RNG_GenerateRandomNumber
                0x000000000800d3ac       0x68 ./Drivers/STM32F7xx_HAL_Driver/Src/stm32f7xx_hal_rng.o
                0x000000000800d3ac                HAL_RNG_GenerateRandomNumber
 .text.HAL_RNG_GetRandomNumber
                0x000000000800d414       0x16 ./Drivers/STM32F7xx_HAL_Driver/Src/stm32f7xx_hal_rng.o
                0x000000000800d414                HAL_RNG_GetRandomNumber
 *fill*         0x000000000800d42a        0x2 
 .text.SPI_WaitFlagStateUntilTimeout.constprop.0
                0x000000000800d42c       0xa4 ./Drivers/STM32F7xx_HAL_Driver/Src/stm32f7xx_hal_spi.o
 .text.SPI_WaitFifoStateUntilTimeout.constprop.0
                0x000000000800d4d0       0xcc ./Drivers/STM32F7xx_HAL_Driver/Src/stm32f7xx_hal_spi.o
 .text.SPI_EndRxTransaction
                0x000000000800d59c       0x9c ./Drivers/STM32F7xx_HAL_Driver/Src/stm32f7xx_hal_spi.o
 .text.SPI_EndRxTxTransaction
                0x000000000800d638       0x84 ./Drivers/STM32F7xx_HAL_Driver/Src/stm32f7xx_hal_spi.o
 .text.HAL_SPI_Init
                0x000000000800d6bc       0xdc ./Drivers/STM32F7xx_HAL_Driver/Src/stm32f7xx_hal_spi.o
                0x000000000800d6bc                HAL_SPI_Init
 .text.HAL_SPI_Transmit
                0x000000000800d798      0x192 ./Drivers/STM32F7xx_HAL_Driver/Src/stm32f7xx_hal_spi.o
                0x000000000800d798                HAL_SPI_Transmit
 .text.HAL_SPI_TransmitReceive
                0x000000000800d92a      0x258 ./Drivers/STM32F7xx_HAL_Driver/Src/stm32f7xx_hal_spi.o
                0x000000000800d92a                HAL_SPI_TransmitReceive
 .text.HAL_SPI_Receive
                0x000000000800db82      0x170 ./Drivers/STM32F7xx_HAL_Driver/Src/stm32f7xx_hal_spi.o
                0x000000000800db82                HAL_SPI_Receive
 .text.HAL_TIM_IRQHandler
                0x000000000800dcf2      0x17a ./Drivers/STM32F7xx_HAL_Driver/Src/stm32f7xx_hal_tim.o
                0x000000000800dcf2                HAL_TIM_IRQHandler
 .text.HAL_UARTEx_WakeupCallback
                0x000000000800de6c        0x2 ./Drivers/STM32F7xx_HAL_Driver/Src/stm32f7xx_hal_uart.o
                0x000000000800de6c                HAL_UARTEx_WakeupCallback
 .text.UART_EndRxTransfer
                0x000000000800de6e       0x50 ./Drivers/STM32F7xx_HAL_Driver/Src/stm32f7xx_hal_uart.o
 .text.UART_DMAAbortOnError
                0x000000000800debe       0x12 ./Drivers/STM32F7xx_HAL_Driver/Src/stm32f7xx_hal_uart.o
 .text.UART_RxISR_8BIT
                0x000000000800ded0       0xa2 ./Drivers/STM32F7xx_HAL_Driver/Src/stm32f7xx_hal_uart.o
 .text.UART_RxISR_16BIT
                0x000000000800df72       0x9c ./Drivers/STM32F7xx_HAL_Driver/Src/stm32f7xx_hal_uart.o
 .text.HAL_UART_AbortReceiveCpltCallback
                0x000000000800e00e        0x2 ./Drivers/STM32F7xx_HAL_Driver/Src/stm32f7xx_hal_uart.o
                0x000000000800e00e                HAL_UART_AbortReceiveCpltCallback
 .text.HAL_UART_TxCpltCallback
                0x000000000800e010        0x2 ./Drivers/STM32F7xx_HAL_Driver/Src/stm32f7xx_hal_uart.o
                0x000000000800e010                HAL_UART_TxCpltCallback
 .text.HAL_UART_TxHalfCpltCallback
                0x000000000800e012        0x2 ./Drivers/STM32F7xx_HAL_Driver/Src/stm32f7xx_hal_uart.o
                0x000000000800e012                HAL_UART_TxHalfCpltCallback
 .text.HAL_UART_RxCpltCallback
                0x000000000800e014        0x2 ./Drivers/STM32F7xx_HAL_Driver/Src/stm32f7xx_hal_uart.o
                0x000000000800e014                HAL_UART_RxCpltCallback
 .text.HAL_UART_RxHalfCpltCallback
                0x000000000800e016        0x2 ./Drivers/STM32F7xx_HAL_Driver/Src/stm32f7xx_hal_uart.o
                0x000000000800e016                HAL_UART_RxHalfCpltCallback
 .text.HAL_UART_ErrorCallback
                0x000000000800e018        0x2 ./Drivers/STM32F7xx_HAL_Driver/Src/stm32f7xx_hal_uart.o
                0x000000000800e018                HAL_UART_ErrorCallback
 .text.HAL_UART_AbortCpltCallback
                0x000000000800e01a        0x2 ./Drivers/STM32F7xx_HAL_Driver/Src/stm32f7xx_hal_uart.o
                0x000000000800e01a                HAL_UART_AbortCpltCallback
 .text.HAL_UART_AbortTransmitCpltCallback
                0x000000000800e01c        0x2 ./Drivers/STM32F7xx_HAL_Driver/Src/stm32f7xx_hal_uart.o
                0x000000000800e01c                HAL_UART_AbortTransmitCpltCallback
 *fill*         0x000000000800e01e        0x2 
 .text.HAL_UART_IRQHandler
                0x000000000800e020      0x2ac ./Drivers/STM32F7xx_HAL_Driver/Src/stm32f7xx_hal_uart.o
                0x000000000800e020                HAL_UART_IRQHandler
 .text.UART_InitCallbacksToDefault
                0x000000000800e2cc       0x68 ./Drivers/STM32F7xx_HAL_Driver/Src/stm32f7xx_hal_uart.o
                0x000000000800e2cc                UART_InitCallbacksToDefault
 .text.UART_SetConfig
                0x000000000800e334      0x284 ./Drivers/STM32F7xx_HAL_Driver/Src/stm32f7xx_hal_uart.o
                0x000000000800e334                UART_SetConfig
 .text.UART_AdvFeatureConfig
                0x000000000800e5b8       0xaa ./Drivers/STM32F7xx_HAL_Driver/Src/stm32f7xx_hal_uart.o
                0x000000000800e5b8                UART_AdvFeatureConfig
 .text.UART_WaitOnFlagUntilTimeout
                0x000000000800e662       0xc0 ./Drivers/STM32F7xx_HAL_Driver/Src/stm32f7xx_hal_uart.o
                0x000000000800e662                UART_WaitOnFlagUntilTimeout
 .text.HAL_UART_Transmit
                0x000000000800e722       0xa0 ./Drivers/STM32F7xx_HAL_Driver/Src/stm32f7xx_hal_uart.o
                0x000000000800e722                HAL_UART_Transmit
 .text.UART_CheckIdleState
                0x000000000800e7c2       0x6a ./Drivers/STM32F7xx_HAL_Driver/Src/stm32f7xx_hal_uart.o
                0x000000000800e7c2                UART_CheckIdleState
 .text.HAL_UART_Init
                0x000000000800e82c       0x78 ./Drivers/STM32F7xx_HAL_Driver/Src/stm32f7xx_hal_uart.o
                0x000000000800e82c                HAL_UART_Init
 .text.UART_Start_Receive_IT
                0x000000000800e8a4       0xbc ./Drivers/STM32F7xx_HAL_Driver/Src/stm32f7xx_hal_uart.o
                0x000000000800e8a4                UART_Start_Receive_IT
 .text.HAL_UARTEx_ReceiveToIdle_IT
                0x000000000800e960       0x4a ./Drivers/STM32F7xx_HAL_Driver/Src/stm32f7xx_hal_uart_ex.o
                0x000000000800e960                HAL_UARTEx_ReceiveToIdle_IT
 .text.ethernet_link_status_updated
                0x000000000800e9aa        0x2 ./LWIP/App/lwip.o
 .text.MX_LWIP_Init
                0x000000000800e9ac       0xf4 ./LWIP/App/lwip.o
                0x000000000800e9ac                MX_LWIP_Init
 .text.MX_LWIP_Process
                0x000000000800eaa0       0x34 ./LWIP/App/lwip.o
                0x000000000800eaa0                MX_LWIP_Process
 .text.ETH_PHY_IO_DeInit
                0x000000000800ead4        0x4 ./LWIP/Target/ethernetif.o
                0x000000000800ead4                ETH_PHY_IO_DeInit
 .text.low_level_output
                0x000000000800ead8       0x60 ./LWIP/Target/ethernetif.o
 .text.pbuf_free_custom
                0x000000000800eb38       0x20 ./LWIP/Target/ethernetif.o
                0x000000000800eb38                pbuf_free_custom
 .text.ETH_PHY_IO_GetTick
                0x000000000800eb58        0x4 ./LWIP/Target/ethernetif.o
                0x000000000800eb58                ETH_PHY_IO_GetTick
 .text.ETH_PHY_IO_Init
                0x000000000800eb5c       0x10 ./LWIP/Target/ethernetif.o
                0x000000000800eb5c                ETH_PHY_IO_Init
 .text.ETH_PHY_IO_ReadReg
                0x000000000800eb6c       0x1c ./LWIP/Target/ethernetif.o
                0x000000000800eb6c                ETH_PHY_IO_ReadReg
 .text.ETH_PHY_IO_WriteReg
                0x000000000800eb88       0x1c ./LWIP/Target/ethernetif.o
                0x000000000800eb88                ETH_PHY_IO_WriteReg
 .text.ethernetif_input
                0x000000000800eba4       0x44 ./LWIP/Target/ethernetif.o
                0x000000000800eba4                ethernetif_input
 .text.sys_now  0x000000000800ebe8        0x4 ./LWIP/Target/ethernetif.o
                0x000000000800ebe8                sys_now
 .text.HAL_ETH_MspInit
                0x000000000800ebec      0x11c ./LWIP/Target/ethernetif.o
                0x000000000800ebec                HAL_ETH_MspInit
 .text.ethernet_link_check_state
                0x000000000800ed08       0x8c ./LWIP/Target/ethernetif.o
                0x000000000800ed08                ethernet_link_check_state
 .text.ethernetif_init
                0x000000000800ed94      0x134 ./LWIP/Target/ethernetif.o
                0x000000000800ed94                ethernetif_init
 .text.HAL_ETH_RxAllocateCallback
                0x000000000800eec8       0x44 ./LWIP/Target/ethernetif.o
                0x000000000800eec8                HAL_ETH_RxAllocateCallback
 .text.HAL_ETH_RxLinkCallback
                0x000000000800ef0c       0x54 ./LWIP/Target/ethernetif.o
                0x000000000800ef0c                HAL_ETH_RxLinkCallback
 .text.lwip_htons
                0x000000000800ef60        0x6 ./Middlewares/Third_Party/LwIP/src/core/def.o
                0x000000000800ef60                lwip_htons
 .text.lwip_init
                0x000000000800ef66       0x1a ./Middlewares/Third_Party/LwIP/src/core/init.o
                0x000000000800ef66                lwip_init
 .text.mem_init
                0x000000000800ef80       0x44 ./Middlewares/Third_Party/LwIP/src/core/mem.o
                0x000000000800ef80                mem_init
 .text.mem_free
                0x000000000800efc4      0x170 ./Middlewares/Third_Party/LwIP/src/core/mem.o
                0x000000000800efc4                mem_free
 .text.mem_trim
                0x000000000800f134      0x148 ./Middlewares/Third_Party/LwIP/src/core/mem.o
                0x000000000800f134                mem_trim
 .text.mem_malloc
                0x000000000800f27c      0x150 ./Middlewares/Third_Party/LwIP/src/core/mem.o
                0x000000000800f27c                mem_malloc
 .text.do_memp_free_pool
                0x000000000800f3cc       0x30 ./Middlewares/Third_Party/LwIP/src/core/memp.o
 .text.do_memp_malloc_pool.isra.0
                0x000000000800f3fc       0x2c ./Middlewares/Third_Party/LwIP/src/core/memp.o
 .text.memp_init_pool
                0x000000000800f428       0x26 ./Middlewares/Third_Party/LwIP/src/core/memp.o
                0x000000000800f428                memp_init_pool
 *fill*         0x000000000800f44e        0x2 
 .text.memp_init
                0x000000000800f450       0x44 ./Middlewares/Third_Party/LwIP/src/core/memp.o
                0x000000000800f450                memp_init
 .text.memp_malloc_pool
                0x000000000800f494       0x30 ./Middlewares/Third_Party/LwIP/src/core/memp.o
                0x000000000800f494                memp_malloc_pool
 .text.memp_malloc
                0x000000000800f4c4       0x38 ./Middlewares/Third_Party/LwIP/src/core/memp.o
                0x000000000800f4c4                memp_malloc
 .text.memp_free_pool
                0x000000000800f4fc       0x28 ./Middlewares/Third_Party/LwIP/src/core/memp.o
                0x000000000800f4fc                memp_free_pool
 .text.memp_free
                0x000000000800f524       0x30 ./Middlewares/Third_Party/LwIP/src/core/memp.o
                0x000000000800f524                memp_free
 .text.netif_null_output_ip4
                0x000000000800f554        0x6 ./Middlewares/Third_Party/LwIP/src/core/netif.o
 *fill*         0x000000000800f55a        0x2 
 .text.netif_loopif_init
                0x000000000800f55c       0x30 ./Middlewares/Third_Party/LwIP/src/core/netif.o
 .text.netif_issue_reports
                0x000000000800f58c       0x44 ./Middlewares/Third_Party/LwIP/src/core/netif.o
 .text.netif_do_set_ipaddr.isra.0
                0x000000000800f5d0       0x48 ./Middlewares/Third_Party/LwIP/src/core/netif.o
 .text.netif_set_addr
                0x000000000800f618       0x58 ./Middlewares/Third_Party/LwIP/src/core/netif.o
                0x000000000800f618                netif_set_addr
 .text.netif_add
                0x000000000800f670      0x130 ./Middlewares/Third_Party/LwIP/src/core/netif.o
                0x000000000800f670                netif_add
 .text.netif_set_default
                0x000000000800f7a0        0xc ./Middlewares/Third_Party/LwIP/src/core/netif.o
                0x000000000800f7a0                netif_set_default
 .text.netif_set_up
                0x000000000800f7ac       0x34 ./Middlewares/Third_Party/LwIP/src/core/netif.o
                0x000000000800f7ac                netif_set_up
 .text.netif_set_down
                0x000000000800f7e0       0x38 ./Middlewares/Third_Party/LwIP/src/core/netif.o
                0x000000000800f7e0                netif_set_down
 .text.netif_set_link_up
                0x000000000800f818       0x48 ./Middlewares/Third_Party/LwIP/src/core/netif.o
                0x000000000800f818                netif_set_link_up
 .text.netif_init
                0x000000000800f860       0x48 ./Middlewares/Third_Party/LwIP/src/core/netif.o
                0x000000000800f860                netif_init
 .text.netif_set_link_down
                0x000000000800f8a8       0x34 ./Middlewares/Third_Party/LwIP/src/core/netif.o
                0x000000000800f8a8                netif_set_link_down
 .text.netif_set_link_callback
                0x000000000800f8dc        0x6 ./Middlewares/Third_Party/LwIP/src/core/netif.o
                0x000000000800f8dc                netif_set_link_callback
 *fill*         0x000000000800f8e2        0x2 
 .text.netif_loop_output
                0x000000000800f8e4       0x90 ./Middlewares/Third_Party/LwIP/src/core/netif.o
                0x000000000800f8e4                netif_loop_output
 .text.netif_loop_output_ipv4
                0x000000000800f974        0x4 ./Middlewares/Third_Party/LwIP/src/core/netif.o
 .text.netif_get_by_index
                0x000000000800f978       0x24 ./Middlewares/Third_Party/LwIP/src/core/netif.o
                0x000000000800f978                netif_get_by_index
 .text.pbuf_add_header_impl
                0x000000000800f99c       0x64 ./Middlewares/Third_Party/LwIP/src/core/pbuf.o
 .text.pbuf_alloc_reference
                0x000000000800fa00       0x48 ./Middlewares/Third_Party/LwIP/src/core/pbuf.o
                0x000000000800fa00                pbuf_alloc_reference
 .text.pbuf_alloced_custom
                0x000000000800fa48       0x34 ./Middlewares/Third_Party/LwIP/src/core/pbuf.o
                0x000000000800fa48                pbuf_alloced_custom
 .text.pbuf_add_header
                0x000000000800fa7c        0x6 ./Middlewares/Third_Party/LwIP/src/core/pbuf.o
                0x000000000800fa7c                pbuf_add_header
 *fill*         0x000000000800fa82        0x2 
 .text.pbuf_remove_header
                0x000000000800fa84       0x58 ./Middlewares/Third_Party/LwIP/src/core/pbuf.o
                0x000000000800fa84                pbuf_remove_header
 .text.pbuf_header_force
                0x000000000800fadc       0x10 ./Middlewares/Third_Party/LwIP/src/core/pbuf.o
                0x000000000800fadc                pbuf_header_force
 .text.pbuf_free
                0x000000000800faec       0xc8 ./Middlewares/Third_Party/LwIP/src/core/pbuf.o
                0x000000000800faec                pbuf_free
 .text.pbuf_alloc
                0x000000000800fbb4       0xf4 ./Middlewares/Third_Party/LwIP/src/core/pbuf.o
                0x000000000800fbb4                pbuf_alloc
 .text.pbuf_realloc
                0x000000000800fca8       0xb0 ./Middlewares/Third_Party/LwIP/src/core/pbuf.o
                0x000000000800fca8                pbuf_realloc
 .text.pbuf_clen
                0x000000000800fd58       0x10 ./Middlewares/Third_Party/LwIP/src/core/pbuf.o
                0x000000000800fd58                pbuf_clen
 .text.pbuf_ref
                0x000000000800fd68       0x28 ./Middlewares/Third_Party/LwIP/src/core/pbuf.o
                0x000000000800fd68                pbuf_ref
 .text.pbuf_cat
                0x000000000800fd90       0x74 ./Middlewares/Third_Party/LwIP/src/core/pbuf.o
                0x000000000800fd90                pbuf_cat
 .text.pbuf_chain
                0x000000000800fe04       0x12 ./Middlewares/Third_Party/LwIP/src/core/pbuf.o
                0x000000000800fe04                pbuf_chain
 *fill*         0x000000000800fe16        0x2 
 .text.pbuf_copy
                0x000000000800fe18      0x104 ./Middlewares/Third_Party/LwIP/src/core/pbuf.o
                0x000000000800fe18                pbuf_copy
 .text.pbuf_take
                0x000000000800ff1c       0xbc ./Middlewares/Third_Party/LwIP/src/core/pbuf.o
                0x000000000800ff1c                pbuf_take
 .text.pbuf_clone
                0x000000000800ffd8       0x38 ./Middlewares/Third_Party/LwIP/src/core/pbuf.o
                0x000000000800ffd8                pbuf_clone
 .text.sys_timeout_abs
                0x0000000008010010       0x64 ./Middlewares/Third_Party/LwIP/src/core/timeouts.o
 .text.lwip_cyclic_timer
                0x0000000008010074       0x34 ./Middlewares/Third_Party/LwIP/src/core/timeouts.o
 .text.sys_timeout
                0x00000000080100a8       0x3c ./Middlewares/Third_Party/LwIP/src/core/timeouts.o
                0x00000000080100a8                sys_timeout
 .text.sys_timeouts_init
                0x00000000080100e4       0x2c ./Middlewares/Third_Party/LwIP/src/core/timeouts.o
                0x00000000080100e4                sys_timeouts_init
 .text.sys_check_timeouts
                0x0000000008010110       0x44 ./Middlewares/Third_Party/LwIP/src/core/timeouts.o
                0x0000000008010110                sys_check_timeouts
 .text.udp_init
                0x0000000008010154       0x18 ./Middlewares/Third_Party/LwIP/src/core/udp.o
                0x0000000008010154                udp_init
 .text.udp_input
                0x000000000801016c      0x1b0 ./Middlewares/Third_Party/LwIP/src/core/udp.o
                0x000000000801016c                udp_input
 .text.udp_bind
                0x000000000801031c       0xcc ./Middlewares/Third_Party/LwIP/src/core/udp.o
                0x000000000801031c                udp_bind
 .text.udp_sendto_if_src
                0x00000000080103e8      0x130 ./Middlewares/Third_Party/LwIP/src/core/udp.o
                0x00000000080103e8                udp_sendto_if_src
 .text.udp_sendto_if
                0x0000000008010518       0x80 ./Middlewares/Third_Party/LwIP/src/core/udp.o
                0x0000000008010518                udp_sendto_if
 .text.udp_sendto
                0x0000000008010598       0x78 ./Middlewares/Third_Party/LwIP/src/core/udp.o
                0x0000000008010598                udp_sendto
 .text.udp_recv
                0x0000000008010610       0x24 ./Middlewares/Third_Party/LwIP/src/core/udp.o
                0x0000000008010610                udp_recv
 .text.udp_remove
                0x0000000008010634       0x4c ./Middlewares/Third_Party/LwIP/src/core/udp.o
                0x0000000008010634                udp_remove
 .text.udp_new  0x0000000008010680       0x1c ./Middlewares/Third_Party/LwIP/src/core/udp.o
                0x0000000008010680                udp_new
 .text.udp_netif_ip_addr_changed
                0x000000000801069c       0x2c ./Middlewares/Third_Party/LwIP/src/core/udp.o
                0x000000000801069c                udp_netif_ip_addr_changed
 .text.etharp_free_entry
                0x00000000080106c8       0x28 ./Middlewares/Third_Party/LwIP/src/core/ipv4/etharp.o
 .text.etharp_find_entry
                0x00000000080106f0      0x11c ./Middlewares/Third_Party/LwIP/src/core/ipv4/etharp.o
 .text.etharp_raw
                0x000000000801080c       0xdc ./Middlewares/Third_Party/LwIP/src/core/ipv4/etharp.o
 .text.etharp_cleanup_netif
                0x00000000080108e8       0x28 ./Middlewares/Third_Party/LwIP/src/core/ipv4/etharp.o
                0x00000000080108e8                etharp_cleanup_netif
 .text.etharp_input
                0x0000000008010910      0x14c ./Middlewares/Third_Party/LwIP/src/core/ipv4/etharp.o
                0x0000000008010910                etharp_input
 .text.etharp_request
                0x0000000008010a5c       0x2c ./Middlewares/Third_Party/LwIP/src/core/ipv4/etharp.o
                0x0000000008010a5c                etharp_request
 .text.etharp_tmr
                0x0000000008010a88       0x54 ./Middlewares/Third_Party/LwIP/src/core/ipv4/etharp.o
                0x0000000008010a88                etharp_tmr
 .text.etharp_output_to_arp_index
                0x0000000008010adc       0xac ./Middlewares/Third_Party/LwIP/src/core/ipv4/etharp.o
 .text.etharp_query
                0x0000000008010b88      0x130 ./Middlewares/Third_Party/LwIP/src/core/ipv4/etharp.o
                0x0000000008010b88                etharp_query
 .text.etharp_output
                0x0000000008010cb8      0x140 ./Middlewares/Third_Party/LwIP/src/core/ipv4/etharp.o
                0x0000000008010cb8                etharp_output
 .text.icmp_send_response
                0x0000000008010df8       0x90 ./Middlewares/Third_Party/LwIP/src/core/ipv4/icmp.o
 .text.icmp_input
                0x0000000008010e88      0x12c ./Middlewares/Third_Party/LwIP/src/core/ipv4/icmp.o
                0x0000000008010e88                icmp_input
 .text.icmp_dest_unreach
                0x0000000008010fb4        0x8 ./Middlewares/Third_Party/LwIP/src/core/ipv4/icmp.o
                0x0000000008010fb4                icmp_dest_unreach
 .text.icmp_time_exceeded
                0x0000000008010fbc        0x8 ./Middlewares/Third_Party/LwIP/src/core/ipv4/icmp.o
                0x0000000008010fbc                icmp_time_exceeded
 .text.ip4_input_accept
                0x0000000008010fc4       0x34 ./Middlewares/Third_Party/LwIP/src/core/ipv4/ip4.o
 .text.ip4_route
                0x0000000008010ff8       0x5c ./Middlewares/Third_Party/LwIP/src/core/ipv4/ip4.o
                0x0000000008010ff8                ip4_route
 .text.ip4_input
                0x0000000008011054      0x15c ./Middlewares/Third_Party/LwIP/src/core/ipv4/ip4.o
                0x0000000008011054                ip4_input
 .text.ip4_output_if_src
                0x00000000080111b0      0x10c ./Middlewares/Third_Party/LwIP/src/core/ipv4/ip4.o
                0x00000000080111b0                ip4_output_if_src
 .text.ip4_output_if
                0x00000000080112bc       0x22 ./Middlewares/Third_Party/LwIP/src/core/ipv4/ip4.o
                0x00000000080112bc                ip4_output_if
 .text.ip4_addr_isbroadcast_u32
                0x00000000080112de       0x36 ./Middlewares/Third_Party/LwIP/src/core/ipv4/ip4_addr.o
                0x00000000080112de                ip4_addr_isbroadcast_u32
 .text.ip4addr_ntoa_r
                0x0000000008011314       0x92 ./Middlewares/Third_Party/LwIP/src/core/ipv4/ip4_addr.o
                0x0000000008011314                ip4addr_ntoa_r
 *fill*         0x00000000080113a6        0x2 
 .text.ip4addr_ntoa
                0x00000000080113a8        0xc ./Middlewares/Third_Party/LwIP/src/core/ipv4/ip4_addr.o
                0x00000000080113a8                ip4addr_ntoa
 .text.ip_reass_dequeue_datagram
                0x00000000080113b4       0x44 ./Middlewares/Third_Party/LwIP/src/core/ipv4/ip4_frag.o
 .text.ip_reass_free_complete_datagram
                0x00000000080113f8       0xe8 ./Middlewares/Third_Party/LwIP/src/core/ipv4/ip4_frag.o
 .text.ip_reass_remove_oldest_datagram
                0x00000000080114e0       0x78 ./Middlewares/Third_Party/LwIP/src/core/ipv4/ip4_frag.o
 .text.ip_frag_free_pbuf_custom_ref
                0x0000000008011558       0x2c ./Middlewares/Third_Party/LwIP/src/core/ipv4/ip4_frag.o
 .text.ipfrag_free_pbuf_custom
                0x0000000008011584       0x34 ./Middlewares/Third_Party/LwIP/src/core/ipv4/ip4_frag.o
 .text.ip_reass_tmr
                0x00000000080115b8       0x2c ./Middlewares/Third_Party/LwIP/src/core/ipv4/ip4_frag.o
                0x00000000080115b8                ip_reass_tmr
 .text.ip4_reass
                0x00000000080115e4      0x3b4 ./Middlewares/Third_Party/LwIP/src/core/ipv4/ip4_frag.o
                0x00000000080115e4                ip4_reass
 .text.ip4_frag
                0x0000000008011998      0x1d8 ./Middlewares/Third_Party/LwIP/src/core/ipv4/ip4_frag.o
                0x0000000008011998                ip4_frag
 .text.ethernet_input
                0x0000000008011b70       0xa0 ./Middlewares/Third_Party/LwIP/src/netif/ethernet.o
                0x0000000008011b70                ethernet_input
 .text.ethernet_output
                0x0000000008011c10       0x70 ./Middlewares/Third_Party/LwIP/src/netif/ethernet.o
                0x0000000008011c10                ethernet_output
 .text.__libc_init_array
                0x0000000008011c80       0x48 f:/programs/stm32cubeide_1.10.1/stm32cubeide/plugins/com.st.stm32cube.ide.mcu.externaltools.gnu-tools-for-stm32.10.3-2021.10.win32_1.0.0.202111181127/tools/bin/../lib/gcc/arm-none-eabi/10.3.1/../../../../arm-none-eabi/lib/thumb/v7e-m+dp/hard\libc_nano.a(lib_a-init.o)
                0x0000000008011c80                __libc_init_array
 .text.memcmp   0x0000000008011cc8       0x20 f:/programs/stm32cubeide_1.10.1/stm32cubeide/plugins/com.st.stm32cube.ide.mcu.externaltools.gnu-tools-for-stm32.10.3-2021.10.win32_1.0.0.202111181127/tools/bin/../lib/gcc/arm-none-eabi/10.3.1/../../../../arm-none-eabi/lib/thumb/v7e-m+dp/hard\libc_nano.a(lib_a-memcmp.o)
                0x0000000008011cc8                memcmp
 .text.memcpy   0x0000000008011ce8       0x1c f:/programs/stm32cubeide_1.10.1/stm32cubeide/plugins/com.st.stm32cube.ide.mcu.externaltools.gnu-tools-for-stm32.10.3-2021.10.win32_1.0.0.202111181127/tools/bin/../lib/gcc/arm-none-eabi/10.3.1/../../../../arm-none-eabi/lib/thumb/v7e-m+dp/hard\libc_nano.a(lib_a-memcpy-stub.o)
                0x0000000008011ce8                memcpy
 .text.memmove  0x0000000008011d04       0x34 f:/programs/stm32cubeide_1.10.1/stm32cubeide/plugins/com.st.stm32cube.ide.mcu.externaltools.gnu-tools-for-stm32.10.3-2021.10.win32_1.0.0.202111181127/tools/bin/../lib/gcc/arm-none-eabi/10.3.1/../../../../arm-none-eabi/lib/thumb/v7e-m+dp/hard\libc_nano.a(lib_a-memmove.o)
                0x0000000008011d04                memmove
 .text.memset   0x0000000008011d38       0x10 f:/programs/stm32cubeide_1.10.1/stm32cubeide/plugins/com.st.stm32cube.ide.mcu.externaltools.gnu-tools-for-stm32.10.3-2021.10.win32_1.0.0.202111181127/tools/bin/../lib/gcc/arm-none-eabi/10.3.1/../../../../arm-none-eabi/lib/thumb/v7e-m+dp/hard\libc_nano.a(lib_a-memset.o)
                0x0000000008011d38                memset
 .text.printf   0x0000000008011d48       0x30 f:/programs/stm32cubeide_1.10.1/stm32cubeide/plugins/com.st.stm32cube.ide.mcu.externaltools.gnu-tools-for-stm32.10.3-2021.10.win32_1.0.0.202111181127/tools/bin/../lib/gcc/arm-none-eabi/10.3.1/../../../../arm-none-eabi/lib/thumb/v7e-m+dp/hard\libc_nano.a(lib_a-printf.o)
                0x0000000008011d48                iprintf
                0x0000000008011d48                printf
 .text.putchar  0x0000000008011d78       0x2c f:/programs/stm32cubeide_1.10.1/stm32cubeide/plugins/com.st.stm32cube.ide.mcu.externaltools.gnu-tools-for-stm32.10.3-2021.10.win32_1.0.0.202111181127/tools/bin/../lib/gcc/arm-none-eabi/10.3.1/../../../../arm-none-eabi/lib/thumb/v7e-m+dp/hard\libc_nano.a(lib_a-putchar.o)
                0x0000000008011d78                putchar
 .text._puts_r  0x0000000008011da4       0xdc f:/programs/stm32cubeide_1.10.1/stm32cubeide/plugins/com.st.stm32cube.ide.mcu.externaltools.gnu-tools-for-stm32.10.3-2021.10.win32_1.0.0.202111181127/tools/bin/../lib/gcc/arm-none-eabi/10.3.1/../../../../arm-none-eabi/lib/thumb/v7e-m+dp/hard\libc_nano.a(lib_a-puts.o)
                0x0000000008011da4                _puts_r
 .text.puts     0x0000000008011e80       0x10 f:/programs/stm32cubeide_1.10.1/stm32cubeide/plugins/com.st.stm32cube.ide.mcu.externaltools.gnu-tools-for-stm32.10.3-2021.10.win32_1.0.0.202111181127/tools/bin/../lib/gcc/arm-none-eabi/10.3.1/../../../../arm-none-eabi/lib/thumb/v7e-m+dp/hard\libc_nano.a(lib_a-puts.o)
                0x0000000008011e80                puts
 .text.rand     0x0000000008011e90       0x7c f:/programs/stm32cubeide_1.10.1/stm32cubeide/plugins/com.st.stm32cube.ide.mcu.externaltools.gnu-tools-for-stm32.10.3-2021.10.win32_1.0.0.202111181127/tools/bin/../lib/gcc/arm-none-eabi/10.3.1/../../../../arm-none-eabi/lib/thumb/v7e-m+dp/hard\libc_nano.a(lib_a-rand.o)