D:/_ei/EI_FINAL_Tested_10Peers_17-06-24_SeqMod_Diag_SIEMENS/EI_1/Core/Src/crc.c:33:6:MX_CRC_Init	8	static
D:/_ei/EI_FINAL_Tested_10Peers_17-06-24_SeqMod_Diag_SIEMENS/EI_1/Core/Src/crc.c:62:6:HAL_CRC_MspInit	8	static
D:/_ei/EI_FINAL_Tested_10Peers_17-06-24_SeqMod_Diag_SIEMENS/EI_1/Core/Src/crc.c:78:6:HAL_CRC_MspDeInit	0	static
D:/_ei/EI_FINAL_Tested_10Peers_17-06-24_SeqMod_Diag_SIEMENS/EI_1/Core/Src/crc.c:125:20:GetCRC16	12	static
D:/_ei/EI_FINAL_Tested_10Peers_17-06-24_SeqMod_Diag_SIEMENS/EI_1/Core/Src/crc.c:96:11:CheckCRC	16	static
D:/_ei/EI_FINAL_Tested_10Peers_17-06-24_SeqMod_Diag_SIEMENS/EI_1/Core/Src/crc.c:149:20:ComputeCRC	16	static
D:/_ei/EI_FINAL_Tested_10Peers_17-06-24_SeqMod_Diag_SIEMENS/EI_1/Core/Src/crc.c:184:20:CommGetCRC16	16	static
D:/_ei/EI_FINAL_Tested_10Peers_17-06-24_SeqMod_Diag_SIEMENS/EI_1/Core/Src/crc.c:164:20:CommCheckCRC	16	static
D:/_ei/EI_FINAL_Tested_10Peers_17-06-24_SeqMod_Diag_SIEMENS/EI_1/Core/Src/crc.c:216:14:ReverseCRCPolynomial	0	static
D:/_ei/EI_FINAL_Tested_10Peers_17-06-24_SeqMod_Diag_SIEMENS/EI_1/Core/Src/crc.c:270:14:AnsoldoCrc	8	static
D:/_ei/EI_FINAL_Tested_10Peers_17-06-24_SeqMod_Diag_SIEMENS/EI_1/Core/Src/crc.c:236:14:CalculateDirectReverseCrc	16	static
