E:/__LAPTOP_DATA/To_Sandeep_EI/To_Sandeep_EI/EI_1/Core/Src/Medha.c:71:6:Process_Medha_EI	8	static
E:/__LAPTOP_DATA/To_Sandeep_EI/To_Sandeep_EI/EI_1/Core/Src/Medha.c:114:10:Get_Medha_EI_Message	24	static
E:/__LAPTOP_DATA/To_Sandeep_EI/To_Sandeep_EI/EI_1/Core/Src/Medha.c:213:6:Medha_EI_Analyser	768	static
E:/__LAPTOP_DATA/To_Sandeep_EI/To_Sandeep_EI/EI_1/Core/Src/Medha.c:622:6:Send_Medha_EI_Reply	336	static
E:/__LAPTOP_DATA/To_Sandeep_EI/To_Sandeep_EI/EI_1/Core/Src/Medha.c:712:6:Send_Relay_Statuses_2_MIE	16	static
E:/__LAPTOP_DATA/To_Sandeep_EI/To_Sandeep_EI/EI_1/Core/Src/Medha.c:741:6:Process_Clear_Relays	16	static
E:/__LAPTOP_DATA/To_Sandeep_EI/To_Sandeep_EI/EI_1/Core/Src/Medha.c:784:6:Send_Data_to_Other	8	static
E:/__LAPTOP_DATA/To_Sandeep_EI/To_Sandeep_EI/EI_1/Core/Src/Medha.c:849:6:Process_Data_from_Other	16	static
E:/__LAPTOP_DATA/To_Sandeep_EI/To_Sandeep_EI/EI_1/Core/Src/Medha.c:982:6:Print_Medha_Self_Details	8	static
E:/__LAPTOP_DATA/To_Sandeep_EI/To_Sandeep_EI/EI_1/Core/Src/Medha.c:1013:6:CheckforMedhaCMD	112	static
E:/__LAPTOP_DATA/To_Sandeep_EI/To_Sandeep_EI/EI_1/Core/Src/Medha.c:1146:6:Update_MedhaCommands	16	static
E:/__LAPTOP_DATA/To_Sandeep_EI/To_Sandeep_EI/EI_1/Core/Src/Medha.c:1165:9:Is_MedhaCommand_Valid	32	static
E:/__LAPTOP_DATA/To_Sandeep_EI/To_Sandeep_EI/EI_1/Core/Src/Medha.c:1290:10:GetCRC32	32	static
E:/__LAPTOP_DATA/To_Sandeep_EI/To_Sandeep_EI/EI_1/Core/Src/Medha.c:1307:10:CheckCRC32	24	static
