E:/__LAPTOP_DATA/_Integrated/EI_FINAL_Tested_10Peers_30-3-24_Medha_Siemens/EI_1/Core/Src/Hitachi.c:87:6:Process_Hitachi_Packets_Eth	144	static
E:/__LAPTOP_DATA/_Integrated/EI_FINAL_Tested_10Peers_30-3-24_Medha_Siemens/EI_1/Core/Src/Hitachi.c:126:6:Process_Hitachi_Packets_Com	144	static
E:/__LAPTOP_DATA/_Integrated/EI_FINAL_Tested_10Peers_30-3-24_Medha_Siemens/EI_1/Core/Src/Hitachi.c:186:6:Convert_Data_format	152	static
E:/__LAPTOP_DATA/_Integrated/EI_FINAL_Tested_10Peers_30-3-24_Medha_Siemens/EI_1/Core/Src/Hitachi.c:206:6:EI_Data_Analyzer	40	static
E:/__LAPTOP_DATA/_Integrated/EI_FINAL_Tested_10Peers_30-3-24_Medha_Siemens/EI_1/Core/Src/Hitachi.c:355:6:Init_Msg_extr	48	static
E:/__LAPTOP_DATA/_Integrated/EI_FINAL_Tested_10Peers_30-3-24_Medha_Siemens/EI_1/Core/Src/Hitachi.c:606:6:Send_Init_Msg	104	static
E:/__LAPTOP_DATA/_Integrated/EI_FINAL_Tested_10Peers_30-3-24_Medha_Siemens/EI_1/Core/Src/Hitachi.c:774:6:Vital_Msg_extr	112	static
E:/__LAPTOP_DATA/_Integrated/EI_FINAL_Tested_10Peers_30-3-24_Medha_Siemens/EI_1/Core/Src/Hitachi.c:1093:6:Send_Vital_Data_Message	160	static
E:/__LAPTOP_DATA/_Integrated/EI_FINAL_Tested_10Peers_30-3-24_Medha_Siemens/EI_1/Core/Src/Hitachi.c:1248:6:Vital_Msg_extr_from_CAN	264	static
E:/__LAPTOP_DATA/_Integrated/EI_FINAL_Tested_10Peers_30-3-24_Medha_Siemens/EI_1/Core/Src/Hitachi.c:1502:6:Status_Msg_Extr	96	static
E:/__LAPTOP_DATA/_Integrated/EI_FINAL_Tested_10Peers_30-3-24_Medha_Siemens/EI_1/Core/Src/Hitachi.c:1756:6:Send_Status_Message	160	static
E:/__LAPTOP_DATA/_Integrated/EI_FINAL_Tested_10Peers_30-3-24_Medha_Siemens/EI_1/Core/Src/Hitachi.c:1904:6:Service_Msg_Extr	40	static
E:/__LAPTOP_DATA/_Integrated/EI_FINAL_Tested_10Peers_30-3-24_Medha_Siemens/EI_1/Core/Src/Hitachi.c:2083:6:Send_Service_Signal_Message	96	static
E:/__LAPTOP_DATA/_Integrated/EI_FINAL_Tested_10Peers_30-3-24_Medha_Siemens/EI_1/Core/Src/Hitachi.c:2187:6:Process_Sending_Reply	120	static
E:/__LAPTOP_DATA/_Integrated/EI_FINAL_Tested_10Peers_30-3-24_Medha_Siemens/EI_1/Core/Src/Hitachi.c:2286:6:Debug_Status_Flag	24	static
E:/__LAPTOP_DATA/_Integrated/EI_FINAL_Tested_10Peers_30-3-24_Medha_Siemens/EI_1/Core/Src/Hitachi.c:2356:6:Check_Primary_r_Secondary	24	static
E:/__LAPTOP_DATA/_Integrated/EI_FINAL_Tested_10Peers_30-3-24_Medha_Siemens/EI_1/Core/Src/Hitachi.c:2429:6:Check_Vital_CRC	24	static
E:/__LAPTOP_DATA/_Integrated/EI_FINAL_Tested_10Peers_30-3-24_Medha_Siemens/EI_1/Core/Src/Hitachi.c:2494:6:Check_Other_EiPC_Packet	16	static
E:/__LAPTOP_DATA/_Integrated/EI_FINAL_Tested_10Peers_30-3-24_Medha_Siemens/EI_1/Core/Src/Hitachi.c:2504:6:CheckLinkEstablishTimeout	24	static
E:/__LAPTOP_DATA/_Integrated/EI_FINAL_Tested_10Peers_30-3-24_Medha_Siemens/EI_1/Core/Src/Hitachi.c:2530:6:Send_Self_Sharing	24	static
E:/__LAPTOP_DATA/_Integrated/EI_FINAL_Tested_10Peers_30-3-24_Medha_Siemens/EI_1/Core/Src/Hitachi.c:2554:6:Detect_CAN_Xchange_Failure	8	static
E:/__LAPTOP_DATA/_Integrated/EI_FINAL_Tested_10Peers_30-3-24_Medha_Siemens/EI_1/Core/Src/Hitachi.c:2583:6:Process_Send_Signals_2_MIE	16	static
E:/__LAPTOP_DATA/_Integrated/EI_FINAL_Tested_10Peers_30-3-24_Medha_Siemens/EI_1/Core/Src/Hitachi.c:2852:6:Print_EI_DATA	568	static
E:/__LAPTOP_DATA/_Integrated/EI_FINAL_Tested_10Peers_30-3-24_Medha_Siemens/EI_1/Core/Src/Hitachi.c:2933:6:Display	24	static
E:/__LAPTOP_DATA/_Integrated/EI_FINAL_Tested_10Peers_30-3-24_Medha_Siemens/EI_1/Core/Src/Hitachi.c:2942:6:Send_Health_Status	24	static
E:/__LAPTOP_DATA/_Integrated/EI_FINAL_Tested_10Peers_30-3-24_Medha_Siemens/EI_1/Core/Src/Hitachi.c:3080:6:print_self_Details	40	static
E:/__LAPTOP_DATA/_Integrated/EI_FINAL_Tested_10Peers_30-3-24_Medha_Siemens/EI_1/Core/Src/Hitachi.c:3134:6:Send_Init_After_Timeout	16	static
E:/__LAPTOP_DATA/_Integrated/EI_FINAL_Tested_10Peers_30-3-24_Medha_Siemens/EI_1/Core/Src/Hitachi.c:3182:6:Send_Vital_Msg_After_Rx_VITAL	16	static
E:/__LAPTOP_DATA/_Integrated/EI_FINAL_Tested_10Peers_30-3-24_Medha_Siemens/EI_1/Core/Src/Hitachi.c:3218:6:Check_Recv_Status_fail	16	static
E:/__LAPTOP_DATA/_Integrated/EI_FINAL_Tested_10Peers_30-3-24_Medha_Siemens/EI_1/Core/Src/Hitachi.c:3235:9:IS_MLK_EIPC_TIME_MATCHING	40	static
E:/__LAPTOP_DATA/_Integrated/EI_FINAL_Tested_10Peers_30-3-24_Medha_Siemens/EI_1/Core/Src/Hitachi.c:3264:6:Check_All_Peers	24	static
E:/__LAPTOP_DATA/_Integrated/EI_FINAL_Tested_10Peers_30-3-24_Medha_Siemens/EI_1/Core/Src/Hitachi.c:3283:6:Check_for_RelayMisMatch	16	static
E:/__LAPTOP_DATA/_Integrated/EI_FINAL_Tested_10Peers_30-3-24_Medha_Siemens/EI_1/Core/Src/Hitachi.c:3339:6:CheckOtherLinkStatus	24	static
E:/__LAPTOP_DATA/_Integrated/EI_FINAL_Tested_10Peers_30-3-24_Medha_Siemens/EI_1/Core/Src/Hitachi.c:3367:6:SendRelay2_Other	8	static
E:/__LAPTOP_DATA/_Integrated/EI_FINAL_Tested_10Peers_30-3-24_Medha_Siemens/EI_1/Core/Src/Hitachi.c:3405:6:Process_HitachiEI	8	static
