D:/_ei/FIELD/EI_FINAL_Tested_10Peers_13-08-24_EI_HealthCAN/EI_1/Core/Src/usart.c:45:6:MX_UART4_Init	8	static
D:/_ei/FIELD/EI_FINAL_Tested_10Peers_13-08-24_EI_HealthCAN/EI_1/Core/Src/usart.c:75:6:MX_UART5_Init	8	static
D:/_ei/FIELD/EI_FINAL_Tested_10Peers_13-08-24_EI_HealthCAN/EI_1/Core/Src/usart.c:105:6:MX_UART7_Init	8	static
D:/_ei/FIELD/EI_FINAL_Tested_10Peers_13-08-24_EI_HealthCAN/EI_1/Core/Src/usart.c:136:6:MX_USART1_UART_Init	8	static
D:/_ei/FIELD/EI_FINAL_Tested_10Peers_13-08-24_EI_HealthCAN/EI_1/Core/Src/usart.c:166:6:HAL_UART_MspInit	216	static
D:/_ei/FIELD/EI_FINAL_Tested_10Peers_13-08-24_EI_HealthCAN/EI_1/Core/Src/usart.c:329:6:HAL_UART_MspDeInit	16	static
D:/_ei/FIELD/EI_FINAL_Tested_10Peers_13-08-24_EI_HealthCAN/EI_1/Core/Src/usart.c:418:6:UART4_Init	16	static
D:/_ei/FIELD/EI_FINAL_Tested_10Peers_13-08-24_EI_HealthCAN/EI_1/Core/Src/usart.c:449:6:HAL_UARTEx_RxEventCallback	24	static
D:/_ei/FIELD/EI_FINAL_Tested_10Peers_13-08-24_EI_HealthCAN/EI_1/Core/Src/usart.c:508:9:Com_DataReady	24	static
D:/_ei/FIELD/EI_FINAL_Tested_10Peers_13-08-24_EI_HealthCAN/EI_1/Core/Src/usart.c:529:9:Com_Get_Byte	32	static
D:/_ei/FIELD/EI_FINAL_Tested_10Peers_13-08-24_EI_HealthCAN/EI_1/Core/Src/usart.c:554:6:CommTransmitMessage	24	static
D:/_ei/FIELD/EI_FINAL_Tested_10Peers_13-08-24_EI_HealthCAN/EI_1/Core/Src/usart.c:582:6:Com_SendByte	24	static
D:/_ei/FIELD/EI_FINAL_Tested_10Peers_13-08-24_EI_HealthCAN/EI_1/Core/Src/usart.c:606:6:Enable_UART_Interrupts	8	static
