D:/_ei/FIELD/EI_FINAL_Tested_10Peers_13-08-24_EI_HealthCAN/EI_1/Core/Src/Hitachi.c:1248:6:Vital_Msg_extr_from_CAN	248	static
D:/_ei/FIELD/EI_FINAL_Tested_10Peers_13-08-24_EI_HealthCAN/EI_1/Core/Src/Hitachi.c:2286:6:Debug_Status_Flag	24	static
D:/_ei/FIELD/EI_FINAL_Tested_10Peers_13-08-24_EI_HealthCAN/EI_1/Core/Src/Hitachi.c:2356:6:Check_Primary_r_Secondary	24	static
D:/_ei/FIELD/EI_FINAL_Tested_10Peers_13-08-24_EI_HealthCAN/EI_1/Core/Src/Hitachi.c:2429:6:Check_Vital_CRC	32	static
D:/_ei/FIELD/EI_FINAL_Tested_10Peers_13-08-24_EI_HealthCAN/EI_1/Core/Src/Hitachi.c:2530:6:Send_Self_Sharing	24	static
D:/_ei/FIELD/EI_FINAL_Tested_10Peers_13-08-24_EI_HealthCAN/EI_1/Core/Src/Hitachi.c:2554:6:Detect_CAN_Xchange_Failure	16	static
D:/_ei/FIELD/EI_FINAL_Tested_10Peers_13-08-24_EI_HealthCAN/EI_1/Core/Src/Hitachi.c:2583:6:Process_Send_Signals_2_MIE	32	static
D:/_ei/FIELD/EI_FINAL_Tested_10Peers_13-08-24_EI_HealthCAN/EI_1/Core/Src/Hitachi.c:2944:6:Display	16	static
D:/_ei/FIELD/EI_FINAL_Tested_10Peers_13-08-24_EI_HealthCAN/EI_1/Core/Src/Hitachi.c:2863:6:Print_EI_DATA	552	static
D:/_ei/FIELD/EI_FINAL_Tested_10Peers_13-08-24_EI_HealthCAN/EI_1/Core/Src/Hitachi.c:2187:6:Process_Sending_Reply	136	static
D:/_ei/FIELD/EI_FINAL_Tested_10Peers_13-08-24_EI_HealthCAN/EI_1/Core/Src/Hitachi.c:606:6:Send_Init_Msg	96	static
D:/_ei/FIELD/EI_FINAL_Tested_10Peers_13-08-24_EI_HealthCAN/EI_1/Core/Src/Hitachi.c:1093:6:Send_Vital_Data_Message	152	static
D:/_ei/FIELD/EI_FINAL_Tested_10Peers_13-08-24_EI_HealthCAN/EI_1/Core/Src/Hitachi.c:1756:6:Send_Status_Message	160	static
D:/_ei/FIELD/EI_FINAL_Tested_10Peers_13-08-24_EI_HealthCAN/EI_1/Core/Src/Hitachi.c:2083:6:Send_Service_Signal_Message	96	static
D:/_ei/FIELD/EI_FINAL_Tested_10Peers_13-08-24_EI_HealthCAN/EI_1/Core/Src/Hitachi.c:2953:6:Send_Health_Status	40	static
D:/_ei/FIELD/EI_FINAL_Tested_10Peers_13-08-24_EI_HealthCAN/EI_1/Core/Src/Hitachi.c:3091:6:print_self_Details	48	static
D:/_ei/FIELD/EI_FINAL_Tested_10Peers_13-08-24_EI_HealthCAN/EI_1/Core/Src/Hitachi.c:3145:6:Send_Init_After_Timeout	32	static
D:/_ei/FIELD/EI_FINAL_Tested_10Peers_13-08-24_EI_HealthCAN/EI_1/Core/Src/Hitachi.c:3193:6:Send_Vital_Msg_After_Rx_VITAL	32	static
D:/_ei/FIELD/EI_FINAL_Tested_10Peers_13-08-24_EI_HealthCAN/EI_1/Core/Src/Hitachi.c:3229:6:Check_Recv_Status_fail	32	static
D:/_ei/FIELD/EI_FINAL_Tested_10Peers_13-08-24_EI_HealthCAN/EI_1/Core/Src/Hitachi.c:3246:9:IS_MLK_EIPC_TIME_MATCHING	24	static
D:/_ei/FIELD/EI_FINAL_Tested_10Peers_13-08-24_EI_HealthCAN/EI_1/Core/Src/Hitachi.c:355:6:Init_Msg_extr	56	static
D:/_ei/FIELD/EI_FINAL_Tested_10Peers_13-08-24_EI_HealthCAN/EI_1/Core/Src/Hitachi.c:774:6:Vital_Msg_extr	144	static
D:/_ei/FIELD/EI_FINAL_Tested_10Peers_13-08-24_EI_HealthCAN/EI_1/Core/Src/Hitachi.c:1502:6:Status_Msg_Extr	96	static
D:/_ei/FIELD/EI_FINAL_Tested_10Peers_13-08-24_EI_HealthCAN/EI_1/Core/Src/Hitachi.c:1904:6:Service_Msg_Extr	56	static
D:/_ei/FIELD/EI_FINAL_Tested_10Peers_13-08-24_EI_HealthCAN/EI_1/Core/Src/Hitachi.c:3275:6:Check_All_Peers	32	static
D:/_ei/FIELD/EI_FINAL_Tested_10Peers_13-08-24_EI_HealthCAN/EI_1/Core/Src/Hitachi.c:3294:6:Check_for_RelayMisMatch	32	static
D:/_ei/FIELD/EI_FINAL_Tested_10Peers_13-08-24_EI_HealthCAN/EI_1/Core/Src/Hitachi.c:3350:6:CheckOtherLinkStatus	16	static
D:/_ei/FIELD/EI_FINAL_Tested_10Peers_13-08-24_EI_HealthCAN/EI_1/Core/Src/Hitachi.c:2494:6:Check_Other_EiPC_Packet	8	static
D:/_ei/FIELD/EI_FINAL_Tested_10Peers_13-08-24_EI_HealthCAN/EI_1/Core/Src/Hitachi.c:206:6:EI_Data_Analyzer	48	static
D:/_ei/FIELD/EI_FINAL_Tested_10Peers_13-08-24_EI_HealthCAN/EI_1/Core/Src/Hitachi.c:186:6:Convert_Data_format	144	static
D:/_ei/FIELD/EI_FINAL_Tested_10Peers_13-08-24_EI_HealthCAN/EI_1/Core/Src/Hitachi.c:87:6:Process_Hitachi_Packets_Eth	136	static
D:/_ei/FIELD/EI_FINAL_Tested_10Peers_13-08-24_EI_HealthCAN/EI_1/Core/Src/Hitachi.c:126:6:Process_Hitachi_Packets_Com	136	static
D:/_ei/FIELD/EI_FINAL_Tested_10Peers_13-08-24_EI_HealthCAN/EI_1/Core/Src/Hitachi.c:2504:6:CheckLinkEstablishTimeout	32	static
D:/_ei/FIELD/EI_FINAL_Tested_10Peers_13-08-24_EI_HealthCAN/EI_1/Core/Src/Hitachi.c:3378:6:SendRelay2_Other	16	static
D:/_ei/FIELD/EI_FINAL_Tested_10Peers_13-08-24_EI_HealthCAN/EI_1/Core/Src/Hitachi.c:3416:6:Process_HitachiEI	8	static
