D:/_ei/FIELD/EI_FINAL_Tested_10Peers_13-08-24_EI_HealthCAN/EI_1/Core/Src/RTC.c:16:9:bcdToDec	0	static
D:/_ei/FIELD/EI_FINAL_Tested_10Peers_13-08-24_EI_HealthCAN/EI_1/Core/Src/RTC.c:21:9:Dec_to_BCD	0	static
D:/_ei/FIELD/EI_FINAL_Tested_10Peers_13-08-24_EI_HealthCAN/EI_1/Core/Src/RTC.c:27:9:Is_GPS_Valid	0	static
D:/_ei/FIELD/EI_FINAL_Tested_10Peers_13-08-24_EI_HealthCAN/EI_1/Core/Src/RTC.c:85:6:Get_time	48	static
D:/_ei/FIELD/EI_FINAL_Tested_10Peers_13-08-24_EI_HealthCAN/EI_1/Core/Src/RTC.c:47:6:Write_RTC	48	static
D:/_ei/FIELD/EI_FINAL_Tested_10Peers_13-08-24_EI_HealthCAN/EI_1/Core/Src/RTC.c:117:6:Update_Time_Every_Sec	8	static
