D:/_ei/EI_FINAL_Tested_10Peers_17-06-24/EI_1/Core/Src/kyosan.c:66:6:Process_ComFailTimeout	16	static
D:/_ei/EI_FINAL_Tested_10Peers_17-06-24/EI_1/Core/Src/kyosan.c:99:6:Process_CheckOtherData	0	static
D:/_ei/EI_FINAL_Tested_10Peers_17-06-24/EI_1/Core/Src/kyosan.c:119:6:SendKyosanRelays2Other	8	static
D:/_ei/EI_FINAL_Tested_10Peers_17-06-24/EI_1/Core/Src/kyosan.c:134:6:DetectCanXchangeFailure	8	static
D:/_ei/EI_FINAL_Tested_10Peers_17-06-24/EI_1/Core/Src/kyosan.c:159:6:Process_Send_Signals_2_MIE_Kyosan	8	static
D:/_ei/EI_FINAL_Tested_10Peers_17-06-24/EI_1/Core/Src/kyosan.c:579:10:Calc_Kysoan_CRC	12	static
D:/_ei/EI_FINAL_Tested_10Peers_17-06-24/EI_1/Core/Src/kyosan.c:257:6:Get_Kyosan_EI_Message	56	static
D:/_ei/EI_FINAL_Tested_10Peers_17-06-24/EI_1/Core/Src/kyosan.c:603:6:Update_KyosanStructure	0	static
D:/_ei/EI_FINAL_Tested_10Peers_17-06-24/EI_1/Core/Src/kyosan.c:615:6:UpdateSIGNALSNamesKyosan	8	static
D:/_ei/EI_FINAL_Tested_10Peers_17-06-24/EI_1/Core/Src/kyosan.c:692:6:PrintSignalsKyosan	32	static
D:/_ei/EI_FINAL_Tested_10Peers_17-06-24/EI_1/Core/Src/kyosan.c:831:6:Update_KyosanCommands	8	static
D:/_ei/EI_FINAL_Tested_10Peers_17-06-24/EI_1/Core/Src/kyosan.c:855:9:Is_KyosanCommand_Valid	24	static
D:/_ei/EI_FINAL_Tested_10Peers_17-06-24/EI_1/Core/Src/kyosan.c:729:6:Check_forKyosanCMD	128	static
D:/_ei/EI_FINAL_Tested_10Peers_17-06-24/EI_1/Core/Src/kyosan.c:29:6:Process_Kyosan_EI	8	static
