E:/__LAPTOP_DATA/To_Sandeep_EI/To_Sandeep_EI/EI_1/Core/Src/RTC.c:16:9:bcdToDec	16	static
E:/__LAPTOP_DATA/To_Sandeep_EI/To_Sandeep_EI/EI_1/Core/Src/RTC.c:21:9:Dec_to_BCD	16	static
E:/__LAPTOP_DATA/To_Sandeep_EI/To_Sandeep_EI/EI_1/Core/Src/RTC.c:27:9:Is_GPS_Valid	4	static
E:/__LAPTOP_DATA/To_Sandeep_EI/To_Sandeep_EI/EI_1/Core/Src/RTC.c:47:6:Write_RTC	32	static
E:/__LAPTOP_DATA/To_Sandeep_EI/To_Sandeep_EI/EI_1/Core/Src/RTC.c:85:6:Get_time	32	static
E:/__LAPTOP_DATA/To_Sandeep_EI/To_Sandeep_EI/EI_1/Core/Src/RTC.c:117:6:Update_Time_Every_Sec	8	static
