../Core/Src/Siemens.c:37:6:Process_SiemensEI	8	static
../Core/Src/Siemens.c:84:6:Siemens_Data_Analyser	2656	static
../Core/Src/Siemens.c:514:10:ExtractAppData	40	static
../Core/Src/Siemens.c:542:6:Form_Siemens_Reply	1672	static
../Core/Src/Siemens.c:688:6:ProcessSendingSignals2MIE	16	static
../Core/Src/Siemens.c:804:6:ProcessSelfSharing	8	static
../Core/Src/Siemens.c:821:6:ProcessDetectNoValidDataReceive	8	static
../Core/Src/Siemens.c:843:6:SendRelays2Other	8	static
../Core/Src/Siemens.c:859:6:CheckRelayMisMatch	8	static
../Core/Src/Siemens.c:880:6:Detect_SiemensCAN_Xchange_Failure	8	static
../Core/Src/Siemens.c:900:6:Print_Siemens_MSG	32	static
../Core/Src/Siemens.c:972:6:Chech_forSiemensCMD	112	static
../Core/Src/Siemens.c:1105:6:Update_SiemensCommands	24	static
../Core/Src/Siemens.c:1134:9:Is_SiemensCommand_Valid	32	static
../Core/Src/Siemens.c:1152:10:Siemens_CRC	32	static
../Core/Src/Siemens.c:1202:9:Extract_Parity_Data	32	static
../Core/Src/Siemens.c:1273:9:Calculate_Parity	24	static
../Core/Src/Siemens.c:1313:9:Verify_parity	24	static
../Core/Src/Siemens.c:1331:6:Insert_cal_parity	72	static
../Core/Src/Siemens.c:1438:10:Data_Compliment	24	static
../Core/Src/Siemens.c:1483:6:CheckToSendReplyorNot	16	static
../Core/Src/Siemens.c:1530:6:PrintSignals	16	static
../Core/Src/Siemens.c:1557:6:GetTimeStamp	24	static
../Core/Src/Siemens.c:1587:6:UpdateSIGNALSNames	16	static
../Core/Src/Siemens.c:1659:6:print_self_DetailsSiemens	40	static
