../Core/Src/Medha.c:71:6:Process_Medha_EI	8	static
../Core/Src/Medha.c:114:10:Get_Medha_EI_Message	24	static
../Core/Src/Medha.c:213:6:Medha_EI_Analyser	768	static
../Core/Src/Medha.c:630:6:Send_Medha_EI_Reply	336	static
../Core/Src/Medha.c:720:6:Send_Relay_Statuses_2_MIE	16	static
../Core/Src/Medha.c:749:6:Process_Clear_Relays	16	static
../Core/Src/Medha.c:812:6:Send_Data_to_Other	8	static
../Core/Src/Medha.c:877:6:Process_Data_from_Other	16	static
../Core/Src/Medha.c:1016:6:Print_Medha_Self_Details	8	static
../Core/Src/Medha.c:1048:6:CheckforMedhaCMD	112	static
../Core/Src/Medha.c:1181:6:Update_MedhaCommands	16	static
../Core/Src/Medha.c:1200:9:Is_MedhaCommand_Valid	32	static
../Core/Src/Medha.c:1325:10:GetCRC32	32	static
../Core/Src/Medha.c:1349:10:CheckCRC32	24	static
