../Core/Src/Siemens.c:37:6:Process_SiemensEI	8	static
../Core/Src/Siemens.c:84:6:Siemens_Data_Analyser	2656	static
../Core/Src/Siemens.c:522:10:ExtractAppData	40	static
../Core/Src/Siemens.c:550:6:Form_Siemens_Reply	1672	static
../Core/Src/Siemens.c:698:6:ProcessSendingSignals2MIE	16	static
../Core/Src/Siemens.c:807:6:ProcessSelfSharing	8	static
../Core/Src/Siemens.c:824:6:ProcessDetectNoValidDataReceive	8	static
../Core/Src/Siemens.c:848:6:SendRelays2Other	8	static
../Core/Src/Siemens.c:864:6:CheckRelayMisMatch	8	static
../Core/Src/Siemens.c:885:6:Detect_SiemensCAN_Xchange_Failure	8	static
../Core/Src/Siemens.c:905:6:Print_Siemens_MSG	32	static
../Core/Src/Siemens.c:977:6:Chech_forSiemensCMD	112	static
../Core/Src/Siemens.c:1110:6:Update_SiemensCommands	24	static
../Core/Src/Siemens.c:1139:9:Is_SiemensCommand_Valid	32	static
../Core/Src/Siemens.c:1157:10:Siemens_CRC	32	static
../Core/Src/Siemens.c:1207:9:Extract_Parity_Data	32	static
../Core/Src/Siemens.c:1278:9:Calculate_Parity	24	static
../Core/Src/Siemens.c:1318:9:Verify_parity	24	static
../Core/Src/Siemens.c:1336:6:Insert_cal_parity	72	static
../Core/Src/Siemens.c:1443:10:Data_Compliment	24	static
../Core/Src/Siemens.c:1488:6:CheckToSendReplyorNot	16	static
../Core/Src/Siemens.c:1535:6:PrintSignals	16	static
../Core/Src/Siemens.c:1562:6:GetTimeStamp	24	static
../Core/Src/Siemens.c:1592:6:UpdateSIGNALSNames	16	static
../Core/Src/Siemens.c:1664:6:print_self_DetailsSiemens	40	static
