../Core/Src/Hitachi.c:1253:6:Vital_Msg_extr_from_CAN	248	static
../Core/Src/Hitachi.c:2291:6:Debug_Status_Flag	24	static
../Core/Src/Hitachi.c:2361:6:Check_Primary_r_Secondary	24	static
../Core/Src/Hitachi.c:2434:6:Check_Vital_CRC	32	static
../Core/Src/Hitachi.c:2535:6:Send_Self_Sharing	24	static
../Core/Src/Hitachi.c:2559:6:Detect_CAN_Xchange_Failure	16	static
../Core/Src/Hitachi.c:2588:6:Process_Send_Signals_2_MIE	216	static
../Core/Src/Hitachi.c:2938:6:Display	16	static
../Core/Src/Hitachi.c:2857:6:Print_EI_DATA	552	static
../Core/Src/Hitachi.c:2192:6:Process_Sending_Reply	136	static
../Core/Src/Hitachi.c:611:6:Send_Init_Msg	96	static
../Core/Src/Hitachi.c:1098:6:Send_Vital_Data_Message	152	static
../Core/Src/Hitachi.c:1761:6:Send_Status_Message	160	static
../Core/Src/Hitachi.c:2088:6:Send_Service_Signal_Message	96	static
../Core/Src/Hitachi.c:2947:6:Send_Health_Status	40	static
../Core/Src/Hitachi.c:3085:6:print_self_Details	48	static
../Core/Src/Hitachi.c:3139:6:Send_Init_After_Timeout	32	static
../Core/Src/Hitachi.c:3187:6:Send_Vital_Msg_After_Rx_VITAL	32	static
../Core/Src/Hitachi.c:3223:6:Check_Recv_Status_fail	32	static
../Core/Src/Hitachi.c:3240:9:IS_MLK_EIPC_TIME_MATCHING	24	static
../Core/Src/Hitachi.c:360:6:Init_Msg_extr	56	static
../Core/Src/Hitachi.c:779:6:Vital_Msg_extr	144	static
../Core/Src/Hitachi.c:1507:6:Status_Msg_Extr	96	static
../Core/Src/Hitachi.c:1909:6:Service_Msg_Extr	56	static
../Core/Src/Hitachi.c:3269:6:Check_All_Peers	32	static
../Core/Src/Hitachi.c:3288:6:Check_for_RelayMisMatch	32	static
../Core/Src/Hitachi.c:3344:6:CheckOtherLinkStatus	16	static
../Core/Src/Hitachi.c:2499:6:Check_Other_EiPC_Packet	8	static
../Core/Src/Hitachi.c:211:6:EI_Data_Analyzer	48	static
../Core/Src/Hitachi.c:191:6:Convert_Data_format	144	static
../Core/Src/Hitachi.c:88:6:Process_Hitachi_Packets_Eth	136	static
../Core/Src/Hitachi.c:131:6:Process_Hitachi_Packets_Com	136	static
../Core/Src/Hitachi.c:2509:6:CheckLinkEstablishTimeout	32	static
../Core/Src/Hitachi.c:3372:6:SendRelay2_Other	16	static
../Core/Src/Hitachi.c:3475:6:CheckEthernetStatus	8	static
../Core/Src/Hitachi.c:3410:6:Process_HitachiEI	8	static
