../Core/Src/Hitachi.c:1292:6:Vital_Msg_extr_from_CAN	248	static
../Core/Src/Hitachi.c:2375:6:Debug_Status_Flag	24	static
../Core/Src/Hitachi.c:2445:6:Check_Primary_r_Secondary	24	static
../Core/Src/Hitachi.c:2509:6:Check_Vital_CRC	32	static
../Core/Src/Hitachi.c:2610:6:Send_Self_Sharing	24	static
../Core/Src/Hitachi.c:2635:6:Detect_CAN_Xchange_Failure	16	static
../Core/Src/Hitachi.c:2664:6:Process_Send_Signals_2_MIE	224	static
../Core/Src/Hitachi.c:3045:6:Display	16	static
../Core/Src/Hitachi.c:2964:6:Print_EI_DATA	552	static
../Core/Src/Hitachi.c:2276:6:Process_Sending_Reply	136	static
../Core/Src/Hitachi.c:615:6:Send_Init_Msg	96	static
../Core/Src/Hitachi.c:1137:6:Send_Vital_Data_Message	152	static
../Core/Src/Hitachi.c:1816:6:Send_Status_Message	160	static
../Core/Src/Hitachi.c:2172:6:Send_Service_Signal_Message	96	static
../Core/Src/Hitachi.c:3054:6:Send_Health_Status	40	static
../Core/Src/Hitachi.c:3192:6:print_self_Details	48	static
../Core/Src/Hitachi.c:3246:6:Send_Init_After_Timeout	32	static
../Core/Src/Hitachi.c:3294:6:Send_Vital_Msg_After_Rx_VITAL	32	static
../Core/Src/Hitachi.c:3330:6:Check_Recv_Status_fail	32	static
../Core/Src/Hitachi.c:3347:9:IS_MLK_EIPC_TIME_MATCHING	24	static
../Core/Src/Hitachi.c:364:6:Init_Msg_extr	56	static
../Core/Src/Hitachi.c:783:6:Vital_Msg_extr	200	static
../Core/Src/Hitachi.c:1550:6:Status_Msg_Extr	96	static
../Core/Src/Hitachi.c:1964:6:Service_Msg_Extr	56	static
../Core/Src/Hitachi.c:3376:6:Check_All_Peers	32	static
../Core/Src/Hitachi.c:3395:6:Check_for_RelayMisMatch	48	static
../Core/Src/Hitachi.c:3453:6:CheckOtherLinkStatus	16	static
../Core/Src/Hitachi.c:2574:6:Check_Other_EiPC_Packet	8	static
../Core/Src/Hitachi.c:215:6:EI_Data_Analyzer	48	static
../Core/Src/Hitachi.c:195:6:Convert_Data_format	144	static
../Core/Src/Hitachi.c:96:6:Process_Hitachi_Packets_Eth	136	static
../Core/Src/Hitachi.c:135:6:Process_Hitachi_Packets_Com	136	static
../Core/Src/Hitachi.c:2584:6:CheckLinkEstablishTimeout	40	static
../Core/Src/Hitachi.c:3480:6:SendRelay2_Other	16	static
../Core/Src/Hitachi.c:3521:6:Process_HitachiEI	8	static
