../Core/Src/Siemens.c:1432:10:Data_Compliment.part.0	16	static
../Core/Src/Siemens.c:514:10:ExtractAppData	20	static
../Core/Src/Siemens.c:689:6:ProcessSendingSignals2MIE	24	static
../Core/Src/Siemens.c:798:6:ProcessSelfSharing	8	static
../Core/Src/Siemens.c:815:6:ProcessDetectNoValidDataReceive	16	static
../Core/Src/Siemens.c:837:6:SendRelays2Other	8	static
../Core/Src/Siemens.c:853:6:CheckRelayMisMatch	8	static
../Core/Src/Siemens.c:874:6:Detect_SiemensCAN_Xchange_Failure	8	static
../Core/Src/Siemens.c:1099:6:Update_SiemensCommands	8	static
../Core/Src/Siemens.c:1128:9:Is_SiemensCommand_Valid	24	static
../Core/Src/Siemens.c:966:6:Chech_forSiemensCMD	120	static
../Core/Src/Siemens.c:1146:10:Siemens_CRC	12	static
../Core/Src/Siemens.c:1267:9:Calculate_Parity	8	static
../Core/Src/Siemens.c:1307:9:Verify_parity	24	static
../Core/Src/Siemens.c:1196:9:Extract_Parity_Data	16	static
../Core/Src/Siemens.c:1325:6:Insert_cal_parity	32	static
../Core/Src/Siemens.c:1432:10:Data_Compliment	4	static
../Core/Src/Siemens.c:1477:6:CheckToSendReplyorNot	0	static
../Core/Src/Siemens.c:542:6:Form_Siemens_Reply	1576	static
../Core/Src/Siemens.c:1524:6:PrintSignals	24	static
../Core/Src/Siemens.c:894:6:Print_Siemens_MSG	24	static
../Core/Src/Siemens.c:84:6:Siemens_Data_Analyser	2640	static
../Core/Src/Siemens.c:1551:6:GetTimeStamp	16	static
../Core/Src/Siemens.c:37:6:Process_SiemensEI	8	static
../Core/Src/Siemens.c:1581:6:UpdateSIGNALSNames	8	static
../Core/Src/Siemens.c:1653:6:print_self_DetailsSiemens	48	static
