E:/__LAPTOP_DATA/_Integrated/EI_FINAL_Tested_10Peers_30-3-24_Medha_Siemens/EI_1/Core/Src/i2c.c:31:6:MX_I2C1_Init	8	static
E:/__LAPTOP_DATA/_Integrated/EI_FINAL_Tested_10Peers_30-3-24_Medha_Siemens/EI_1/Core/Src/i2c.c:74:6:MX_I2C2_Init	8	static
E:/__LAPTOP_DATA/_Integrated/EI_FINAL_Tested_10Peers_30-3-24_Medha_Siemens/EI_1/Core/Src/i2c.c:117:6:HAL_I2C_MspInit	192	static
E:/__LAPTOP_DATA/_Integrated/EI_FINAL_Tested_10Peers_30-3-24_Medha_Siemens/EI_1/Core/Src/i2c.c:190:6:HAL_I2C_MspDeInit	8	static
