E:/__LAPTOP_DATA/_Integrated/EI_FINAL_Tested_10Peers_30-3-24_Medha_Siemens/EI_1/Core/Src/Medha.c:713:6:Send_Relay_Statuses_2_MIE	24	static
E:/__LAPTOP_DATA/_Integrated/EI_FINAL_Tested_10Peers_30-3-24_Medha_Siemens/EI_1/Core/Src/Medha.c:742:6:Process_Clear_Relays	24	static
E:/__LAPTOP_DATA/_Integrated/EI_FINAL_Tested_10Peers_30-3-24_Medha_Siemens/EI_1/Core/Src/Medha.c:804:6:Send_Data_to_Other	16	static
E:/__LAPTOP_DATA/_Integrated/EI_FINAL_Tested_10Peers_30-3-24_Medha_Siemens/EI_1/Core/Src/Medha.c:869:6:Process_Data_from_Other	24	static
E:/__LAPTOP_DATA/_Integrated/EI_FINAL_Tested_10Peers_30-3-24_Medha_Siemens/EI_1/Core/Src/Medha.c:1002:6:Print_Medha_Self_Details	16	static
E:/__LAPTOP_DATA/_Integrated/EI_FINAL_Tested_10Peers_30-3-24_Medha_Siemens/EI_1/Core/Src/Medha.c:1166:6:Update_MedhaCommands	8	static
E:/__LAPTOP_DATA/_Integrated/EI_FINAL_Tested_10Peers_30-3-24_Medha_Siemens/EI_1/Core/Src/Medha.c:1185:9:Is_MedhaCommand_Valid	24	static
E:/__LAPTOP_DATA/_Integrated/EI_FINAL_Tested_10Peers_30-3-24_Medha_Siemens/EI_1/Core/Src/Medha.c:1033:6:CheckforMedhaCMD	120	static
E:/__LAPTOP_DATA/_Integrated/EI_FINAL_Tested_10Peers_30-3-24_Medha_Siemens/EI_1/Core/Src/Medha.c:1310:10:GetCRC32	12	static
E:/__LAPTOP_DATA/_Integrated/EI_FINAL_Tested_10Peers_30-3-24_Medha_Siemens/EI_1/Core/Src/Medha.c:623:6:Send_Medha_EI_Reply	328	static
E:/__LAPTOP_DATA/_Integrated/EI_FINAL_Tested_10Peers_30-3-24_Medha_Siemens/EI_1/Core/Src/Medha.c:1327:10:CheckCRC32	16	static
E:/__LAPTOP_DATA/_Integrated/EI_FINAL_Tested_10Peers_30-3-24_Medha_Siemens/EI_1/Core/Src/Medha.c:114:10:Get_Medha_EI_Message	32	static
E:/__LAPTOP_DATA/_Integrated/EI_FINAL_Tested_10Peers_30-3-24_Medha_Siemens/EI_1/Core/Src/Medha.c:213:6:Medha_EI_Analyser	792	static
E:/__LAPTOP_DATA/_Integrated/EI_FINAL_Tested_10Peers_30-3-24_Medha_Siemens/EI_1/Core/Src/Medha.c:71:6:Process_Medha_EI	8	static
