E:/__LAPTOP_DATA/_Integrated/EI_FINAL_Tested_10Peers_30-3-24_Medha_Siemens/EI_1/Core/Src/Siemens.c:1443:10:Data_Compliment.part.0	16	static
E:/__LAPTOP_DATA/_Integrated/EI_FINAL_Tested_10Peers_30-3-24_Medha_Siemens/EI_1/Core/Src/Siemens.c:522:10:ExtractAppData	20	static
E:/__LAPTOP_DATA/_Integrated/EI_FINAL_Tested_10Peers_30-3-24_Medha_Siemens/EI_1/Core/Src/Siemens.c:698:6:ProcessSendingSignals2MIE	24	static
E:/__LAPTOP_DATA/_Integrated/EI_FINAL_Tested_10Peers_30-3-24_Medha_Siemens/EI_1/Core/Src/Siemens.c:807:6:ProcessSelfSharing	8	static
E:/__LAPTOP_DATA/_Integrated/EI_FINAL_Tested_10Peers_30-3-24_Medha_Siemens/EI_1/Core/Src/Siemens.c:824:6:ProcessDetectNoValidDataReceive	16	static
E:/__LAPTOP_DATA/_Integrated/EI_FINAL_Tested_10Peers_30-3-24_Medha_Siemens/EI_1/Core/Src/Siemens.c:848:6:SendRelays2Other	8	static
E:/__LAPTOP_DATA/_Integrated/EI_FINAL_Tested_10Peers_30-3-24_Medha_Siemens/EI_1/Core/Src/Siemens.c:864:6:CheckRelayMisMatch	8	static
E:/__LAPTOP_DATA/_Integrated/EI_FINAL_Tested_10Peers_30-3-24_Medha_Siemens/EI_1/Core/Src/Siemens.c:885:6:Detect_SiemensCAN_Xchange_Failure	8	static
E:/__LAPTOP_DATA/_Integrated/EI_FINAL_Tested_10Peers_30-3-24_Medha_Siemens/EI_1/Core/Src/Siemens.c:1110:6:Update_SiemensCommands	8	static
E:/__LAPTOP_DATA/_Integrated/EI_FINAL_Tested_10Peers_30-3-24_Medha_Siemens/EI_1/Core/Src/Siemens.c:1139:9:Is_SiemensCommand_Valid	24	static
E:/__LAPTOP_DATA/_Integrated/EI_FINAL_Tested_10Peers_30-3-24_Medha_Siemens/EI_1/Core/Src/Siemens.c:977:6:Chech_forSiemensCMD	120	static
E:/__LAPTOP_DATA/_Integrated/EI_FINAL_Tested_10Peers_30-3-24_Medha_Siemens/EI_1/Core/Src/Siemens.c:1157:10:Siemens_CRC	12	static
E:/__LAPTOP_DATA/_Integrated/EI_FINAL_Tested_10Peers_30-3-24_Medha_Siemens/EI_1/Core/Src/Siemens.c:1278:9:Calculate_Parity	8	static
E:/__LAPTOP_DATA/_Integrated/EI_FINAL_Tested_10Peers_30-3-24_Medha_Siemens/EI_1/Core/Src/Siemens.c:1318:9:Verify_parity	24	static
E:/__LAPTOP_DATA/_Integrated/EI_FINAL_Tested_10Peers_30-3-24_Medha_Siemens/EI_1/Core/Src/Siemens.c:1207:9:Extract_Parity_Data	16	static
E:/__LAPTOP_DATA/_Integrated/EI_FINAL_Tested_10Peers_30-3-24_Medha_Siemens/EI_1/Core/Src/Siemens.c:1336:6:Insert_cal_parity	32	static
E:/__LAPTOP_DATA/_Integrated/EI_FINAL_Tested_10Peers_30-3-24_Medha_Siemens/EI_1/Core/Src/Siemens.c:1443:10:Data_Compliment	4	static
E:/__LAPTOP_DATA/_Integrated/EI_FINAL_Tested_10Peers_30-3-24_Medha_Siemens/EI_1/Core/Src/Siemens.c:1488:6:CheckToSendReplyorNot	0	static
E:/__LAPTOP_DATA/_Integrated/EI_FINAL_Tested_10Peers_30-3-24_Medha_Siemens/EI_1/Core/Src/Siemens.c:550:6:Form_Siemens_Reply	1576	static
E:/__LAPTOP_DATA/_Integrated/EI_FINAL_Tested_10Peers_30-3-24_Medha_Siemens/EI_1/Core/Src/Siemens.c:1535:6:PrintSignals	24	static
E:/__LAPTOP_DATA/_Integrated/EI_FINAL_Tested_10Peers_30-3-24_Medha_Siemens/EI_1/Core/Src/Siemens.c:905:6:Print_Siemens_MSG	24	static
E:/__LAPTOP_DATA/_Integrated/EI_FINAL_Tested_10Peers_30-3-24_Medha_Siemens/EI_1/Core/Src/Siemens.c:84:6:Siemens_Data_Analyser	2640	static
E:/__LAPTOP_DATA/_Integrated/EI_FINAL_Tested_10Peers_30-3-24_Medha_Siemens/EI_1/Core/Src/Siemens.c:1562:6:GetTimeStamp	16	static
E:/__LAPTOP_DATA/_Integrated/EI_FINAL_Tested_10Peers_30-3-24_Medha_Siemens/EI_1/Core/Src/Siemens.c:37:6:Process_SiemensEI	8	static
E:/__LAPTOP_DATA/_Integrated/EI_FINAL_Tested_10Peers_30-3-24_Medha_Siemens/EI_1/Core/Src/Siemens.c:1592:6:UpdateSIGNALSNames	8	static
E:/__LAPTOP_DATA/_Integrated/EI_FINAL_Tested_10Peers_30-3-24_Medha_Siemens/EI_1/Core/Src/Siemens.c:1664:6:print_self_DetailsSiemens	48	static
