Archive member included to satisfy reference by file (symbol)

f:/programs/stm32cubeide_1.10.1/stm32cubeide/plugins/com.st.stm32cube.ide.mcu.externaltools.gnu-tools-for-stm32.10.3-2021.10.win32_1.0.0.202111181127/tools/bin/../lib/gcc/arm-none-eabi/10.3.1/../../../../arm-none-eabi/lib/thumb/v7e-m+dp/hard\libc_nano.a(lib_a-atoi.o)
                              ./Middlewares/Third_Party/LwIP/src/core/netif.o (atoi)
f:/programs/stm32cubeide_1.10.1/stm32cubeide/plugins/com.st.stm32cube.ide.mcu.externaltools.gnu-tools-for-stm32.10.3-2021.10.win32_1.0.0.202111181127/tools/bin/../lib/gcc/arm-none-eabi/10.3.1/../../../../arm-none-eabi/lib/thumb/v7e-m+dp/hard\libc_nano.a(lib_a-ctype_.o)
                              ./Middlewares/Third_Party/LwIP/src/core/ipv4/ip4_addr.o (_ctype_)
f:/programs/stm32cubeide_1.10.1/stm32cubeide/plugins/com.st.stm32cube.ide.mcu.externaltools.gnu-tools-for-stm32.10.3-2021.10.win32_1.0.0.202111181127/tools/bin/../lib/gcc/arm-none-eabi/10.3.1/../../../../arm-none-eabi/lib/thumb/v7e-m+dp/hard\libc_nano.a(lib_a-exit.o)
                              f:/programs/stm32cubeide_1.10.1/stm32cubeide/plugins/com.st.stm32cube.ide.mcu.externaltools.gnu-tools-for-stm32.10.3-2021.10.win32_1.0.0.202111181127/tools/bin/../lib/gcc/arm-none-eabi/10.3.1/../../../../arm-none-eabi/lib/thumb/v7e-m+dp/hard/crt0.o (exit)
f:/programs/stm32cubeide_1.10.1/stm32cubeide/plugins/com.st.stm32cube.ide.mcu.externaltools.gnu-tools-for-stm32.10.3-2021.10.win32_1.0.0.202111181127/tools/bin/../lib/gcc/arm-none-eabi/10.3.1/../../../../arm-none-eabi/lib/thumb/v7e-m+dp/hard\libc_nano.a(lib_a-impure.o)
                              f:/programs/stm32cubeide_1.10.1/stm32cubeide/plugins/com.st.stm32cube.ide.mcu.externaltools.gnu-tools-for-stm32.10.3-2021.10.win32_1.0.0.202111181127/tools/bin/../lib/gcc/arm-none-eabi/10.3.1/../../../../arm-none-eabi/lib/thumb/v7e-m+dp/hard\libc_nano.a(lib_a-exit.o) (_global_impure_ptr)
f:/programs/stm32cubeide_1.10.1/stm32cubeide/plugins/com.st.stm32cube.ide.mcu.externaltools.gnu-tools-for-stm32.10.3-2021.10.win32_1.0.0.202111181127/tools/bin/../lib/gcc/arm-none-eabi/10.3.1/../../../../arm-none-eabi/lib/thumb/v7e-m+dp/hard\libc_nano.a(lib_a-init.o)
                              f:/programs/stm32cubeide_1.10.1/stm32cubeide/plugins/com.st.stm32cube.ide.mcu.externaltools.gnu-tools-for-stm32.10.3-2021.10.win32_1.0.0.202111181127/tools/bin/../lib/gcc/arm-none-eabi/10.3.1/../../../../arm-none-eabi/lib/thumb/v7e-m+dp/hard/crt0.o (__libc_init_array)
f:/programs/stm32cubeide_1.10.1/stm32cubeide/plugins/com.st.stm32cube.ide.mcu.externaltools.gnu-tools-for-stm32.10.3-2021.10.win32_1.0.0.202111181127/tools/bin/../lib/gcc/arm-none-eabi/10.3.1/../../../../arm-none-eabi/lib/thumb/v7e-m+dp/hard\libc_nano.a(lib_a-memcmp.o)
                              ./Core/Src/Config.o (memcmp)
f:/programs/stm32cubeide_1.10.1/stm32cubeide/plugins/com.st.stm32cube.ide.mcu.externaltools.gnu-tools-for-stm32.10.3-2021.10.win32_1.0.0.202111181127/tools/bin/../lib/gcc/arm-none-eabi/10.3.1/../../../../arm-none-eabi/lib/thumb/v7e-m+dp/hard\libc_nano.a(lib_a-memcpy-stub.o)
                              ./Core/Src/Hitachi.o (memcpy)
f:/programs/stm32cubeide_1.10.1/stm32cubeide/plugins/com.st.stm32cube.ide.mcu.externaltools.gnu-tools-for-stm32.10.3-2021.10.win32_1.0.0.202111181127/tools/bin/../lib/gcc/arm-none-eabi/10.3.1/../../../../arm-none-eabi/lib/thumb/v7e-m+dp/hard\libc_nano.a(lib_a-memmove.o)
                              ./Middlewares/Third_Party/LwIP/src/core/def.o (memmove)
f:/programs/stm32cubeide_1.10.1/stm32cubeide/plugins/com.st.stm32cube.ide.mcu.externaltools.gnu-tools-for-stm32.10.3-2021.10.win32_1.0.0.202111181127/tools/bin/../lib/gcc/arm-none-eabi/10.3.1/../../../../arm-none-eabi/lib/thumb/v7e-m+dp/hard\libc_nano.a(lib_a-memset.o)
                              f:/programs/stm32cubeide_1.10.1/stm32cubeide/plugins/com.st.stm32cube.ide.mcu.externaltools.gnu-tools-for-stm32.10.3-2021.10.win32_1.0.0.202111181127/tools/bin/../lib/gcc/arm-none-eabi/10.3.1/../../../../arm-none-eabi/lib/thumb/v7e-m+dp/hard/crt0.o (memset)
f:/programs/stm32cubeide_1.10.1/stm32cubeide/plugins/com.st.stm32cube.ide.mcu.externaltools.gnu-tools-for-stm32.10.3-2021.10.win32_1.0.0.202111181127/tools/bin/../lib/gcc/arm-none-eabi/10.3.1/../../../../arm-none-eabi/lib/thumb/v7e-m+dp/hard\libc_nano.a(lib_a-printf.o)
                              ./Core/Src/Config.o (printf)
f:/programs/stm32cubeide_1.10.1/stm32cubeide/plugins/com.st.stm32cube.ide.mcu.externaltools.gnu-tools-for-stm32.10.3-2021.10.win32_1.0.0.202111181127/tools/bin/../lib/gcc/arm-none-eabi/10.3.1/../../../../arm-none-eabi/lib/thumb/v7e-m+dp/hard\libc_nano.a(lib_a-putchar.o)
                              ./Core/Src/Hitachi.o (putchar)
f:/programs/stm32cubeide_1.10.1/stm32cubeide/plugins/com.st.stm32cube.ide.mcu.externaltools.gnu-tools-for-stm32.10.3-2021.10.win32_1.0.0.202111181127/tools/bin/../lib/gcc/arm-none-eabi/10.3.1/../../../../arm-none-eabi/lib/thumb/v7e-m+dp/hard\libc_nano.a(lib_a-puts.o)
[...]
Memory Configuration

Name             Origin             Length             Attributes
RAM              0x0000000020000000 0x0000000000080000 xrw
FLASH            0x0000000008000000 0x0000000000200000 xr
*default*        0x0000000000000000 0xffffffffffffffff

Linker script and memory map

LOAD f:/programs/stm32cubeide_1.10.1/stm32cubeide/plugins/com.st.stm32cube.ide.mcu.externaltools.gnu-tools-for-stm32.10.3-2021.10.win32_1.0.0.202111181127/tools/bin/../lib/gcc/arm-none-eabi/10.3.1/thumb/v7e-m+dp/hard/crti.o
LOAD f:/programs/stm32cubeide_1.10.1/stm32cubeide/plugins/com.st.stm32cube.ide.mcu.externaltools.gnu-tools-for-stm32.10.3-2021.10.win32_1.0.0.202111181127/tools/bin/../lib/gcc/arm-none-eabi/10.3.1/thumb/v7e-m+dp/hard/crtbegin.o
LOAD f:/programs/stm32cubeide_1.10.1/stm32cubeide/plugins/com.st.stm32cube.ide.mcu.externaltools.gnu-tools-for-stm32.10.3-2021.10.win32_1.0.0.202111181127/tools/bin/../lib/gcc/arm-none-eabi/10.3.1/../../../../arm-none-eabi/lib/thumb/v7e-m+dp/hard/crt0.o
LOAD ./Core/Src/BitManip.o
LOAD ./Core/Src/Config.o
LOAD ./Core/Src/Hitachi.o
LOAD ./Core/Src/Last_Reset_Reason.o
LOAD ./Core/Src/Medha.o
LOAD ./Core/Src/Process_Cmd.o
LOAD ./Core/Src/RTC.o
LOAD ./Core/Src/Siemens.o
LOAD ./Core/Src/Ticks.o
LOAD ./Core/Src/User_UDP.o
LOAD ./Core/Src/can.o
LOAD ./Core/Src/crc.o
LOAD ./Core/Src/gpio.o
LOAD ./Core/Src/i2c.o
LOAD ./Core/Src/iwdg.o
LOAD ./Core/Src/main.o
LOAD ./Core/Src/rng.o
LOAD ./Core/Src/spi.o
LOAD ./Core/Src/stm32f7xx_hal_msp.o
LOAD ./Core/Src/stm32f7xx_it.o
LOAD ./Core/Src/syscalls.o
LOAD ./Core/Src/sysmem.o
LOAD ./Core/Src/system_stm32f7xx.o
LOAD ./Core/Src/tim.o
LOAD ./Core/Src/usart.o
LOAD ./Core/Startup/startup_stm32f769bitx.o
LOAD ./Drivers/BSP/Components/dp83848/dp83848.o
LOAD ./Drivers/STM32F7xx_HAL_Driver/Src/stm32f7xx_hal.o
LOAD ./Drivers/STM32F7xx_HAL_Driver/Src/stm32f7xx_hal_can.o
LOAD ./Drivers/STM32F7xx_HAL_Driver/Src/stm32f7xx_hal_cortex.o
LOAD ./Drivers/STM32F7xx_HAL_Driver/Src/stm32f7xx_hal_crc.o
LOAD ./Drivers/STM32F7xx_HAL_Driver/Src/stm32f7xx_hal_crc_ex.o
LOAD ./Drivers/STM32F7xx_HAL_Driver/Src/stm32f7xx_hal_dma.o
LOAD ./Drivers/STM32F7xx_HAL_Driver/Src/stm32f7xx_hal_dma_ex.o
LOAD ./Drivers/STM32F7xx_HAL_Driver/Src/stm32f7xx_hal_eth.o
LOAD ./Drivers/STM32F7xx_HAL_Driver/Src/stm32f7xx_hal_exti.o
LOAD ./Drivers/STM32F7xx_HAL_Driver/Src/stm32f7xx_hal_flash.o
LOAD ./Drivers/STM32F7xx_HAL_Driver/Src/stm32f7xx_hal_flash_ex.o
LOAD ./Drivers/STM32F7xx_HAL_Driver/Src/stm32f7xx_hal_gpio.o
LOAD ./Drivers/STM32F7xx_HAL_Driver/Src/stm32f7xx_hal_i2c.o
LOAD ./Drivers/STM32F7xx_HAL_Driver/Src/stm32f7xx_hal_i2c_ex.o
LOAD ./Drivers/STM32F7xx_HAL_Driver/Src/stm32f7xx_hal_iwdg.o
LOAD ./Drivers/STM32F7xx_HAL_Driver/Src/stm32f7xx_hal_pwr.o
LOAD ./Drivers/STM32F7xx_HAL_Driver/Src/stm32f7xx_hal_pwr_ex.o
LOAD ./Drivers/STM32F7xx_HAL_Driver/Src/stm32f7xx_hal_rcc.o
LOAD ./Drivers/STM32F7xx_HAL_Driver/Src/stm32f7xx_hal_rcc_ex.o
LOAD ./Drivers/STM32F7xx_HAL_Driver/Src/stm32f7xx_hal_rng.o
LOAD ./Drivers/STM32F7xx_HAL_Driver/Src/stm32f7xx_hal_spi.o
LOAD ./Drivers/STM32F7xx_HAL_Driver/Src/stm32f7xx_hal_spi_ex.o
LOAD ./Drivers/STM32F7xx_HAL_Driver/Src/stm32f7xx_hal_tim.o
LOAD ./Drivers/STM32F7xx_HAL_Driver/Src/stm32f7xx_hal_tim_ex.o
LOAD ./Drivers/STM32F7xx_HAL_Driver/Src/stm32f7xx_hal_uart.o
LOAD ./Drivers/STM32F7xx_HAL_Driver/Src/stm32f7xx_hal_uart_ex.o
LOAD ./LWIP/App/lwip.o
LOAD ./LWIP/Target/ethernetif.o
LOAD ./Middlewares/Third_Party/LwIP/src/api/api_lib.o
LOAD ./Middlewares/Third_Party/LwIP/src/api/api_msg.o
LOAD ./Middlewares/Third_Party/LwIP/src/api/err.o
LOAD ./Middlewares/Third_Party/LwIP/src/api/if_api.o
LOAD ./Middlewares/Third_Party/LwIP/src/api/netbuf.o
LOAD ./Middlewares/Third_Party/LwIP/src/api/netdb.o
LOAD ./Middlewares/Third_Party/LwIP/src/api/netifapi.o
LOAD ./Middlewares/Third_Party/LwIP/src/api/sockets.o
LOAD ./Middlewares/Third_Party/LwIP/src/api/tcpip.o
LOAD ./Middlewares/Third_Party/LwIP/src/apps/mqtt/mqtt.o
LOAD ./Middlewares/Third_Party/LwIP/src/core/altcp.o
LOAD ./Middlewares/Third_Party/LwIP/src/core/altcp_alloc.o
LOAD ./Middlewares/Third_Party/LwIP/src/core/altcp_tcp.o
LOAD ./Middlewares/Third_Party/LwIP/src/core/def.o
LOAD ./Middlewares/Third_Party/LwIP/src/core/dns.o
LOAD ./Middlewares/Third_Party/LwIP/src/core/inet_chksum.o
LOAD ./Middlewares/Third_Party/LwIP/src/core/init.o
LOAD ./Middlewares/Third_Party/LwIP/src/core/ip.o
LOAD ./Middlewares/Third_Party/LwIP/src/core/mem.o
LOAD ./Middlewares/Third_Party/LwIP/src/core/memp.o
LOAD ./Middlewares/Third_Party/LwIP/src/core/netif.o
LOAD ./Middlewares/Third_Party/LwIP/src/core/pbuf.o
LOAD ./Middlewares/Third_Party/LwIP/src/core/raw.o
LOAD ./Middlewares/Third_Party/LwIP/src/core/stats.o
LOAD ./Middlewares/Third_Party/LwIP/src/core/sys.o
LOAD ./Middlewares/Third_Party/LwIP/src/core/tcp.o
LOAD ./Middlewares/Third_Party/LwIP/src/core/tcp_in.o
LOAD ./Middlewares/Third_Party/LwIP/src/core/tcp_out.o
LOAD ./Middlewares/Third_Party/LwIP/src/core/timeouts.o
LOAD ./Middlewares/Third_Party/LwIP/src/core/udp.o
LOAD ./Middlewares/Third_Party/LwIP/src/core/ipv4/autoip.o
LOAD ./Middlewares/Third_Party/LwIP/src/core/ipv4/dhcp.o
LOAD ./Middlewares/Third_Party/LwIP/src/core/ipv4/etharp.o
LOAD ./Middlewares/Third_Party/LwIP/src/core/ipv4/icmp.o
LOAD ./Middlewares/Third_Party/LwIP/src/core/ipv4/igmp.o
LOAD ./Middlewares/Third_Party/LwIP/src/core/ipv4/ip4.o
LOAD ./Middlewares/Third_Party/LwIP/src/core/ipv4/ip4_addr.o
LOAD ./Middlewares/Third_Party/LwIP/src/core/ipv4/ip4_frag.o
LOAD ./Middlewares/Third_Party/LwIP/src/core/ipv6/dhcp6.o
LOAD ./Middlewares/Third_Party/LwIP/src/core/ipv6/ethip6.o
LOAD ./Middlewares/Third_Party/LwIP/src/core/ipv6/icmp6.o
LOAD ./Middlewares/Third_Party/LwIP/src/core/ipv6/inet6.o
LOAD ./Middlewares/Third_Party/LwIP/src/core/ipv6/ip6.o
LOAD ./Middlewares/Third_Party/LwIP/src/core/ipv6/ip6_addr.o
LOAD ./Middlewares/Third_Party/LwIP/src/core/ipv6/ip6_frag.o
LOAD ./Middlewares/Third_Party/LwIP/src/core/ipv6/mld6.o
LOAD ./Middlewares/Third_Party/LwIP/src/core/ipv6/nd6.o
LOAD ./Middlewares/Third_Party/LwIP/src/netif/bridgeif.o
LOAD ./Middlewares/Third_Party/LwIP/src/netif/bridgeif_fdb.o
LOAD ./Middlewares/Third_Party/LwIP/src/netif/ethernet.o
LOAD ./Middlewares/Third_Party/LwIP/src/netif/lowpan6.o
LOAD ./Middlewares/Third_Party/LwIP/src/netif/lowpan6_ble.o
LOAD ./Middlewares/Third_Party/LwIP/src/netif/lowpan6_common.o
LOAD ./Middlewares/Third_Party/LwIP/src/netif/slipif.o
LOAD ./Middlewares/Third_Party/LwIP/src/netif/zepif.o
LOAD ./Middlewares/Third_Party/LwIP/src/netif/ppp/auth.o
LOAD ./Middlewares/Third_Party/LwIP/src/netif/ppp/ccp.o
LOAD ./Middlewares/Third_Party/LwIP/src/netif/ppp/chap-md5.o
LOAD ./Middlewares/Third_Party/LwIP/src/netif/ppp/chap-new.o
LOAD ./Middlewares/Third_Party/LwIP/src/netif/ppp/chap_ms.o
LOAD ./Middlewares/Third_Party/LwIP/src/netif/ppp/demand.o
LOAD ./Middlewares/Third_Party/LwIP/src/netif/ppp/eap.o
LOAD ./Middlewares/Third_Party/LwIP/src/netif/ppp/ecp.o
LOAD ./Middlewares/Third_Party/LwIP/src/netif/ppp/eui64.o
LOAD ./Middlewares/Third_Party/LwIP/src/netif/ppp/fsm.o
LOAD ./Middlewares/Third_Party/LwIP/src/netif/ppp/ipcp.o
LOAD ./Middlewares/Third_Party/LwIP/src/netif/ppp/ipv6cp.o
LOAD ./Middlewares/Third_Party/LwIP/src/netif/ppp/lcp.o
LOAD ./Middlewares/Third_Party/LwIP/src/netif/ppp/magic.o
LOAD ./Middlewares/Third_Party/LwIP/src/netif/ppp/mppe.o
LOAD ./Middlewares/Third_Party/LwIP/src/netif/ppp/multilink.o
LOAD ./Middlewares/Third_Party/LwIP/src/netif/ppp/ppp.o
LOAD ./Middlewares/Third_Party/LwIP/src/netif/ppp/pppapi.o
LOAD ./Middlewares/Third_Party/LwIP/src/netif/ppp/pppcrypt.o
LOAD ./Middlewares/Third_Party/LwIP/src/netif/ppp/pppoe.o
LOAD ./Middlewares/Third_Party/LwIP/src/netif/ppp/pppol2tp.o
LOAD ./Middlewares/Third_Party/LwIP/src/netif/ppp/pppos.o
LOAD ./Middlewares/Third_Party/LwIP/src/netif/ppp/upap.o
LOAD ./Middlewares/Third_Party/LwIP/src/netif/ppp/utils.o
LOAD ./Middlewares/Third_Party/LwIP/src/netif/ppp/vj.o
START GROUP
LOAD f:/programs/stm32cubeide_1.10.1/stm32cubeide/plugins/com.st.stm32cube.ide.mcu.externaltools.gnu-tools-for-stm32.10.3-2021.10.win32_1.0.0.202111181127/tools/bin/../lib/gcc/arm-none-eabi/10.3.1/../../../../arm-none-eabi/lib/thumb/v7e-m+dp/hard\libc_nano.a
LOAD f:/programs/stm32cubeide_1.10.1/stm32cubeide/plugins/com.st.stm32cube.ide.mcu.externaltools.gnu-tools-for-stm32.10.3-2021.10.win32_1.0.0.202111181127/tools/bin/../lib/gcc/arm-none-eabi/10.3.1/../../../../arm-none-eabi/lib/thumb/v7e-m+dp/hard\libm.a
END GROUP
START GROUP
LOAD f:/programs/stm32cubeide_1.10.1/stm32cubeide/plugins/com.st.stm32cube.ide.mcu.externaltools.gnu-tools-for-stm32.10.3-2021.10.win32_1.0.0.202111181127/tools/bin/../lib/gcc/arm-none-eabi/10.3.1/thumb/v7e-m+dp/hard\libgcc.a
LOAD f:/programs/stm32cubeide_1.10.1/stm32cubeide/plugins/com.st.stm32cube.ide.mcu.externaltools.gnu-tools-for-stm32.10.3-2021.10.win32_1.0.0.202111181127/tools/bin/../lib/gcc/arm-none-eabi/10.3.1/../../../../arm-none-eabi/lib/thumb/v7e-m+dp/hard\libc_nano.a
END GROUP
START GROUP
LOAD f:/programs/stm32cubeide_1.10.1/stm32cubeide/plugins/com.st.stm32cube.ide.mcu.externaltools.gnu-tools-for-stm32.10.3-2021.10.win32_1.0.0.202111181127/tools/bin/../lib/gcc/arm-none-eabi/10.3.1/thumb/v7e-m+dp/hard\libgcc.a
LOAD f:/programs/stm32cubeide_1.10.1/stm32cubeide/plugins/com.st.stm32cube.ide.mcu.externaltools.gnu-tools-for-stm32.10.3-2021.10.win32_1.0.0.202111181127/tools/bin/../lib/gcc/arm-none-eabi/10.3.1/../../../../arm-none-eabi/lib/thumb/v7e-m+dp/hard\libc_nano.a
LOAD f:/programs/stm32cubeide_1.10.1/stm32cubeide/plugins/com.st.stm32cube.ide.mcu.externaltools.gnu-tools-for-stm32.10.3-2021.10.win32_1.0.0.202111181127/tools/bin/../lib/gcc/arm-none-eabi/10.3.1/../../../../arm-none-eabi/lib/thumb/v7e-m+dp/hard\libnosys.a
END GROUP
START GROUP
LOAD f:/programs/stm32cubeide_1.10.1/stm32cubeide/plugins/com.st.stm32cube.ide.mcu.externaltools.gnu-tools-for-stm32.10.3-2021.10.win32_1.0.0.202111181127/tools/bin/../lib/gcc/arm-none-eabi/10.3.1/thumb/v7e-m+dp/hard\libgcc.a
LOAD f:/programs/stm32cubeide_1.10.1/stm32cubeide/plugins/com.st.stm32cube.ide.mcu.externaltools.gnu-tools-for-stm32.10.3-2021.10.win32_1.0.0.202111181127/tools/bin/../lib/gcc/arm-none-eabi/10.3.1/../../../../arm-none-eabi/lib/thumb/v7e-m+dp/hard\libc_nano.a
LOAD f:/programs/stm32cubeide_1.10.1/stm32cubeide/plugins/com.st.stm32cube.ide.mcu.externaltools.gnu-tools-for-stm32.10.3-2021.10.win32_1.0.0.202111181127/tools/bin/../lib/gcc/arm-none-eabi/10.3.1/../../../../arm-none-eabi/lib/thumb/v7e-m+dp/hard\libnosys.a
END GROUP
LOAD f:/programs/stm32cubeide_1.10.1/stm32cubeide/plugins/com.st.stm32cube.ide.mcu.externaltools.gnu-tools-for-stm32.10.3-2021.10.win32_1.0.0.202111181127/tools/bin/../lib/gcc/arm-none-eabi/10.3.1/thumb/v7e-m+dp/hard/crtend.o
LOAD f:/programs/stm32cubeide_1.10.1/stm32cubeide/plugins/com.st.stm32cube.ide.mcu.externaltools.gnu-tools-for-stm32.10.3-2021.10.win32_1.0.0.202111181127/tools/bin/../lib/gcc/arm-none-eabi/10.3.1/thumb/v7e-m+dp/hard/crtn.o
                0x0000000020080000                _estack = (ORIGIN (RAM) + LENGTH (RAM))
                0x0000000000000200                _Min_Heap_Size = 0x200
                0x0000000000000400                _Min_Stack_Size = 0x400

.isr_vector     0x0000000008000000      0x1f8
                0x0000000008000000                . = ALIGN (0x4)
 *(.isr_vector)
 .isr_vector    0x0000000008000000      0x1f8 ./Core/Startup/startup_stm32f769bitx.o
                0x0000000008000000                g_pfnVectors
                0x00000000080001f8                . = ALIGN (0x4)

.text           0x0000000008000200    0x13114
                0x0000000008000200                . = ALIGN (0x4)
 *(.text)
 .text          0x0000000008000200       0x40 f:/programs/stm32cubeide_1.10.1/stm32cubeide/plugins/com.st.stm32cube.ide.mcu.externaltools.gnu-tools-for-stm32.10.3-2021.10.win32_1.0.0.202111181127/tools/bin/../lib/gcc/arm-none-eabi/10.3.1/thumb/v7e-m+dp/hard/crtbegin.o
 .text          0x0000000008000240       0x14 f:/programs/stm32cubeide_1.10.1/stm32cubeide/plugins/com.st.stm32cube.ide.mcu.externaltools.gnu-tools-for-stm32.10.3-2021.10.win32_1.0.0.202111181127/tools/bin/../lib/gcc/arm-none-eabi/10.3.1/../../../../arm-none-eabi/lib/thumb/v7e-m+dp/hard\libc_nano.a(lib_a-strcmp.o)
                0x0000000008000240                strcmp
 .text          0x0000000008000254       0x10 f:/programs/stm32cubeide_1.10.1/stm32cubeide/plugins/com.st.stm32cube.ide.mcu.externaltools.gnu-tools-for-stm32.10.3-2021.10.win32_1.0.0.202111181127/tools/bin/../lib/gcc/arm-none-eabi/10.3.1/../../../../arm-none-eabi/lib/thumb/v7e-m+dp/hard\libc_nano.a(lib_a-strlen.o)
                0x0000000008000254                strlen
 *fill*         0x0000000008000264        0xc 
 .text          0x0000000008000270       0xa0 f:/programs/stm32cubeide_1.10.1/stm32cubeide/plugins/com.st.stm32cube.ide.mcu.externaltools.gnu-tools-for-stm32.10.3-2021.10.win32_1.0.0.202111181127/tools/bin/../lib/gcc/arm-none-eabi/10.3.1/../../../../arm-none-eabi/lib/thumb/v7e-m+dp/hard\libc_nano.a(lib_a-memchr.o)
                0x0000000008000270                memchr
 .text          0x0000000008000310       0x30 f:/programs/stm32cubeide_1.10.1/stm32cubeide/plugins/com.st.stm32cube.ide.mcu.externaltools.gnu-tools-for-stm32.10.3-2021.10.win32_1.0.0.202111181127/tools/bin/../lib/gcc/arm-none-eabi/10.3.1/thumb/v7e-m+dp/hard\libgcc.a(_aeabi_uldivmod.o)
                0x0000000008000310                __aeabi_uldivmod
 .text          0x0000000008000340      0x2d0 f:/programs/stm32cubeide_1.10.1/stm32cubeide/plugins/com.st.stm32cube.ide.mcu.externaltools.gnu-tools-for-stm32.10.3-2021.10.win32_1.0.0.202111181127/tools/bin/../lib/gcc/arm-none-eabi/10.3.1/thumb/v7e-m+dp/hard\libgcc.a(_udivmoddi4.o)
                0x0000000008000340                __udivmoddi4
 .text          0x0000000008000610        0x4 f:/programs/stm32cubeide_1.10.1/stm32cubeide/plugins/com.st.stm32cube.ide.mcu.externaltools.gnu-tools-for-stm32.10.3-2021.10.win32_1.0.0.202111181127/tools/bin/../lib/gcc/arm-none-eabi/10.3.1/thumb/v7e-m+dp/hard\libgcc.a(_dvmd_tls.o)
                0x0000000008000610                __aeabi_idiv0
                0x0000000008000610                __aeabi_ldiv0
 *(.text*)
 .text.ExtractBits
                0x0000000008000614       0x70 ./Core/Src/BitManip.o
                0x0000000008000614                ExtractBits
 .text.InsertBits
                0x0000000008000684       0xa8 ./Core/Src/BitManip.o
                0x0000000008000684                InsertBits
 .text.Update_HitachiCommands
                0x000000000800072c       0xa0 ./Core/Src/Config.o
                0x000000000800072c                Update_HitachiCommands
 .text.__io_putchar
                0x00000000080007cc       0x34 ./Core/Src/Config.o
                0x00000000080007cc                __io_putchar
 .text.Get_Slot
                0x0000000008000800       0x4c ./Core/Src/Config.o
                0x0000000008000800                Get_Slot
 .text.Is_Command_Valid
                0x000000000800084c       0x40 ./Core/Src/Config.o
                0x000000000800084c                Is_Command_Valid
 .text.Check_for_cmd
                0x000000000800088c      0x220 ./Core/Src/Config.o
                0x000000000800088c                Check_for_cmd
 .text.Vital_Msg_extr_from_CAN
                0x0000000008000aac      0x500 ./Core/Src/Hitachi.o
                0x0000000008000aac                Vital_Msg_extr_from_CAN
 .text.Check_Primary_r_Secondary
                0x0000000008000fac       0xec ./Core/Src/Hitachi.o
                0x0000000008000fac                Check_Primary_r_Secondary
 .text.Check_Vital_CRC
                0x0000000008001098      0x148 ./Core/Src/Hitachi.o
                0x0000000008001098                Check_Vital_CRC
 .text.Send_Self_Sharing
                0x00000000080011e0       0x70 ./Core/Src/Hitachi.o
                0x00000000080011e0                Send_Self_Sharing
 .text.Detect_CAN_Xchange_Failure
                0x0000000008001250       0xa0 ./Core/Src/Hitachi.o
                0x0000000008001250                Detect_CAN_Xchange_Failure
 .text.Process_Send_Signals_2_MIE
                0x00000000080012f0      0x2a4 ./Core/Src/Hitachi.o
                0x00000000080012f0                Process_Send_Signals_2_MIE
 .text.Display  0x0000000008001594       0x18 ./Core/Src/Hitachi.o
                0x0000000008001594                Display
 .text.Print_EI_DATA
                0x00000000080015ac      0x1a8 ./Core/Src/Hitachi.o
                0x00000000080015ac                Print_EI_DATA
 .text.Process_Sending_Reply
                0x0000000008001754      0x134 ./Core/Src/Hitachi.o
                0x0000000008001754                Process_Sending_Reply
 .text.Send_Init_Msg
                0x0000000008001888      0x2ec ./Core/Src/Hitachi.o
                0x0000000008001888                Send_Init_Msg
 .text.Send_Vital_Data_Message
                0x0000000008001b74      0x2d8 ./Core/Src/Hitachi.o
                0x0000000008001b74                Send_Vital_Data_Message
 .text.Send_Status_Message
                0x0000000008001e4c      0x320 ./Core/Src/Hitachi.o
                0x0000000008001e4c                Send_Status_Message
 .text.Send_Service_Signal_Message
                0x000000000800216c      0x224 ./Core/Src/Hitachi.o
                0x000000000800216c                Send_Service_Signal_Message
 .text.print_self_Details
                0x0000000008002390      0x1f0 ./Core/Src/Hitachi.o
                0x0000000008002390                print_self_Details
 .text.Send_Init_After_Timeout
                0x0000000008002580       0xac ./Core/Src/Hitachi.o
                0x0000000008002580                Send_Init_After_Timeout
 .text.Send_Vital_Msg_After_Rx_VITAL
                0x000000000800262c       0x70 ./Core/Src/Hitachi.o
                0x000000000800262c                Send_Vital_Msg_After_Rx_VITAL
 .text.Check_Recv_Status_fail
                0x000000000800269c       0x8c ./Core/Src/Hitachi.o
                0x000000000800269c                Check_Recv_Status_fail
 .text.IS_MLK_EIPC_TIME_MATCHING
                0x0000000008002728       0xa0 ./Core/Src/Hitachi.o
                0x0000000008002728                IS_MLK_EIPC_TIME_MATCHING
 .text.Init_Msg_extr
                0x00000000080027c8      0x458 ./Core/Src/Hitachi.o
                0x00000000080027c8                Init_Msg_extr
 .text.Vital_Msg_extr
                0x0000000008002c20      0x6dc ./Core/Src/Hitachi.o
                0x0000000008002c20                Vital_Msg_extr
 .text.Status_Msg_Extr
                0x00000000080032fc      0x50c ./Core/Src/Hitachi.o
                0x00000000080032fc                Status_Msg_Extr
 .text.Service_Msg_Extr
                0x0000000008003808      0x344 ./Core/Src/Hitachi.o
                0x0000000008003808                Service_Msg_Extr
 .text.Check_All_Peers
                0x0000000008003b4c       0x68 ./Core/Src/Hitachi.o
                0x0000000008003b4c                Check_All_Peers
 .text.Check_for_RelayMisMatch
                0x0000000008003bb4       0xf4 ./Core/Src/Hitachi.o
                0x0000000008003bb4                Check_for_RelayMisMatch
 .text.CheckOtherLinkStatus
                0x0000000008003ca8       0x64 ./Core/Src/Hitachi.o
                0x0000000008003ca8                CheckOtherLinkStatus
 .text.Check_Other_EiPC_Packet
                0x0000000008003d0c       0x28 ./Core/Src/Hitachi.o
                0x0000000008003d0c                Check_Other_EiPC_Packet
 .text.EI_Data_Analyzer
                0x0000000008003d34      0x2d0 ./Core/Src/Hitachi.o
                0x0000000008003d34                EI_Data_Analyzer
 .text.Convert_Data_format
                0x0000000008004004       0x54 ./Core/Src/Hitachi.o
                0x0000000008004004                Convert_Data_format
 .text.Process_Hitachi_Packets_Eth
                0x0000000008004058       0x60 ./Core/Src/Hitachi.o
                0x0000000008004058                Process_Hitachi_Packets_Eth
 .text.Process_Hitachi_Packets_Com
                0x00000000080040b8       0x8c ./Core/Src/Hitachi.o
                0x00000000080040b8                Process_Hitachi_Packets_Com
 .text.CheckLinkEstablishTimeout
                0x0000000008004144       0x9c ./Core/Src/Hitachi.o
                0x0000000008004144                CheckLinkEstablishTimeout
 .text.SendRelay2_Other
                0x00000000080041e0       0x64 ./Core/Src/Hitachi.o
                0x00000000080041e0                SendRelay2_Other
 .text.Process_HitachiEI
                0x0000000008004244       0x80 ./Core/Src/Hitachi.o
                0x0000000008004244                Process_HitachiEI
 .text.reset_cause_get
                0x00000000080042c4       0x5c ./Core/Src/Last_Reset_Reason.o
                0x00000000080042c4                reset_cause_get
 .text.reset_cause_get_name
                0x0000000008004320       0x18 ./Core/Src/Last_Reset_Reason.o
                0x0000000008004320                reset_cause_get_name
 .text.Send_Relay_Statuses_2_MIE
                0x0000000008004338       0x88 ./Core/Src/Medha.o
                0x0000000008004338                Send_Relay_Statuses_2_MIE
 .text.Process_Clear_Relays
                0x00000000080043c0       0xe8 ./Core/Src/Medha.o
                0x00000000080043c0                Process_Clear_Relays
 .text.Send_Data_to_Other
                0x00000000080044a8       0x84 ./Core/Src/Medha.o
                0x00000000080044a8                Send_Data_to_Other
 .text.Process_Data_from_Other
                0x000000000800452c      0x1c4 ./Core/Src/Medha.o
                0x000000000800452c                Process_Data_from_Other
 .text.Print_Medha_Self_Details
                0x00000000080046f0       0xb8 ./Core/Src/Medha.o
                0x00000000080046f0                Print_Medha_Self_Details
 .text.Update_MedhaCommands
                0x00000000080047a8       0x5c ./Core/Src/Medha.o
                0x00000000080047a8                Update_MedhaCommands
 .text.Is_MedhaCommand_Valid
                0x0000000008004804       0x40 ./Core/Src/Medha.o
                0x0000000008004804                Is_MedhaCommand_Valid
 .text.CheckforMedhaCMD
                0x0000000008004844      0x230 ./Core/Src/Medha.o
                0x0000000008004844                CheckforMedhaCMD
 .text.GetCRC32
                0x0000000008004a74       0x24 ./Core/Src/Medha.o
                0x0000000008004a74                GetCRC32
 .text.Send_Medha_EI_Reply
                0x0000000008004a98       0xbc ./Core/Src/Medha.o
                0x0000000008004a98                Send_Medha_EI_Reply
 .text.CheckCRC32
                0x0000000008004b54       0x2c ./Core/Src/Medha.o
                0x0000000008004b54                CheckCRC32
 .text.Get_Medha_EI_Message
                0x0000000008004b80      0x10c ./Core/Src/Medha.o
                0x0000000008004b80                Get_Medha_EI_Message
 .text.Medha_EI_Analyser
                0x0000000008004c8c      0x454 ./Core/Src/Medha.o
                0x0000000008004c8c                Medha_EI_Analyser
 .text.Process_Medha_EI
                0x00000000080050e0       0x5c ./Core/Src/Medha.o
                0x00000000080050e0                Process_Medha_EI
 .text.ReadAndFormMsg
                0x000000000800513c      0x118 ./Core/Src/Process_Cmd.o
                0x000000000800513c                ReadAndFormMsg
 .text.SendAck  0x0000000008005254       0x70 ./Core/Src/Process_Cmd.o
                0x0000000008005254                SendAck
 .text.CheckForRqst
                0x00000000080052c4       0x7c ./Core/Src/Process_Cmd.o
                0x00000000080052c4                CheckForRqst
 .text.ReadAndFormConfig
                0x0000000008005340       0xf4 ./Core/Src/Process_Cmd.o
                0x0000000008005340                ReadAndFormConfig
 .text.bcdToDec
                0x0000000008005434       0x12 ./Core/Src/RTC.o
                0x0000000008005434                bcdToDec
 .text.Dec_to_BCD
                0x0000000008005446       0x12 ./Core/Src/RTC.o
                0x0000000008005446                Dec_to_BCD
 .text.Is_GPS_Valid
                0x0000000008005458       0x20 ./Core/Src/RTC.o
                0x0000000008005458                Is_GPS_Valid
 .text.Get_time
                0x0000000008005478       0x94 ./Core/Src/RTC.o
                0x0000000008005478                Get_time
 .text.Write_RTC
                0x000000000800550c       0xfc ./Core/Src/RTC.o
                0x000000000800550c                Write_RTC
 .text.Update_Time_Every_Sec
                0x0000000008005608       0x20 ./Core/Src/RTC.o
                0x0000000008005608                Update_Time_Every_Sec
 .text.Data_Compliment.part.0
                0x0000000008005628       0x38 ./Core/Src/Siemens.o
 .text.ExtractAppData
                0x0000000008005660       0x50 ./Core/Src/Siemens.o
                0x0000000008005660                ExtractAppData
 .text.ProcessSendingSignals2MIE
                0x00000000080056b0      0x110 ./Core/Src/Siemens.o
                0x00000000080056b0                ProcessSendingSignals2MIE
 .text.ProcessSelfSharing
                0x00000000080057c0       0x38 ./Core/Src/Siemens.o
                0x00000000080057c0                ProcessSelfSharing
 .text.ProcessDetectNoValidDataReceive
                0x00000000080057f8       0x60 ./Core/Src/Siemens.o
                0x00000000080057f8                ProcessDetectNoValidDataReceive
 .text.SendRelays2Other
                0x0000000008005858       0x24 ./Core/Src/Siemens.o
                0x0000000008005858                SendRelays2Other
 .text.CheckRelayMisMatch
                0x000000000800587c       0x58 ./Core/Src/Siemens.o
                0x000000000800587c                CheckRelayMisMatch
 .text.Detect_SiemensCAN_Xchange_Failure
                0x00000000080058d4       0x58 ./Core/Src/Siemens.o
                0x00000000080058d4                Detect_SiemensCAN_Xchange_Failure
 .text.Update_SiemensCommands
                0x000000000800592c       0xe8 ./Core/Src/Siemens.o
                0x000000000800592c                Update_SiemensCommands
 .text.Is_SiemensCommand_Valid
                0x0000000008005a14       0x40 ./Core/Src/Siemens.o
                0x0000000008005a14                Is_SiemensCommand_Valid
 .text.Chech_forSiemensCMD
                0x0000000008005a54      0x230 ./Core/Src/Siemens.o
                0x0000000008005a54                Chech_forSiemensCMD
 .text.Siemens_CRC
                0x0000000008005c84       0x32 ./Core/Src/Siemens.o
                0x0000000008005c84                Siemens_CRC
 .text.Calculate_Parity
                0x0000000008005cb6       0x2a ./Core/Src/Siemens.o
                0x0000000008005cb6                Calculate_Parity
 .text.Verify_parity
                0x0000000008005ce0       0x60 ./Core/Src/Siemens.o
                0x0000000008005ce0                Verify_parity
 .text.Extract_Parity_Data
                0x0000000008005d40       0x7c ./Core/Src/Siemens.o
                0x0000000008005d40                Extract_Parity_Data
 .text.Insert_cal_parity
                0x0000000008005dbc       0xfc ./Core/Src/Siemens.o
                0x0000000008005dbc                Insert_cal_parity
 .text.Data_Compliment
                0x0000000008005eb8       0x32 ./Core/Src/Siemens.o
                0x0000000008005eb8                Data_Compliment
 *fill*         0x0000000008005eea        0x2 
 .text.CheckToSendReplyorNot
                0x0000000008005eec        0xc ./Core/Src/Siemens.o
                0x0000000008005eec                CheckToSendReplyorNot
 .text.Form_Siemens_Reply
                0x0000000008005ef8      0x220 ./Core/Src/Siemens.o
                0x0000000008005ef8                Form_Siemens_Reply
 .text.PrintSignals
                0x0000000008006118       0x88 ./Core/Src/Siemens.o
                0x0000000008006118                PrintSignals
 .text.Print_Siemens_MSG
                0x00000000080061a0      0x12c ./Core/Src/Siemens.o
                0x00000000080061a0                Print_Siemens_MSG
 .text.Siemens_Data_Analyser
                0x00000000080062cc      0x6d4 ./Core/Src/Siemens.o
                0x00000000080062cc                Siemens_Data_Analyser
 .text.GetTimeStamp
                0x00000000080069a0       0x68 ./Core/Src/Siemens.o
                0x00000000080069a0                GetTimeStamp
 .text.Process_SiemensEI
                0x0000000008006a08       0x68 ./Core/Src/Siemens.o
                0x0000000008006a08                Process_SiemensEI
 .text.UpdateSIGNALSNames
                0x0000000008006a70      0x394 ./Core/Src/Siemens.o
                0x0000000008006a70                UpdateSIGNALSNames
 .text.print_self_DetailsSiemens
                0x0000000008006e04      0x174 ./Core/Src/Siemens.o
                0x0000000008006e04                print_self_DetailsSiemens
 .text.HAL_Elaps_Ticks
                0x0000000008006f78       0x12 ./Core/Src/Ticks.o
                0x0000000008006f78                HAL_Elaps_Ticks
 *fill*         0x0000000008006f8a        0x2 
 .text.UDP_Receive_Callback
                0x0000000008006f8c      0x160 ./Core/Src/User_UDP.o
                0x0000000008006f8c                UDP_Receive_Callback
 .text.udpClient_connect
                0x00000000080070ec       0x9c ./Core/Src/User_UDP.o
                0x00000000080070ec                udpClient_connect
 .text.udpServer_init
                0x0000000008007188       0x68 ./Core/Src/User_UDP.o
                0x0000000008007188                udpServer_init
 .text.udpClient_send
                0x00000000080071f0       0x50 ./Core/Src/User_UDP.o
                0x00000000080071f0                udpClient_send
 .text.Is_There_EI_Data
                0x0000000008007240       0x18 ./Core/Src/User_UDP.o
                0x0000000008007240                Is_There_EI_Data
 .text.Get_Eth_Byte
                0x0000000008007258       0x3c ./Core/Src/User_UDP.o
                0x0000000008007258                Get_Eth_Byte
 .text.Udp_Send_SigInfo
                0x0000000008007294       0x48 ./Core/Src/User_UDP.o
                0x0000000008007294                Udp_Send_SigInfo
 .text.MX_CAN2_Init
                0x00000000080072dc       0x9c ./Core/Src/can.o
                0x00000000080072dc                MX_CAN2_Init
 .text.MX_CAN3_Init
                0x0000000008007378       0x74 ./Core/Src/can.o
                0x0000000008007378                MX_CAN3_Init
 .text.HAL_CAN_MspInit
                0x00000000080073ec      0x108 ./Core/Src/can.o
                0x00000000080073ec                HAL_CAN_MspInit
 .text.CAN_transmit
                0x00000000080074f4       0xfc ./Core/Src/can.o
                0x00000000080074f4                CAN_transmit
 .text.sendCanPkts
                0x00000000080075f0       0x2c ./Core/Src/can.o
                0x00000000080075f0                sendCanPkts
 .text.TransmitCanPkt
                0x000000000800761c      0x28c ./Core/Src/can.o
                0x000000000800761c                TransmitCanPkt
 .text.HAL_CAN_RxFifo0MsgPendingCallback
                0x00000000080078a8       0x74 ./Core/Src/can.o
                0x00000000080078a8                HAL_CAN_RxFifo0MsgPendingCallback
 .text.HAL_CAN_RxFifo1MsgPendingCallback
                0x000000000800791c       0x7c ./Core/Src/can.o
                0x000000000800791c                HAL_CAN_RxFifo1MsgPendingCallback
 .text.canDataReady
                0x0000000008007998       0x50 ./Core/Src/can.o
                0x0000000008007998                canDataReady
 .text.readCanToStructs
                0x00000000080079e8     0x1488 ./Core/Src/can.o
                0x00000000080079e8                readCanToStructs
 .text.GetCRC16
                0x0000000008008e70       0x4c ./Core/Src/crc.o
                0x0000000008008e70                GetCRC16
 .text.CheckCRC
                0x0000000008008ebc       0x48 ./Core/Src/crc.o
                0x0000000008008ebc                CheckCRC
 .text.ComputeCRC
                0x0000000008008f04       0x1a ./Core/Src/crc.o
                0x0000000008008f04                ComputeCRC
 .text.ReverseCRCPolynomial
                0x0000000008008f1e       0x18 ./Core/Src/crc.o
                0x0000000008008f1e                ReverseCRCPolynomial
 .text.AnsoldoCrc
                0x0000000008008f36       0x1e ./Core/Src/crc.o
                0x0000000008008f36                AnsoldoCrc
 .text.CalculateDirectReverseCrc
                0x0000000008008f54       0x50 ./Core/Src/crc.o
                0x0000000008008f54                CalculateDirectReverseCrc
 .text.MX_GPIO_Init
                0x0000000008008fa4      0x318 ./Core/Src/gpio.o
                0x0000000008008fa4                MX_GPIO_Init
 .text.Feed_wdt
                0x00000000080092bc       0x2c ./Core/Src/gpio.o
                0x00000000080092bc                Feed_wdt
 .text.Blink_S2
                0x00000000080092e8       0x28 ./Core/Src/gpio.o
                0x00000000080092e8                Blink_S2
 .text.MX_I2C1_Init
                0x0000000008009310       0x58 ./Core/Src/i2c.o
                0x0000000008009310                MX_I2C1_Init
 .text.MX_I2C2_Init
                0x0000000008009368       0x58 ./Core/Src/i2c.o
                0x0000000008009368                MX_I2C2_Init
 .text.HAL_I2C_MspInit
                0x00000000080093c0       0xec ./Core/Src/i2c.o
                0x00000000080093c0                HAL_I2C_MspInit
 .text.MX_IWDG_Init
                0x00000000080094ac       0x30 ./Core/Src/iwdg.o
                0x00000000080094ac                MX_IWDG_Init
 .text.SystemClock_Config
                0x00000000080094dc       0xa0 ./Core/Src/main.o
                0x00000000080094dc                SystemClock_Config
 .text.Get_Build_Details
                0x000000000800957c       0x8c ./Core/Src/main.o
                0x000000000800957c                Get_Build_Details
 .text.startup.main
                0x0000000008009608      0x20c ./Core/Src/main.o
                0x0000000008009608                main
 .text.Error_Handler
                0x0000000008009814        0x4 ./Core/Src/main.o
                0x0000000008009814                Error_Handler
 .text.MX_RNG_Init
                0x0000000008009818       0x20 ./Core/Src/rng.o
                0x0000000008009818                MX_RNG_Init
 .text.HAL_RNG_MspInit
                0x0000000008009838       0x4c ./Core/Src/rng.o
                0x0000000008009838                HAL_RNG_MspInit
 .text.MX_SPI1_Init
                0x0000000008009884       0x4c ./Core/Src/spi.o
                0x0000000008009884                MX_SPI1_Init
 .text.HAL_SPI_MspInit
                0x00000000080098d0       0xc0 ./Core/Src/spi.o
                0x00000000080098d0                HAL_SPI_MspInit
 .text.SPI_WriteInFlash
                0x0000000008009990      0x194 ./Core/Src/spi.o
                0x0000000008009990                SPI_WriteInFlash
 .text.SPI_MemoryEraseBySector
                0x0000000008009b24      0x178 ./Core/Src/spi.o
                0x0000000008009b24                SPI_MemoryEraseBySector
 .text.SPI_ReadFromFlash
                0x0000000008009c9c       0xb4 ./Core/Src/spi.o
                0x0000000008009c9c                SPI_ReadFromFlash
 .text.saveConfig
                0x0000000008009d50       0xa4 ./Core/Src/spi.o
                0x0000000008009d50                saveConfig
 .text.AutoLoadDat
                0x0000000008009df4       0xd0 ./Core/Src/spi.o
                0x0000000008009df4                AutoLoadDat
 .text.Data_Processing
                0x0000000008009ec4       0x2c ./Core/Src/spi.o
                0x0000000008009ec4                Data_Processing
 .text.Get_Config
                0x0000000008009ef0       0xd4 ./Core/Src/spi.o
                0x0000000008009ef0                Get_Config
 .text.Print_BuildDat_Details
                0x0000000008009fc4       0x68 ./Core/Src/spi.o
                0x0000000008009fc4                Print_BuildDat_Details
 .text.HAL_MspInit
                0x000000000800a02c       0x34 ./Core/Src/stm32f7xx_hal_msp.o
                0x000000000800a02c                HAL_MspInit
 .text.NMI_Handler
                0x000000000800a060        0x2 ./Core/Src/stm32f7xx_it.o
                0x000000000800a060                NMI_Handler
 .text.HardFault_Handler
                0x000000000800a062        0x2 ./Core/Src/stm32f7xx_it.o
                0x000000000800a062                HardFault_Handler
 .text.MemManage_Handler
                0x000000000800a064        0x2 ./Core/Src/stm32f7xx_it.o
                0x000000000800a064                MemManage_Handler
 .text.BusFault_Handler
                0x000000000800a066        0x2 ./Core/Src/stm32f7xx_it.o
                0x000000000800a066                BusFault_Handler
 .text.UsageFault_Handler
                0x000000000800a068        0x2 ./Core/Src/stm32f7xx_it.o
                0x000000000800a068                UsageFault_Handler
 .text.SVC_Handler
                0x000000000800a06a        0x2 ./Core/Src/stm32f7xx_it.o
                0x000000000800a06a                SVC_Handler
 .text.DebugMon_Handler
                0x000000000800a06c        0x2 ./Core/Src/stm32f7xx_it.o
                0x000000000800a06c                DebugMon_Handler
 .text.PendSV_Handler
                0x000000000800a06e        0x2 ./Core/Src/stm32f7xx_it.o
                0x000000000800a06e                PendSV_Handler
 .text.SysTick_Handler
                0x000000000800a070        0x4 ./Core/Src/stm32f7xx_it.o
                0x000000000800a070                SysTick_Handler
 .text.EXTI0_IRQHandler
                0x000000000800a074        0x6 ./Core/Src/stm32f7xx_it.o
                0x000000000800a074                EXTI0_IRQHandler
 .text.EXTI1_IRQHandler
                0x000000000800a07a        0x6 ./Core/Src/stm32f7xx_it.o
                0x000000000800a07a                EXTI1_IRQHandler
 .text.TIM4_IRQHandler
                0x000000000800a080        0xc ./Core/Src/stm32f7xx_it.o
                0x000000000800a080                TIM4_IRQHandler
 .text.USART1_IRQHandler
                0x000000000800a08c        0xc ./Core/Src/stm32f7xx_it.o
                0x000000000800a08c                USART1_IRQHandler
 .text.TIM5_IRQHandler
                0x000000000800a098        0xc ./Core/Src/stm32f7xx_it.o
                0x000000000800a098                TIM5_IRQHandler
 .text.UART4_IRQHandler
                0x000000000800a0a4        0xc ./Core/Src/stm32f7xx_it.o
                0x000000000800a0a4                UART4_IRQHandler
 .text.UART5_IRQHandler
                0x000000000800a0b0        0xc ./Core/Src/stm32f7xx_it.o
                0x000000000800a0b0                UART5_IRQHandler
 .text.TIM6_DAC_IRQHandler
                0x000000000800a0bc        0xc ./Core/Src/stm32f7xx_it.o
                0x000000000800a0bc                TIM6_DAC_IRQHandler
 .text.TIM7_IRQHandler
                0x000000000800a0c8        0xc ./Core/Src/stm32f7xx_it.o
                0x000000000800a0c8                TIM7_IRQHandler
 .text.ETH_IRQHandler
                0x000000000800a0d4        0xc ./Core/Src/stm32f7xx_it.o
                0x000000000800a0d4                ETH_IRQHandler
 .text.CAN2_RX0_IRQHandler
                0x000000000800a0e0        0xc ./Core/Src/stm32f7xx_it.o
                0x000000000800a0e0                CAN2_RX0_IRQHandler
 .text.CAN2_RX1_IRQHandler
                0x000000000800a0ec        0x4 ./Core/Src/stm32f7xx_it.o
                0x000000000800a0ec                CAN2_RX1_IRQHandler
 .text.UART7_IRQHandler
                0x000000000800a0f0        0xc ./Core/Src/stm32f7xx_it.o
                0x000000000800a0f0                UART7_IRQHandler
 .text.CAN3_RX0_IRQHandler
                0x000000000800a0fc        0xc ./Core/Src/stm32f7xx_it.o
                0x000000000800a0fc                CAN3_RX0_IRQHandler
 .text.CAN3_RX1_IRQHandler
                0x000000000800a108        0x4 ./Core/Src/stm32f7xx_it.o
                0x000000000800a108                CAN3_RX1_IRQHandler
 .text._getpid  0x000000000800a10c        0x4 ./Core/Src/syscalls.o
                0x000000000800a10c                _getpid
 .text._kill    0x000000000800a110       0x10 ./Core/Src/syscalls.o
                0x000000000800a110                _kill
 .text._exit    0x000000000800a120        0xc ./Core/Src/syscalls.o
                0x000000000800a120                _exit
 .text._read    0x000000000800a12c       0x1c ./Core/Src/syscalls.o
                0x000000000800a12c                _read
 .text._write   0x000000000800a148       0x1c ./Core/Src/syscalls.o
                0x000000000800a148                _write
 .text._close   0x000000000800a164        0x6 ./Core/Src/syscalls.o
                0x000000000800a164                _close
 .text._fstat   0x000000000800a16a        0xa ./Core/Src/syscalls.o
                0x000000000800a16a                _fstat
 .text._isatty  0x000000000800a174        0x4 ./Core/Src/syscalls.o
                0x000000000800a174                _isatty
 .text._lseek   0x000000000800a178        0x4 ./Core/Src/syscalls.o
                0x000000000800a178                _lseek
 .text._sbrk    0x000000000800a17c       0x40 ./Core/Src/sysmem.o
                0x000000000800a17c                _sbrk
 .text.SystemInit
                0x000000000800a1bc       0x14 ./Core/Src/system_stm32f7xx.o
                0x000000000800a1bc                SystemInit
 .text.MX_USART1_UART_Init
                0x000000000800a1d0       0x48 ./Core/Src/usart.o
                0x000000000800a1d0                MX_USART1_UART_Init
 .text.HAL_UART_MspInit
                0x000000000800a218      0x218 ./Core/Src/usart.o
                0x000000000800a218                HAL_UART_MspInit
 .text.UART4_Init
                0x000000000800a430       0x44 ./Core/Src/usart.o
                0x000000000800a430                UART4_Init
 .text.HAL_UARTEx_RxEventCallback
                0x000000000800a474      0x170 ./Core/Src/usart.o
                0x000000000800a474                HAL_UARTEx_RxEventCallback
 .text.Com_DataReady
                0x000000000800a5e4       0x28 ./Core/Src/usart.o
                0x000000000800a5e4                Com_DataReady
 .text.Com_Get_Byte
                0x000000000800a60c       0x48 ./Core/Src/usart.o
                0x000000000800a60c                Com_Get_Byte
 .text.Com_SendByte
                0x000000000800a654       0x64 ./Core/Src/usart.o
                0x000000000800a654                Com_SendByte
 .text.CommTransmitMessage
                0x000000000800a6b8       0x64 ./Core/Src/usart.o
                0x000000000800a6b8                CommTransmitMessage
 .text.Enable_UART_Interrupts
                0x000000000800a71c       0x50 ./Core/Src/usart.o
                0x000000000800a71c                Enable_UART_Interrupts
 .text.Reset_Handler
                0x000000000800a76c       0x50 ./Core/Startup/startup_stm32f769bitx.o
                0x000000000800a76c                Reset_Handler
 .text.Default_Handler
                0x000000000800a7bc        0x2 ./Core/Startup/startup_stm32f769bitx.o
                0x000000000800a7bc                RTC_Alarm_IRQHandler
                0x000000000800a7bc                EXTI2_IRQHandler
                0x000000000800a7bc                TIM8_CC_IRQHandler
                0x000000000800a7bc                UART8_IRQHandler
                0x000000000800a7bc                SPI4_IRQHandler
                0x000000000800a7bc                TIM1_CC_IRQHandler
                0x000000000800a7bc                DMA2_Stream5_IRQHandler
                0x000000000800a7bc                JPEG_IRQHandler
                0x000000000800a7bc                DMA1_Stream5_IRQHandler
                0x000000000800a7bc                PVD_IRQHandler
                0x000000000800a7bc                TAMP_STAMP_IRQHandler
                0x000000000800a7bc                EXTI3_IRQHandler
                0x000000000800a7bc                TIM8_TRG_COM_TIM14_IRQHandler
                0x000000000800a7bc                DFSDM1_FLT1_IRQHandler
                0x000000000800a7bc                TIM1_UP_TIM10_IRQHandler
                0x000000000800a7bc                TIM8_UP_TIM13_IRQHandler
                0x000000000800a7bc                I2C3_ER_IRQHandler
                0x000000000800a7bc                DFSDM1_FLT2_IRQHandler
                0x000000000800a7bc                I2C2_EV_IRQHandler
                0x000000000800a7bc                DMA1_Stream2_IRQHandler
                0x000000000800a7bc                CAN1_RX0_IRQHandler
                0x000000000800a7bc                FPU_IRQHandler
                0x000000000800a7bc                OTG_HS_WKUP_IRQHandler
                0x000000000800a7bc                CAN3_SCE_IRQHandler
                0x000000000800a7bc                LTDC_ER_IRQHandler
                0x000000000800a7bc                CAN2_SCE_IRQHandler
                0x000000000800a7bc                DMA2_Stream2_IRQHandler
                0x000000000800a7bc                SPI1_IRQHandler
                0x000000000800a7bc                TIM1_BRK_TIM9_IRQHandler
                0x000000000800a7bc                DCMI_IRQHandler
                0x000000000800a7bc                DMA2_Stream3_IRQHandler
                0x000000000800a7bc                SAI2_IRQHandler
                0x000000000800a7bc                DFSDM1_FLT3_IRQHandler
                0x000000000800a7bc                USART6_IRQHandler
                0x000000000800a7bc                USART3_IRQHandler
                0x000000000800a7bc                CAN1_RX1_IRQHandler
                0x000000000800a7bc                DMA2_Stream0_IRQHandler
                0x000000000800a7bc                QUADSPI_IRQHandler
                0x000000000800a7bc                I2C1_EV_IRQHandler
                0x000000000800a7bc                DMA1_Stream6_IRQHandler
                0x000000000800a7bc                DMA1_Stream1_IRQHandler
                0x000000000800a7bc                TIM3_IRQHandler
                0x000000000800a7bc                RCC_IRQHandler
                0x000000000800a7bc                TIM8_BRK_TIM12_IRQHandler
                0x000000000800a7bc                Default_Handler
                0x000000000800a7bc                CEC_IRQHandler
                0x000000000800a7bc                EXTI15_10_IRQHandler
                0x000000000800a7bc                ADC_IRQHandler
                0x000000000800a7bc                DMA1_Stream7_IRQHandler
                0x000000000800a7bc                SPI5_IRQHandler
                0x000000000800a7bc                SDMMC1_IRQHandler
                0x000000000800a7bc                CAN2_TX_IRQHandler
                0x000000000800a7bc                DMA2_Stream7_IRQHandler
                0x000000000800a7bc                I2C3_EV_IRQHandler
                0x000000000800a7bc                EXTI9_5_IRQHandler
                0x000000000800a7bc                RTC_WKUP_IRQHandler
                0x000000000800a7bc                LTDC_IRQHandler
                0x000000000800a7bc                ETH_WKUP_IRQHandler
                0x000000000800a7bc                SPDIF_RX_IRQHandler
                0x000000000800a7bc                SPI2_IRQHandler
                0x000000000800a7bc                OTG_HS_EP1_IN_IRQHandler
                0x000000000800a7bc                DMA1_Stream0_IRQHandler
                0x000000000800a7bc                CAN1_TX_IRQHandler
                0x000000000800a7bc                EXTI4_IRQHandler
                0x000000000800a7bc                RNG_IRQHandler
                0x000000000800a7bc                DSI_IRQHandler
                0x000000000800a7bc                OTG_HS_EP1_OUT_IRQHandler
                0x000000000800a7bc                WWDG_IRQHandler
                0x000000000800a7bc                SPI6_IRQHandler
                0x000000000800a7bc                MDIOS_IRQHandler
                0x000000000800a7bc                I2C4_EV_IRQHandler
                0x000000000800a7bc                CAN3_TX_IRQHandler
                0x000000000800a7bc                TIM2_IRQHandler
                0x000000000800a7bc                OTG_FS_WKUP_IRQHandler
                0x000000000800a7bc                TIM1_TRG_COM_TIM11_IRQHandler
                0x000000000800a7bc                OTG_HS_IRQHandler
                0x000000000800a7bc                DMA2D_IRQHandler
                0x000000000800a7bc                SDMMC2_IRQHandler
                0x000000000800a7bc                USART2_IRQHandler
                0x000000000800a7bc                DFSDM1_FLT0_IRQHandler
                0x000000000800a7bc                I2C2_ER_IRQHandler
                0x000000000800a7bc                DMA2_Stream1_IRQHandler
                0x000000000800a7bc                CAN1_SCE_IRQHandler
                0x000000000800a7bc                FLASH_IRQHandler
                0x000000000800a7bc                DMA2_Stream4_IRQHandler
                0x000000000800a7bc                OTG_FS_IRQHandler
                0x000000000800a7bc                SPI3_IRQHandler
                0x000000000800a7bc                DMA1_Stream4_IRQHandler
                0x000000000800a7bc                I2C1_ER_IRQHandler
                0x000000000800a7bc                FMC_IRQHandler
                0x000000000800a7bc                LPTIM1_IRQHandler
                0x000000000800a7bc                I2C4_ER_IRQHandler
                0x000000000800a7bc                DMA2_Stream6_IRQHandler
                0x000000000800a7bc                SAI1_IRQHandler
                0x000000000800a7bc                DMA1_Stream3_IRQHandler
 .text.DP83848_RegisterBusIO
                0x000000000800a7be       0x28 ./Drivers/BSP/Components/dp83848/dp83848.o
                0x000000000800a7be                DP83848_RegisterBusIO
 .text.DP83848_Init
                0x000000000800a7e6       0xc2 ./Drivers/BSP/Components/dp83848/dp83848.o
                0x000000000800a7e6                DP83848_Init
 .text.DP83848_GetLinkState
                0x000000000800a8a8       0x94 ./Drivers/BSP/Components/dp83848/dp83848.o
                0x000000000800a8a8                DP83848_GetLinkState
 .text.HAL_InitTick
                0x000000000800a93c       0x48 ./Drivers/STM32F7xx_HAL_Driver/Src/stm32f7xx_hal.o
                0x000000000800a93c                HAL_InitTick
 .text.HAL_Init
                0x000000000800a984       0x2c ./Drivers/STM32F7xx_HAL_Driver/Src/stm32f7xx_hal.o
                0x000000000800a984                HAL_Init
 .text.HAL_IncTick
                0x000000000800a9b0       0x18 ./Drivers/STM32F7xx_HAL_Driver/Src/stm32f7xx_hal.o
                0x000000000800a9b0                HAL_IncTick
 .text.HAL_GetTick
                0x000000000800a9c8        0xc ./Drivers/STM32F7xx_HAL_Driver/Src/stm32f7xx_hal.o
                0x000000000800a9c8                HAL_GetTick
 .text.HAL_Delay
                0x000000000800a9d4       0x24 ./Drivers/STM32F7xx_HAL_Driver/Src/stm32f7xx_hal.o
                0x000000000800a9d4                HAL_Delay
 .text.HAL_CAN_ErrorCallback
                0x000000000800a9f8        0x2 ./Drivers/STM32F7xx_HAL_Driver/Src/stm32f7xx_hal_can.o
                0x000000000800a9f8                HAL_CAN_ErrorCallback
 .text.HAL_CAN_TxMailbox0CompleteCallback
                0x000000000800a9fa        0x2 ./Drivers/STM32F7xx_HAL_Driver/Src/stm32f7xx_hal_can.o
                0x000000000800a9fa                HAL_CAN_TxMailbox0CompleteCallback
 .text.HAL_CAN_TxMailbox1CompleteCallback
                0x000000000800a9fc        0x2 ./Drivers/STM32F7xx_HAL_Driver/Src/stm32f7xx_hal_can.o
                0x000000000800a9fc                HAL_CAN_TxMailbox1CompleteCallback
 .text.HAL_CAN_TxMailbox2CompleteCallback
                0x000000000800a9fe        0x2 ./Drivers/STM32F7xx_HAL_Driver/Src/stm32f7xx_hal_can.o
                0x000000000800a9fe                HAL_CAN_TxMailbox2CompleteCallback
 .text.HAL_CAN_TxMailbox0AbortCallback
                0x000000000800aa00        0x2 ./Drivers/STM32F7xx_HAL_Driver/Src/stm32f7xx_hal_can.o
                0x000000000800aa00                HAL_CAN_TxMailbox0AbortCallback
 .text.HAL_CAN_TxMailbox1AbortCallback
                0x000000000800aa02        0x2 ./Drivers/STM32F7xx_HAL_Driver/Src/stm32f7xx_hal_can.o
                0x000000000800aa02                HAL_CAN_TxMailbox1AbortCallback
 .text.HAL_CAN_TxMailbox2AbortCallback
                0x000000000800aa04        0x2 ./Drivers/STM32F7xx_HAL_Driver/Src/stm32f7xx_hal_can.o
                0x000000000800aa04                HAL_CAN_TxMailbox2AbortCallback
 .text.HAL_CAN_RxFifo0FullCallback
                0x000000000800aa06        0x2 ./Drivers/STM32F7xx_HAL_Driver/Src/stm32f7xx_hal_can.o
                0x000000000800aa06                HAL_CAN_RxFifo0FullCallback
 .text.HAL_CAN_RxFifo1FullCallback
                0x000000000800aa08        0x2 ./Drivers/STM32F7xx_HAL_Driver/Src/stm32f7xx_hal_can.o
                0x000000000800aa08                HAL_CAN_RxFifo1FullCallback
 .text.HAL_CAN_SleepCallback
                0x000000000800aa0a        0x2 ./Drivers/STM32F7xx_HAL_Driver/Src/stm32f7xx_hal_can.o
                0x000000000800aa0a                HAL_CAN_SleepCallback
 .text.HAL_CAN_WakeUpFromRxMsgCallback
                0x000000000800aa0c        0x2 ./Drivers/STM32F7xx_HAL_Driver/Src/stm32f7xx_hal_can.o
                0x000000000800aa0c                HAL_CAN_WakeUpFromRxMsgCallback
 *fill*         0x000000000800aa0e        0x2 
 .text.HAL_CAN_Init
                0x000000000800aa10      0x170 ./Drivers/STM32F7xx_HAL_Driver/Src/stm32f7xx_hal_can.o
                0x000000000800aa10                HAL_CAN_Init
 .text.HAL_CAN_ConfigFilter
                0x000000000800ab80      0x110 ./Drivers/STM32F7xx_HAL_Driver/Src/stm32f7xx_hal_can.o
                0x000000000800ab80                HAL_CAN_ConfigFilter
 .text.HAL_CAN_Start
                0x000000000800ac90       0x5c ./Drivers/STM32F7xx_HAL_Driver/Src/stm32f7xx_hal_can.o
                0x000000000800ac90                HAL_CAN_Start
 .text.HAL_CAN_AddTxMessage
                0x000000000800acec       0x90 ./Drivers/STM32F7xx_HAL_Driver/Src/stm32f7xx_hal_can.o
                0x000000000800acec                HAL_CAN_AddTxMessage
 .text.HAL_CAN_IsTxMessagePending
                0x000000000800ad7c       0x22 ./Drivers/STM32F7xx_HAL_Driver/Src/stm32f7xx_hal_can.o
                0x000000000800ad7c                HAL_CAN_IsTxMessagePending
 .text.HAL_CAN_GetRxMessage
                0x000000000800ad9e       0xee ./Drivers/STM32F7xx_HAL_Driver/Src/stm32f7xx_hal_can.o
                0x000000000800ad9e                HAL_CAN_GetRxMessage
 .text.HAL_CAN_ActivateNotification
                0x000000000800ae8c       0x22 ./Drivers/STM32F7xx_HAL_Driver/Src/stm32f7xx_hal_can.o
                0x000000000800ae8c                HAL_CAN_ActivateNotification
 .text.HAL_CAN_IRQHandler
                0x000000000800aeae      0x206 ./Drivers/STM32F7xx_HAL_Driver/Src/stm32f7xx_hal_can.o
                0x000000000800aeae                HAL_CAN_IRQHandler
 .text.HAL_NVIC_SetPriorityGrouping
                0x000000000800b0b4       0x24 ./Drivers/STM32F7xx_HAL_Driver/Src/stm32f7xx_hal_cortex.o
                0x000000000800b0b4                HAL_NVIC_SetPriorityGrouping
 .text.HAL_NVIC_SetPriority
                0x000000000800b0d8       0x64 ./Drivers/STM32F7xx_HAL_Driver/Src/stm32f7xx_hal_cortex.o
                0x000000000800b0d8                HAL_NVIC_SetPriority
 .text.HAL_NVIC_EnableIRQ
                0x000000000800b13c       0x1c ./Drivers/STM32F7xx_HAL_Driver/Src/stm32f7xx_hal_cortex.o
                0x000000000800b13c                HAL_NVIC_EnableIRQ
 .text.HAL_SYSTICK_Config
                0x000000000800b158       0x28 ./Drivers/STM32F7xx_HAL_Driver/Src/stm32f7xx_hal_cortex.o
                0x000000000800b158                HAL_SYSTICK_Config
 .text.HAL_MPU_Disable
                0x000000000800b180       0x1c ./Drivers/STM32F7xx_HAL_Driver/Src/stm32f7xx_hal_cortex.o
                0x000000000800b180                HAL_MPU_Disable
 .text.HAL_MPU_Enable
                0x000000000800b19c       0x20 ./Drivers/STM32F7xx_HAL_Driver/Src/stm32f7xx_hal_cortex.o
                0x000000000800b19c                HAL_MPU_Enable
 .text.HAL_MPU_ConfigRegion
                0x000000000800b1bc       0x58 ./Drivers/STM32F7xx_HAL_Driver/Src/stm32f7xx_hal_cortex.o
                0x000000000800b1bc                HAL_MPU_ConfigRegion
 .text.HAL_DMA_Abort
                0x000000000800b214       0x88 ./Drivers/STM32F7xx_HAL_Driver/Src/stm32f7xx_hal_dma.o
                0x000000000800b214                HAL_DMA_Abort
 .text.HAL_DMA_Abort_IT
                0x000000000800b29c       0x24 ./Drivers/STM32F7xx_HAL_Driver/Src/stm32f7xx_hal_dma.o
                0x000000000800b29c                HAL_DMA_Abort_IT
 .text.ETH_Prepare_Tx_Descriptors
                0x000000000800b2c0      0x154 ./Drivers/STM32F7xx_HAL_Driver/Src/stm32f7xx_hal_eth.o
 .text.ETH_SetMACConfig
                0x000000000800b414      0x108 ./Drivers/STM32F7xx_HAL_Driver/Src/stm32f7xx_hal_eth.o
 .text.ETH_SetDMAConfig
                0x000000000800b51c       0xac ./Drivers/STM32F7xx_HAL_Driver/Src/stm32f7xx_hal_eth.o
 .text.ETH_FlushTransmitFIFO
                0x000000000800b5c8       0x2e ./Drivers/STM32F7xx_HAL_Driver/Src/stm32f7xx_hal_eth.o
 *fill*         0x000000000800b5f6        0x2 
 .text.ETH_UpdateDescriptor
                0x000000000800b5f8       0x90 ./Drivers/STM32F7xx_HAL_Driver/Src/stm32f7xx_hal_eth.o
 .text.HAL_ETH_Init
                0x000000000800b688      0x1d4 ./Drivers/STM32F7xx_HAL_Driver/Src/stm32f7xx_hal_eth.o
                0x000000000800b688                HAL_ETH_Init
 .text.HAL_ETH_Start
                0x000000000800b85c       0x6c ./Drivers/STM32F7xx_HAL_Driver/Src/stm32f7xx_hal_eth.o
                0x000000000800b85c                HAL_ETH_Start
 .text.HAL_ETH_Stop
                0x000000000800b8c8       0x64 ./Drivers/STM32F7xx_HAL_Driver/Src/stm32f7xx_hal_eth.o
                0x000000000800b8c8                HAL_ETH_Stop
 .text.HAL_ETH_Transmit
                0x000000000800b92c       0xb0 ./Drivers/STM32F7xx_HAL_Driver/Src/stm32f7xx_hal_eth.o
                0x000000000800b92c                HAL_ETH_Transmit
 .text.HAL_ETH_ReadData
                0x000000000800b9dc       0xfa ./Drivers/STM32F7xx_HAL_Driver/Src/stm32f7xx_hal_eth.o
                0x000000000800b9dc                HAL_ETH_ReadData
 .text.HAL_ETH_TxCpltCallback
                0x000000000800bad6        0x2 ./Drivers/STM32F7xx_HAL_Driver/Src/stm32f7xx_hal_eth.o
                0x000000000800bad6                HAL_ETH_TxCpltCallback
 .text.HAL_ETH_RxCpltCallback
                0x000000000800bad8        0x2 ./Drivers/STM32F7xx_HAL_Driver/Src/stm32f7xx_hal_eth.o
                0x000000000800bad8                HAL_ETH_RxCpltCallback
 .text.HAL_ETH_ErrorCallback
                0x000000000800bada        0x2 ./Drivers/STM32F7xx_HAL_Driver/Src/stm32f7xx_hal_eth.o
                0x000000000800bada                HAL_ETH_ErrorCallback
 .text.HAL_ETH_PMTCallback
                0x000000000800badc        0x2 ./Drivers/STM32F7xx_HAL_Driver/Src/stm32f7xx_hal_eth.o
                0x000000000800badc                HAL_ETH_PMTCallback
 .text.HAL_ETH_WakeUpCallback
                0x000000000800bade        0x2 ./Drivers/STM32F7xx_HAL_Driver/Src/stm32f7xx_hal_eth.o
                0x000000000800bade                HAL_ETH_WakeUpCallback
 .text.HAL_ETH_IRQHandler
                0x000000000800bae0       0xd8 ./Drivers/STM32F7xx_HAL_Driver/Src/stm32f7xx_hal_eth.o
                0x000000000800bae0                HAL_ETH_IRQHandler
 .text.HAL_ETH_ReadPHYRegister
                0x000000000800bbb8       0x50 ./Drivers/STM32F7xx_HAL_Driver/Src/stm32f7xx_hal_eth.o
                0x000000000800bbb8                HAL_ETH_ReadPHYRegister
 .text.HAL_ETH_WritePHYRegister
                0x000000000800bc08       0x4a ./Drivers/STM32F7xx_HAL_Driver/Src/stm32f7xx_hal_eth.o
                0x000000000800bc08                HAL_ETH_WritePHYRegister
 .text.HAL_ETH_GetMACConfig
                0x000000000800bc52       0xc4 ./Drivers/STM32F7xx_HAL_Driver/Src/stm32f7xx_hal_eth.o
                0x000000000800bc52                HAL_ETH_GetMACConfig
 .text.HAL_ETH_SetMACConfig
                0x000000000800bd16       0x18 ./Drivers/STM32F7xx_HAL_Driver/Src/stm32f7xx_hal_eth.o
                0x000000000800bd16                HAL_ETH_SetMACConfig
 *fill*         0x000000000800bd2e        0x2 
 .text.HAL_ETH_SetMDIOClockRange
                0x000000000800bd30       0x74 ./Drivers/STM32F7xx_HAL_Driver/Src/stm32f7xx_hal_eth.o
                0x000000000800bd30                HAL_ETH_SetMDIOClockRange
 .text.HAL_GPIO_Init
                0x000000000800bda4      0x1c8 ./Drivers/STM32F7xx_HAL_Driver/Src/stm32f7xx_hal_gpio.o
                0x000000000800bda4                HAL_GPIO_Init
 .text.HAL_GPIO_ReadPin
                0x000000000800bf6c        0xc ./Drivers/STM32F7xx_HAL_Driver/Src/stm32f7xx_hal_gpio.o
                0x000000000800bf6c                HAL_GPIO_ReadPin
 .text.HAL_GPIO_WritePin
                0x000000000800bf78        0xa ./Drivers/STM32F7xx_HAL_Driver/Src/stm32f7xx_hal_gpio.o
                0x000000000800bf78                HAL_GPIO_WritePin
 .text.HAL_GPIO_TogglePin
                0x000000000800bf82       0x12 ./Drivers/STM32F7xx_HAL_Driver/Src/stm32f7xx_hal_gpio.o
                0x000000000800bf82                HAL_GPIO_TogglePin
 .text.HAL_GPIO_EXTI_Callback
                0x000000000800bf94        0x2 ./Drivers/STM32F7xx_HAL_Driver/Src/stm32f7xx_hal_gpio.o
                0x000000000800bf94                HAL_GPIO_EXTI_Callback
 *fill*         0x000000000800bf96        0x2 
 .text.HAL_GPIO_EXTI_IRQHandler
                0x000000000800bf98       0x18 ./Drivers/STM32F7xx_HAL_Driver/Src/stm32f7xx_hal_gpio.o
                0x000000000800bf98                HAL_GPIO_EXTI_IRQHandler
 .text.I2C_Flush_TXDR
                0x000000000800bfb0       0x1c ./Drivers/STM32F7xx_HAL_Driver/Src/stm32f7xx_hal_i2c.o
 .text.I2C_TransferConfig
                0x000000000800bfcc       0x2c ./Drivers/STM32F7xx_HAL_Driver/Src/stm32f7xx_hal_i2c.o
 .text.I2C_IsErrorOccurred
                0x000000000800bff8      0x102 ./Drivers/STM32F7xx_HAL_Driver/Src/stm32f7xx_hal_i2c.o
 .text.I2C_WaitOnTXISFlagUntilTimeout
                0x000000000800c0fa       0x4e ./Drivers/STM32F7xx_HAL_Driver/Src/stm32f7xx_hal_i2c.o
 .text.I2C_WaitOnFlagUntilTimeout
                0x000000000800c148       0x54 ./Drivers/STM32F7xx_HAL_Driver/Src/stm32f7xx_hal_i2c.o
 .text.I2C_WaitOnSTOPFlagUntilTimeout
                0x000000000800c19c       0x4a ./Drivers/STM32F7xx_HAL_Driver/Src/stm32f7xx_hal_i2c.o
 .text.HAL_I2C_Init
                0x000000000800c1e6       0xa2 ./Drivers/STM32F7xx_HAL_Driver/Src/stm32f7xx_hal_i2c.o
                0x000000000800c1e6                HAL_I2C_Init
 .text.HAL_I2C_Mem_Write
                0x000000000800c288      0x1b4 ./Drivers/STM32F7xx_HAL_Driver/Src/stm32f7xx_hal_i2c.o
                0x000000000800c288                HAL_I2C_Mem_Write
 .text.HAL_I2C_Mem_Read
                0x000000000800c43c      0x1bc ./Drivers/STM32F7xx_HAL_Driver/Src/stm32f7xx_hal_i2c.o
                0x000000000800c43c                HAL_I2C_Mem_Read
 .text.HAL_I2CEx_ConfigAnalogFilter
                0x000000000800c5f8       0x4c ./Drivers/STM32F7xx_HAL_Driver/Src/stm32f7xx_hal_i2c_ex.o
                0x000000000800c5f8                HAL_I2CEx_ConfigAnalogFilter
 .text.HAL_I2CEx_ConfigDigitalFilter
                0x000000000800c644       0x4a ./Drivers/STM32F7xx_HAL_Driver/Src/stm32f7xx_hal_i2c_ex.o
                0x000000000800c644                HAL_I2CEx_ConfigDigitalFilter
 .text.HAL_IWDG_Init
                0x000000000800c68e       0x5c ./Drivers/STM32F7xx_HAL_Driver/Src/stm32f7xx_hal_iwdg.o
                0x000000000800c68e                HAL_IWDG_Init
 .text.HAL_IWDG_Refresh
                0x000000000800c6ea        0xc ./Drivers/STM32F7xx_HAL_Driver/Src/stm32f7xx_hal_iwdg.o
                0x000000000800c6ea                HAL_IWDG_Refresh
 *fill*         0x000000000800c6f6        0x2 
 .text.HAL_RCC_OscConfig
                0x000000000800c6f8      0x38c ./Drivers/STM32F7xx_HAL_Driver/Src/stm32f7xx_hal_rcc.o
                0x000000000800c6f8                HAL_RCC_OscConfig
 .text.HAL_RCC_GetSysClockFreq
                0x000000000800ca84       0x5c ./Drivers/STM32F7xx_HAL_Driver/Src/stm32f7xx_hal_rcc.o
                0x000000000800ca84                HAL_RCC_GetSysClockFreq
 .text.HAL_RCC_ClockConfig
                0x000000000800cae0      0x140 ./Drivers/STM32F7xx_HAL_Driver/Src/stm32f7xx_hal_rcc.o
                0x000000000800cae0                HAL_RCC_ClockConfig
 .text.HAL_RCC_GetHCLKFreq
                0x000000000800cc20        0xc ./Drivers/STM32F7xx_HAL_Driver/Src/stm32f7xx_hal_rcc.o
                0x000000000800cc20                HAL_RCC_GetHCLKFreq
 .text.HAL_RCC_GetPCLK1Freq
                0x000000000800cc2c       0x20 ./Drivers/STM32F7xx_HAL_Driver/Src/stm32f7xx_hal_rcc.o
                0x000000000800cc2c                HAL_RCC_GetPCLK1Freq
 .text.HAL_RCC_GetPCLK2Freq
                0x000000000800cc4c       0x20 ./Drivers/STM32F7xx_HAL_Driver/Src/stm32f7xx_hal_rcc.o
                0x000000000800cc4c                HAL_RCC_GetPCLK2Freq
 .text.HAL_RCCEx_PeriphCLKConfig
                0x000000000800cc6c      0x558 ./Drivers/STM32F7xx_HAL_Driver/Src/stm32f7xx_hal_rcc_ex.o
                0x000000000800cc6c                HAL_RCCEx_PeriphCLKConfig
 .text.HAL_RNG_Init
                0x000000000800d1c4       0x30 ./Drivers/STM32F7xx_HAL_Driver/Src/stm32f7xx_hal_rng.o
                0x000000000800d1c4                HAL_RNG_Init
 .text.HAL_RNG_GenerateRandomNumber
                0x000000000800d1f4       0x68 ./Drivers/STM32F7xx_HAL_Driver/Src/stm32f7xx_hal_rng.o
                0x000000000800d1f4                HAL_RNG_GenerateRandomNumber
 .text.HAL_RNG_GetRandomNumber
                0x000000000800d25c       0x16 ./Drivers/STM32F7xx_HAL_Driver/Src/stm32f7xx_hal_rng.o
                0x000000000800d25c                HAL_RNG_GetRandomNumber
 *fill*         0x000000000800d272        0x2 
 .text.SPI_WaitFlagStateUntilTimeout.constprop.0
                0x000000000800d274       0xa4 ./Drivers/STM32F7xx_HAL_Driver/Src/stm32f7xx_hal_spi.o
 .text.SPI_WaitFifoStateUntilTimeout.constprop.0
                0x000000000800d318       0xcc ./Drivers/STM32F7xx_HAL_Driver/Src/stm32f7xx_hal_spi.o
 .text.SPI_EndRxTransaction
                0x000000000800d3e4       0x9c ./Drivers/STM32F7xx_HAL_Driver/Src/stm32f7xx_hal_spi.o
 .text.SPI_EndRxTxTransaction
                0x000000000800d480       0x84 ./Drivers/STM32F7xx_HAL_Driver/Src/stm32f7xx_hal_spi.o
 .text.HAL_SPI_Init
                0x000000000800d504       0xdc ./Drivers/STM32F7xx_HAL_Driver/Src/stm32f7xx_hal_spi.o
                0x000000000800d504                HAL_SPI_Init
 .text.HAL_SPI_Transmit
                0x000000000800d5e0      0x192 ./Drivers/STM32F7xx_HAL_Driver/Src/stm32f7xx_hal_spi.o
                0x000000000800d5e0                HAL_SPI_Transmit
 .text.HAL_SPI_TransmitReceive
                0x000000000800d772      0x258 ./Drivers/STM32F7xx_HAL_Driver/Src/stm32f7xx_hal_spi.o
                0x000000000800d772                HAL_SPI_TransmitReceive
 .text.HAL_SPI_Receive
                0x000000000800d9ca      0x170 ./Drivers/STM32F7xx_HAL_Driver/Src/stm32f7xx_hal_spi.o
                0x000000000800d9ca                HAL_SPI_Receive
 .text.HAL_TIM_IRQHandler
                0x000000000800db3a      0x17a ./Drivers/STM32F7xx_HAL_Driver/Src/stm32f7xx_hal_tim.o
                0x000000000800db3a                HAL_TIM_IRQHandler
 .text.HAL_UARTEx_WakeupCallback
                0x000000000800dcb4        0x2 ./Drivers/STM32F7xx_HAL_Driver/Src/stm32f7xx_hal_uart.o
                0x000000000800dcb4                HAL_UARTEx_WakeupCallback
 .text.UART_EndRxTransfer
                0x000000000800dcb6       0x50 ./Drivers/STM32F7xx_HAL_Driver/Src/stm32f7xx_hal_uart.o
 .text.UART_DMAAbortOnError
                0x000000000800dd06       0x12 ./Drivers/STM32F7xx_HAL_Driver/Src/stm32f7xx_hal_uart.o
 .text.UART_RxISR_8BIT
                0x000000000800dd18       0xa2 ./Drivers/STM32F7xx_HAL_Driver/Src/stm32f7xx_hal_uart.o
 .text.UART_RxISR_16BIT
                0x000000000800ddba       0x9c ./Drivers/STM32F7xx_HAL_Driver/Src/stm32f7xx_hal_uart.o
 .text.HAL_UART_AbortReceiveCpltCallback
                0x000000000800de56        0x2 ./Drivers/STM32F7xx_HAL_Driver/Src/stm32f7xx_hal_uart.o
                0x000000000800de56                HAL_UART_AbortReceiveCpltCallback
 .text.HAL_UART_TxCpltCallback
                0x000000000800de58        0x2 ./Drivers/STM32F7xx_HAL_Driver/Src/stm32f7xx_hal_uart.o
                0x000000000800de58                HAL_UART_TxCpltCallback
 .text.HAL_UART_TxHalfCpltCallback
                0x000000000800de5a        0x2 ./Drivers/STM32F7xx_HAL_Driver/Src/stm32f7xx_hal_uart.o
                0x000000000800de5a                HAL_UART_TxHalfCpltCallback
 .text.HAL_UART_RxCpltCallback
                0x000000000800de5c        0x2 ./Drivers/STM32F7xx_HAL_Driver/Src/stm32f7xx_hal_uart.o
                0x000000000800de5c                HAL_UART_RxCpltCallback
 .text.HAL_UART_RxHalfCpltCallback
                0x000000000800de5e        0x2 ./Drivers/STM32F7xx_HAL_Driver/Src/stm32f7xx_hal_uart.o
                0x000000000800de5e                HAL_UART_RxHalfCpltCallback
 .text.HAL_UART_ErrorCallback
                0x000000000800de60        0x2 ./Drivers/STM32F7xx_HAL_Driver/Src/stm32f7xx_hal_uart.o
                0x000000000800de60                HAL_UART_ErrorCallback
 .text.HAL_UART_AbortCpltCallback
                0x000000000800de62        0x2 ./Drivers/STM32F7xx_HAL_Driver/Src/stm32f7xx_hal_uart.o
                0x000000000800de62                HAL_UART_AbortCpltCallback
 .text.HAL_UART_AbortTransmitCpltCallback
                0x000000000800de64        0x2 ./Drivers/STM32F7xx_HAL_Driver/Src/stm32f7xx_hal_uart.o
                0x000000000800de64                HAL_UART_AbortTransmitCpltCallback
 *fill*         0x000000000800de66        0x2 
 .text.HAL_UART_IRQHandler
                0x000000000800de68      0x2ac ./Drivers/STM32F7xx_HAL_Driver/Src/stm32f7xx_hal_uart.o
                0x000000000800de68                HAL_UART_IRQHandler
 .text.UART_InitCallbacksToDefault
                0x000000000800e114       0x68 ./Drivers/STM32F7xx_HAL_Driver/Src/stm32f7xx_hal_uart.o
                0x000000000800e114                UART_InitCallbacksToDefault
 .text.UART_SetConfig
                0x000000000800e17c      0x284 ./Drivers/STM32F7xx_HAL_Driver/Src/stm32f7xx_hal_uart.o
                0x000000000800e17c                UART_SetConfig
 .text.UART_AdvFeatureConfig
                0x000000000800e400       0xaa ./Drivers/STM32F7xx_HAL_Driver/Src/stm32f7xx_hal_uart.o
                0x000000000800e400                UART_AdvFeatureConfig
 .text.UART_WaitOnFlagUntilTimeout
                0x000000000800e4aa       0xc0 ./Drivers/STM32F7xx_HAL_Driver/Src/stm32f7xx_hal_uart.o
                0x000000000800e4aa                UART_WaitOnFlagUntilTimeout
 .text.HAL_UART_Transmit
                0x000000000800e56a       0xa0 ./Drivers/STM32F7xx_HAL_Driver/Src/stm32f7xx_hal_uart.o
                0x000000000800e56a                HAL_UART_Transmit
 .text.UART_CheckIdleState
                0x000000000800e60a       0x6a ./Drivers/STM32F7xx_HAL_Driver/Src/stm32f7xx_hal_uart.o
                0x000000000800e60a                UART_CheckIdleState
 .text.HAL_UART_Init
                0x000000000800e674       0x78 ./Drivers/STM32F7xx_HAL_Driver/Src/stm32f7xx_hal_uart.o
                0x000000000800e674                HAL_UART_Init
 .text.UART_Start_Receive_IT
                0x000000000800e6ec       0xbc ./Drivers/STM32F7xx_HAL_Driver/Src/stm32f7xx_hal_uart.o
                0x000000000800e6ec                UART_Start_Receive_IT
 .text.HAL_UARTEx_ReceiveToIdle_IT
                0x000000000800e7a8       0x4a ./Drivers/STM32F7xx_HAL_Driver/Src/stm32f7xx_hal_uart_ex.o
                0x000000000800e7a8                HAL_UARTEx_ReceiveToIdle_IT
 .text.ethernet_link_status_updated
                0x000000000800e7f2        0x2 ./LWIP/App/lwip.o
 .text.MX_LWIP_Init
                0x000000000800e7f4       0xf4 ./LWIP/App/lwip.o
                0x000000000800e7f4                MX_LWIP_Init
 .text.MX_LWIP_Process
                0x000000000800e8e8       0x34 ./LWIP/App/lwip.o
                0x000000000800e8e8                MX_LWIP_Process
 .text.ETH_PHY_IO_DeInit
                0x000000000800e91c        0x4 ./LWIP/Target/ethernetif.o
                0x000000000800e91c                ETH_PHY_IO_DeInit
 .text.low_level_output
                0x000000000800e920       0x60 ./LWIP/Target/ethernetif.o
 .text.pbuf_free_custom
                0x000000000800e980       0x20 ./LWIP/Target/ethernetif.o
                0x000000000800e980                pbuf_free_custom
 .text.ETH_PHY_IO_GetTick
                0x000000000800e9a0        0x4 ./LWIP/Target/ethernetif.o
                0x000000000800e9a0                ETH_PHY_IO_GetTick
 .text.ETH_PHY_IO_Init
                0x000000000800e9a4       0x10 ./LWIP/Target/ethernetif.o
                0x000000000800e9a4                ETH_PHY_IO_Init
 .text.ETH_PHY_IO_ReadReg
                0x000000000800e9b4       0x1c ./LWIP/Target/ethernetif.o
                0x000000000800e9b4                ETH_PHY_IO_ReadReg
 .text.ETH_PHY_IO_WriteReg
                0x000000000800e9d0       0x1c ./LWIP/Target/ethernetif.o
                0x000000000800e9d0                ETH_PHY_IO_WriteReg
 .text.ethernetif_input
                0x000000000800e9ec       0x44 ./LWIP/Target/ethernetif.o
                0x000000000800e9ec                ethernetif_input
 .text.sys_now  0x000000000800ea30        0x4 ./LWIP/Target/ethernetif.o
                0x000000000800ea30                sys_now
 .text.HAL_ETH_MspInit
                0x000000000800ea34      0x11c ./LWIP/Target/ethernetif.o
                0x000000000800ea34                HAL_ETH_MspInit
 .text.ethernet_link_check_state
                0x000000000800eb50       0x8c ./LWIP/Target/ethernetif.o
                0x000000000800eb50                ethernet_link_check_state
 .text.ethernetif_init
                0x000000000800ebdc      0x134 ./LWIP/Target/ethernetif.o
                0x000000000800ebdc                ethernetif_init
 .text.HAL_ETH_RxAllocateCallback
                0x000000000800ed10       0x44 ./LWIP/Target/ethernetif.o
                0x000000000800ed10                HAL_ETH_RxAllocateCallback
 .text.HAL_ETH_RxLinkCallback
                0x000000000800ed54       0x54 ./LWIP/Target/ethernetif.o
                0x000000000800ed54                HAL_ETH_RxLinkCallback
 .text.lwip_htons
                0x000000000800eda8        0x6 ./Middlewares/Third_Party/LwIP/src/core/def.o
                0x000000000800eda8                lwip_htons
 .text.lwip_init
                0x000000000800edae       0x1a ./Middlewares/Third_Party/LwIP/src/core/init.o
                0x000000000800edae                lwip_init
 .text.mem_init
                0x000000000800edc8       0x44 ./Middlewares/Third_Party/LwIP/src/core/mem.o
                0x000000000800edc8                mem_init
 .text.mem_free
                0x000000000800ee0c      0x170 ./Middlewares/Third_Party/LwIP/src/core/mem.o
                0x000000000800ee0c                mem_free
 .text.mem_trim
                0x000000000800ef7c      0x148 ./Middlewares/Third_Party/LwIP/src/core/mem.o
                0x000000000800ef7c                mem_trim
 .text.mem_malloc
                0x000000000800f0c4      0x150 ./Middlewares/Third_Party/LwIP/src/core/mem.o
                0x000000000800f0c4                mem_malloc
 .text.do_memp_free_pool
                0x000000000800f214       0x30 ./Middlewares/Third_Party/LwIP/src/core/memp.o
 .text.do_memp_malloc_pool.isra.0
                0x000000000800f244       0x2c ./Middlewares/Third_Party/LwIP/src/core/memp.o
 .text.memp_init_pool
                0x000000000800f270       0x26 ./Middlewares/Third_Party/LwIP/src/core/memp.o
                0x000000000800f270                memp_init_pool
 *fill*         0x000000000800f296        0x2 
 .text.memp_init
                0x000000000800f298       0x44 ./Middlewares/Third_Party/LwIP/src/core/memp.o
                0x000000000800f298                memp_init
 .text.memp_malloc_pool
                0x000000000800f2dc       0x30 ./Middlewares/Third_Party/LwIP/src/core/memp.o
                0x000000000800f2dc                memp_malloc_pool
 .text.memp_malloc
                0x000000000800f30c       0x38 ./Middlewares/Third_Party/LwIP/src/core/memp.o
                0x000000000800f30c                memp_malloc
 .text.memp_free_pool
                0x000000000800f344       0x28 ./Middlewares/Third_Party/LwIP/src/core/memp.o
                0x000000000800f344                memp_free_pool
 .text.memp_free
                0x000000000800f36c       0x30 ./Middlewares/Third_Party/LwIP/src/core/memp.o
                0x000000000800f36c                memp_free
 .text.netif_null_output_ip4
                0x000000000800f39c        0x6 ./Middlewares/Third_Party/LwIP/src/core/netif.o
 *fill*         0x000000000800f3a2        0x2 
 .text.netif_loopif_init
                0x000000000800f3a4       0x30 ./Middlewares/Third_Party/LwIP/src/core/netif.o
 .text.netif_issue_reports
                0x000000000800f3d4       0x44 ./Middlewares/Third_Party/LwIP/src/core/netif.o
 .text.netif_do_set_ipaddr.isra.0
                0x000000000800f418       0x48 ./Middlewares/Third_Party/LwIP/src/core/netif.o
 .text.netif_set_addr
                0x000000000800f460       0x58 ./Middlewares/Third_Party/LwIP/src/core/netif.o
                0x000000000800f460                netif_set_addr
 .text.netif_add
                0x000000000800f4b8      0x130 ./Middlewares/Third_Party/LwIP/src/core/netif.o
                0x000000000800f4b8                netif_add
 .text.netif_set_default
                0x000000000800f5e8        0xc ./Middlewares/Third_Party/LwIP/src/core/netif.o
                0x000000000800f5e8                netif_set_default
 .text.netif_set_up
                0x000000000800f5f4       0x34 ./Middlewares/Third_Party/LwIP/src/core/netif.o
                0x000000000800f5f4                netif_set_up
 .text.netif_set_down
                0x000000000800f628       0x38 ./Middlewares/Third_Party/LwIP/src/core/netif.o
                0x000000000800f628                netif_set_down
 .text.netif_set_link_up
                0x000000000800f660       0x48 ./Middlewares/Third_Party/LwIP/src/core/netif.o
                0x000000000800f660                netif_set_link_up
 .text.netif_init
                0x000000000800f6a8       0x48 ./Middlewares/Third_Party/LwIP/src/core/netif.o
                0x000000000800f6a8                netif_init
 .text.netif_set_link_down
                0x000000000800f6f0       0x34 ./Middlewares/Third_Party/LwIP/src/core/netif.o
                0x000000000800f6f0                netif_set_link_down
 .text.netif_set_link_callback
                0x000000000800f724        0x6 ./Middlewares/Third_Party/LwIP/src/core/netif.o
                0x000000000800f724                netif_set_link_callback
 *fill*         0x000000000800f72a        0x2 
 .text.netif_loop_output
                0x000000000800f72c       0x90 ./Middlewares/Third_Party/LwIP/src/core/netif.o
                0x000000000800f72c                netif_loop_output
 .text.netif_loop_output_ipv4
                0x000000000800f7bc        0x4 ./Middlewares/Third_Party/LwIP/src/core/netif.o
 .text.netif_get_by_index
                0x000000000800f7c0       0x24 ./Middlewares/Third_Party/LwIP/src/core/netif.o
                0x000000000800f7c0                netif_get_by_index
 .text.pbuf_add_header_impl
                0x000000000800f7e4       0x64 ./Middlewares/Third_Party/LwIP/src/core/pbuf.o
 .text.pbuf_alloc_reference
                0x000000000800f848       0x48 ./Middlewares/Third_Party/LwIP/src/core/pbuf.o
                0x000000000800f848                pbuf_alloc_reference
 .text.pbuf_alloced_custom
                0x000000000800f890       0x34 ./Middlewares/Third_Party/LwIP/src/core/pbuf.o
                0x000000000800f890                pbuf_alloced_custom
 .text.pbuf_add_header
                0x000000000800f8c4        0x6 ./Middlewares/Third_Party/LwIP/src/core/pbuf.o
                0x000000000800f8c4                pbuf_add_header
 *fill*         0x000000000800f8ca        0x2 
 .text.pbuf_remove_header
                0x000000000800f8cc       0x58 ./Middlewares/Third_Party/LwIP/src/core/pbuf.o
                0x000000000800f8cc                pbuf_remove_header
 .text.pbuf_header_force
                0x000000000800f924       0x10 ./Middlewares/Third_Party/LwIP/src/core/pbuf.o
                0x000000000800f924                pbuf_header_force
 .text.pbuf_free
                0x000000000800f934       0xc8 ./Middlewares/Third_Party/LwIP/src/core/pbuf.o
                0x000000000800f934                pbuf_free
 .text.pbuf_alloc
                0x000000000800f9fc       0xf4 ./Middlewares/Third_Party/LwIP/src/core/pbuf.o
                0x000000000800f9fc                pbuf_alloc
 .text.pbuf_realloc
                0x000000000800faf0       0xb0 ./Middlewares/Third_Party/LwIP/src/core/pbuf.o
                0x000000000800faf0                pbuf_realloc
 .text.pbuf_clen
                0x000000000800fba0       0x10 ./Middlewares/Third_Party/LwIP/src/core/pbuf.o
                0x000000000800fba0                pbuf_clen
 .text.pbuf_ref
                0x000000000800fbb0       0x28 ./Middlewares/Third_Party/LwIP/src/core/pbuf.o
                0x000000000800fbb0                pbuf_ref
 .text.pbuf_cat
                0x000000000800fbd8       0x74 ./Middlewares/Third_Party/LwIP/src/core/pbuf.o
                0x000000000800fbd8                pbuf_cat
 .text.pbuf_chain
                0x000000000800fc4c       0x12 ./Middlewares/Third_Party/LwIP/src/core/pbuf.o
                0x000000000800fc4c                pbuf_chain
 *fill*         0x000000000800fc5e        0x2 
 .text.pbuf_copy
                0x000000000800fc60      0x104 ./Middlewares/Third_Party/LwIP/src/core/pbuf.o
                0x000000000800fc60                pbuf_copy
 .text.pbuf_take
                0x000000000800fd64       0xbc ./Middlewares/Third_Party/LwIP/src/core/pbuf.o
                0x000000000800fd64                pbuf_take
 .text.pbuf_clone
                0x000000000800fe20       0x38 ./Middlewares/Third_Party/LwIP/src/core/pbuf.o
                0x000000000800fe20                pbuf_clone
 .text.sys_timeout_abs
                0x000000000800fe58       0x64 ./Middlewares/Third_Party/LwIP/src/core/timeouts.o
 .text.lwip_cyclic_timer
                0x000000000800febc       0x34 ./Middlewares/Third_Party/LwIP/src/core/timeouts.o
 .text.sys_timeout
                0x000000000800fef0       0x3c ./Middlewares/Third_Party/LwIP/src/core/timeouts.o
                0x000000000800fef0                sys_timeout
 .text.sys_timeouts_init
                0x000000000800ff2c       0x2c ./Middlewares/Third_Party/LwIP/src/core/timeouts.o
                0x000000000800ff2c                sys_timeouts_init
 .text.sys_check_timeouts
                0x000000000800ff58       0x44 ./Middlewares/Third_Party/LwIP/src/core/timeouts.o
                0x000000000800ff58                sys_check_timeouts
 .text.udp_init
                0x000000000800ff9c       0x18 ./Middlewares/Third_Party/LwIP/src/core/udp.o
                0x000000000800ff9c                udp_init
 .text.udp_input
                0x000000000800ffb4      0x1b0 ./Middlewares/Third_Party/LwIP/src/core/udp.o
                0x000000000800ffb4                udp_input
 .text.udp_bind
                0x0000000008010164       0xcc ./Middlewares/Third_Party/LwIP/src/core/udp.o
                0x0000000008010164                udp_bind
 .text.udp_sendto_if_src
                0x0000000008010230      0x130 ./Middlewares/Third_Party/LwIP/src/core/udp.o
                0x0000000008010230                udp_sendto_if_src
 .text.udp_sendto_if
                0x0000000008010360       0x80 ./Middlewares/Third_Party/LwIP/src/core/udp.o
                0x0000000008010360                udp_sendto_if
 .text.udp_sendto
                0x00000000080103e0       0x78 ./Middlewares/Third_Party/LwIP/src/core/udp.o
                0x00000000080103e0                udp_sendto
 .text.udp_recv
                0x0000000008010458       0x24 ./Middlewares/Third_Party/LwIP/src/core/udp.o
                0x0000000008010458                udp_recv
 .text.udp_remove
                0x000000000801047c       0x4c ./Middlewares/Third_Party/LwIP/src/core/udp.o
                0x000000000801047c                udp_remove
 .text.udp_new  0x00000000080104c8       0x1c ./Middlewares/Third_Party/LwIP/src/core/udp.o
                0x00000000080104c8                udp_new
 .text.udp_netif_ip_addr_changed
                0x00000000080104e4       0x2c ./Middlewares/Third_Party/LwIP/src/core/udp.o
                0x00000000080104e4                udp_netif_ip_addr_changed
 .text.etharp_free_entry
                0x0000000008010510       0x28 ./Middlewares/Third_Party/LwIP/src/core/ipv4/etharp.o
 .text.etharp_find_entry
                0x0000000008010538      0x11c ./Middlewares/Third_Party/LwIP/src/core/ipv4/etharp.o
 .text.etharp_raw
                0x0000000008010654       0xdc ./Middlewares/Third_Party/LwIP/src/core/ipv4/etharp.o
 .text.etharp_cleanup_netif
                0x0000000008010730       0x28 ./Middlewares/Third_Party/LwIP/src/core/ipv4/etharp.o
                0x0000000008010730                etharp_cleanup_netif
 .text.etharp_input
                0x0000000008010758      0x14c ./Middlewares/Third_Party/LwIP/src/core/ipv4/etharp.o
                0x0000000008010758                etharp_input
 .text.etharp_request
                0x00000000080108a4       0x2c ./Middlewares/Third_Party/LwIP/src/core/ipv4/etharp.o
                0x00000000080108a4                etharp_request
 .text.etharp_tmr
                0x00000000080108d0       0x54 ./Middlewares/Third_Party/LwIP/src/core/ipv4/etharp.o
                0x00000000080108d0                etharp_tmr
 .text.etharp_output_to_arp_index
                0x0000000008010924       0xac ./Middlewares/Third_Party/LwIP/src/core/ipv4/etharp.o
 .text.etharp_query
                0x00000000080109d0      0x130 ./Middlewares/Third_Party/LwIP/src/core/ipv4/etharp.o
                0x00000000080109d0                etharp_query
 .text.etharp_output
                0x0000000008010b00      0x140 ./Middlewares/Third_Party/LwIP/src/core/ipv4/etharp.o
                0x0000000008010b00                etharp_output
 .text.icmp_send_response
                0x0000000008010c40       0x90 ./Middlewares/Third_Party/LwIP/src/core/ipv4/icmp.o
 .text.icmp_input
                0x0000000008010cd0      0x12c ./Middlewares/Third_Party/LwIP/src/core/ipv4/icmp.o
                0x0000000008010cd0                icmp_input
 .text.icmp_dest_unreach
                0x0000000008010dfc        0x8 ./Middlewares/Third_Party/LwIP/src/core/ipv4/icmp.o
                0x0000000008010dfc                icmp_dest_unreach
 .text.icmp_time_exceeded
                0x0000000008010e04        0x8 ./Middlewares/Third_Party/LwIP/src/core/ipv4/icmp.o
                0x0000000008010e04                icmp_time_exceeded
 .text.ip4_input_accept
                0x0000000008010e0c       0x34 ./Middlewares/Third_Party/LwIP/src/core/ipv4/ip4.o
 .text.ip4_route
                0x0000000008010e40       0x5c ./Middlewares/Third_Party/LwIP/src/core/ipv4/ip4.o
                0x0000000008010e40                ip4_route
 .text.ip4_input
                0x0000000008010e9c      0x15c ./Middlewares/Third_Party/LwIP/src/core/ipv4/ip4.o
                0x0000000008010e9c                ip4_input
 .text.ip4_output_if_src
                0x0000000008010ff8      0x10c ./Middlewares/Third_Party/LwIP/src/core/ipv4/ip4.o
                0x0000000008010ff8                ip4_output_if_src
 .text.ip4_output_if
                0x0000000008011104       0x22 ./Middlewares/Third_Party/LwIP/src/core/ipv4/ip4.o
                0x0000000008011104                ip4_output_if
 .text.ip4_addr_isbroadcast_u32
                0x0000000008011126       0x36 ./Middlewares/Third_Party/LwIP/src/core/ipv4/ip4_addr.o
                0x0000000008011126                ip4_addr_isbroadcast_u32
 .text.ip4addr_ntoa_r
                0x000000000801115c       0x92 ./Middlewares/Third_Party/LwIP/src/core/ipv4/ip4_addr.o
                0x000000000801115c                ip4addr_ntoa_r
 *fill*         0x00000000080111ee        0x2 
 .text.ip4addr_ntoa
                0x00000000080111f0        0xc ./Middlewares/Third_Party/LwIP/src/core/ipv4/ip4_addr.o
                0x00000000080111f0                ip4addr_ntoa
 .text.ip_reass_dequeue_datagram
                0x00000000080111fc       0x44 ./Middlewares/Third_Party/LwIP/src/core/ipv4/ip4_frag.o
 .text.ip_reass_free_complete_datagram
                0x0000000008011240       0xe8 ./Middlewares/Third_Party/LwIP/src/core/ipv4/ip4_frag.o
 .text.ip_reass_remove_oldest_datagram
                0x0000000008011328       0x78 ./Middlewares/Third_Party/LwIP/src/core/ipv4/ip4_frag.o
 .text.ip_frag_free_pbuf_custom_ref
                0x00000000080113a0       0x2c ./Middlewares/Third_Party/LwIP/src/core/ipv4/ip4_frag.o
 .text.ipfrag_free_pbuf_custom
                0x00000000080113cc       0x34 ./Middlewares/Third_Party/LwIP/src/core/ipv4/ip4_frag.o
 .text.ip_reass_tmr
                0x0000000008011400       0x2c ./Middlewares/Third_Party/LwIP/src/core/ipv4/ip4_frag.o
                0x0000000008011400                ip_reass_tmr
 .text.ip4_reass
                0x000000000801142c      0x3b4 ./Middlewares/Third_Party/LwIP/src/core/ipv4/ip4_frag.o
                0x000000000801142c                ip4_reass
 .text.ip4_frag
                0x00000000080117e0      0x1d8 ./Middlewares/Third_Party/LwIP/src/core/ipv4/ip4_frag.o
                0x00000000080117e0                ip4_frag
 .text.ethernet_input
                0x00000000080119b8       0xa0 ./Middlewares/Third_Party/LwIP/src/netif/ethernet.o
                0x00000000080119b8                ethernet_input
 .text.ethernet_output
                0x0000000008011a58       0x70 ./Middlewares/Third_Party/LwIP/src/netif/ethernet.o
                0x0000000008011a58                ethernet_output
 .text.__libc_init_array
                0x0000000008011ac8       0x48 f:/programs/stm32cubeide_1.10.1/stm32cubeide/plugins/com.st.stm32cube.ide.mcu.externaltools.gnu-tools-for-stm32.10.3-2021.10.win32_1.0.0.202111181127/tools/bin/../lib/gcc/arm-none-eabi/10.3.1/../../../../arm-none-eabi/lib/thumb/v7e-m+dp/hard\libc_nano.a(lib_a-init.o)
                0x0000000008011ac8                __libc_init_array
 .text.memcmp   0x0000000008011b10       0x20 f:/programs/stm32cubeide_1.10.1/stm32cubeide/plugins/com.st.stm32cube.ide.mcu.externaltools.gnu-tools-for-stm32.10.3-2021.10.win32_1.0.0.202111181127/tools/bin/../lib/gcc/arm-none-eabi/10.3.1/../../../../arm-none-eabi/lib/thumb/v7e-m+dp/hard\libc_nano.a(lib_a-memcmp.o)
                0x0000000008011b10                memcmp
 .text.memcpy   0x0000000008011b30       0x1c f:/programs/stm32cubeide_1.10.1/stm32cubeide/plugins/com.st.stm32cube.ide.mcu.externaltools.gnu-tools-for-stm32.10.3-2021.10.win32_1.0.0.202111181127/tools/bin/../lib/gcc/arm-none-eabi/10.3.1/../../../../arm-none-eabi/lib/thumb/v7e-m+dp/hard\libc_nano.a(lib_a-memcpy-stub.o)
                0x0000000008011b30                memcpy
 .text.memmove  0x0000000008011b4c       0x34 f:/programs/stm32cubeide_1.10.1/stm32cubeide/plugins/com.st.stm32cube.ide.mcu.externaltools.gnu-tools-for-stm32.10.3-2021.10.win32_1.0.0.202111181127/tools/bin/../lib/gcc/arm-none-eabi/10.3.1/../../../../arm-none-eabi/lib/thumb/v7e-m+dp/hard\libc_nano.a(lib_a-memmove.o)
                0x0000000008011b4c                memmove
 .text.memset   0x0000000008011b80       0x10 f:/programs/stm32cubeide_1.10.1/stm32cubeide/plugins/com.st.stm32cube.ide.mcu.externaltools.gnu-tools-for-stm32.10.3-2021.10.win32_1.0.0.202111181127/tools/bin/../lib/gcc/arm-none-eabi/10.3.1/../../../../arm-none-eabi/lib/thumb/v7e-m+dp/hard\libc_nano.a(lib_a-memset.o)
                0x0000000008011b80                memset
 .text.printf   0x0000000008011b90       0x30 f:/programs/stm32cubeide_1.10.1/stm32cubeide/plugins/com.st.stm32cube.ide.mcu.externaltools.gnu-tools-for-stm32.10.3-2021.10.win32_1.0.0.202111181127/tools/bin/../lib/gcc/arm-none-eabi/10.3.1/../../../../arm-none-eabi/lib/thumb/v7e-m+dp/hard\libc_nano.a(lib_a-printf.o)
                0x0000000008011b90                iprintf
                0x0000000008011b90                printf
 .text.putchar  0x0000000008011bc0       0x2c f:/programs/stm32cubeide_1.10.1/stm32cubeide/plugins/com.st.stm32cube.ide.mcu.externaltools.gnu-tools-for-stm32.10.3-2021.10.win32_1.0.0.202111181127/tools/bin/../lib/gcc/arm-none-eabi/10.3.1/../../../../arm-none-eabi/lib/thumb/v7e-m+dp/hard\libc_nano.a(lib_a-putchar.o)
                0x0000000008011bc0                putchar
 .text._puts_r  0x0000000008011bec       0xdc f:/programs/stm32cubeide_1.10.1/stm32cubeide/plugins/com.st.stm32cube.ide.mcu.externaltools.gnu-tools-for-stm32.10.3-2021.10.win32_1.0.0.202111181127/tools/bin/../lib/gcc/arm-none-eabi/10.3.1/../../../../arm-none-eabi/lib/thumb/v7e-m+dp/hard\libc_nano.a(lib_a-puts.o)
                0x0000000008011bec                _puts_r
 .text.puts     0x0000000008011cc8       0x10 f:/programs/stm32cubeide_1.10.1/stm32cubeide/plugins/com.st.stm32cube.ide.mcu.externaltools.gnu-tools-for-stm32.10.3-2021.10.win32_1.0.0.202111181127/tools/bin/../lib/gcc/arm-none-eabi/10.3.1/../../../../arm-none-eabi/lib/thumb/v7e-m+dp/hard\libc_nano.a(lib_a-puts.o)
                0x0000000008011cc8                puts
 .text.rand     0x0000000008011cd8       0x7c f:/programs/stm32cubeide_1.10.1/stm32cubeide/plugins/com.st.stm32cube.ide.mcu.externaltools.gnu-tools-for-stm32.10.3-2021.10.win32_1.0.0.202111181127/tools/bin/../lib/gcc/arm-none-eabi/10.3.1/../../../../arm-none-eabi/lib/thumb/v7e-m+dp/hard\libc_nano.a(lib_a-rand.o)